     1                                  ; Dreams XGA v2 development baseline - IBM PS/2 MCA XGA-1.
     2                                  ; Functionally identical to the verified v1 binaries until v2 changes begin.
     3                                  ; Build: python prepare_dreams.py, then NASM with PAN_STYLE 1/0/2.
     4                                  ; TEST_MODE=1/2 retain the original gradient and small BitBLT diagnostics.
     5                                  ; Register/mode sources: XGAKIT.ASM, MINI/XGA.INC, NT xgaregs.h/xga.h.
     6                                  
     7                                  cpu 386
     8                                  bits 16
     9                                  org 0x100
    10                                  
    11                                  %ifndef TEST_MODE
    12                                  %define TEST_MODE 3
    13                                  %endif
    14                                  %ifndef PAN_STYLE
    15                                  %define PAN_STYLE 1                 ; 1 = scanout, 0 = BitBLT, 2 = CPU copy
    16                                  %endif
    17                                  
    18                                  SCREEN_W equ 640
    19                                  SCREEN_H equ 480
    20                                  SOURCE_W equ 960
    21                                  SOURCE_H equ 640
    22                                  SOURCE_BASE equ SCREEN_W * SCREEN_H       ; 0x4b000
    23                                  SOURCE_PAGES equ SOURCE_W * SOURCE_H / 4096
    24                                  PAN_MAX_X equ SOURCE_W - SCREEN_W
    25                                  PAN_MAX_Y equ SOURCE_H - SCREEN_H
    26                                  BLT_OP equ 0xA8218000                    ; source map B -> dest A, SRC_COPY
    27                                  %if TEST_MODE = 3
    28                                  %include "dreams_asset.inc"
     1                              <1> ; Generated from Dreams.bmp by prepare_dreams.py
     2                              <1> IMAGE_CRC equ 0x7bcec598
     3                              <1> PROGRESS_COLOR equ 74
     4                              <1> IMAGE_FIRST equ 0
     5                              <1> IMAGE_MIDDLE equ 14
     6                              <1> IMAGE_LAST equ 0
    29                                  PROGRESS_BASE equ 236 * SCREEN_W + 168 - 2 * 65536
    30                                  %else
    31                                  PROGRESS_COLOR equ 255
    32                                  %endif
    33                                  
    34                                  start:
    35 00000000 0E                          push cs
    36 00000001 1F                          pop ds
    37 00000002 B40F                        mov ah, 0x0f
    38 00000004 CD10                        int 0x10
    39 00000006 A2[8109]                    mov [old_mode], al
    40 00000009 BA[1493]                    mov dx, log_boot_name
    41 0000000C E87901                      call touch_file
    42 0000000F BA[5092]                    mov dx, msg_start
    43 00000012 E86E01                      call puts
    44 00000015 E87F01                      call detect_xga
    45 00000018 0F825601                    jc .no_xga
    46 0000001C BA[2093]                    mov dx, log_detect_name
    47 0000001F E86601                      call touch_file
    48 00000022 66833E[8E09]00              cmp dword [aperture], 0
    49 00000028 0F843B01                    je .no_aperture
    50 0000002C E86602                      call set_xga_mode
    51 0000002F C606[8209]01                mov byte [mode_active], 1
    52 00000034 BA[2B93]                    mov dx, log_mode_name
    53 00000037 E84E01                      call touch_file
    54                                  %if TEST_MODE != 1 && TEST_MODE != 3
    55                                      call probe_vram
    56                                      jc .no_vram
    57                                  %endif
    58 0000003A E85B04                      call set_palette
    59                                  %if TEST_MODE = 1
    60                                      call fill_screen
    61                                      jmp .wait_key
    62                                  %else
    63                                  %if TEST_MODE = 3
    64 0000003D E86B03                      call check_image_cache
    65 00000040 731B                        jnc .image_ready
    66 00000042 E87A02                      call probe_vram
    67 00000045 0F820801                    jc .no_vram
    68 00000049 E8CA03                      call progress_init
    69 0000004C E8AB02                      call open_image
    70 0000004F 0F820C01                    jc .image_error
    71 00000053 E8CB02                      call load_image
    72 00000056 0F820501                    jc .image_error
    73 0000005A E89903                      call mark_image_cache
    74                                  .image_ready:
    75                                  %else
    76                                      call fill_source
    77                                  %endif
    78 0000005D E82705                      call setup_maps
    79                                  %if TEST_MODE = 2
    80                                      mov word [es:0x60], 127
    81                                      mov word [es:0x62], 127
    82                                      mov word [es:0x70], 80
    83                                      mov word [es:0x72], 80
    84                                      mov word [es:0x78], 256
    85                                      mov word [es:0x7a], 176
    86                                      mov dword [es:0x7c], BLT_OP
    87                                      call wait_cp
    88                                      jc .cp_timeout
    89                                      jmp .wait_key
    90                                  %else
    91 00000060 26C70660007F02              mov word [es:0x60], SCREEN_W-1
    92 00000067 26C7066200DF01              mov word [es:0x62], SCREEN_H-1
    93                                  %if PAN_STYLE = 2
    94                                      call cpu_blit
    95                                  %else
    96 0000006E E83A08                      call full_blit
    97 00000071 0F82CE00                    jc .cp_timeout
    98 00000075 E86208                      call log_first_blit
    99                                  %endif
   100                                  %if PAN_STYLE = 1
   101                                      call configure_scanout
   102                                  %endif
   103 00000078 E88605                      call setup_sprite_hud
   104                                  .frame:
   105                                  %if PAN_STYLE = 0
   106 0000007B E87D08                      call wait_cp
   107 0000007E 0F82C100                    jc .cp_timeout
   108 00000082 803E[A209]00                cmp byte [vsync_enabled], 0
   109 00000087 7413                        je .copy_now
   110 00000089 E82E06                      call wait_vsync
   111 0000008C 730E                        jnc .copy_now
   112 0000008E C606[A209]00                mov byte [vsync_enabled], 0    ; status bit did not toggle
   113 00000093 C706[A309]FFFF              mov word [hud_last_fps], 0xffff
   114 00000099 E8C905                      call update_sprite_hud
   115                                  .copy_now:
   116 0000009C A1[9A09]                    mov ax, [pan_x]
   117 0000009F 26A37000                    mov [es:0x70], ax
   118 000000A3 A1[9C09]                    mov ax, [pan_y]
   119 000000A6 26A37200                    mov [es:0x72], ax
   120 000000AA 26C70678000000              mov word [es:0x78], 0
   121 000000B1 26C7067A000000              mov word [es:0x7a], 0
   122 000000B8 2666C7067C00008021-         mov dword [es:0x7c], BLT_OP
   122 000000C1 A8                 
   123 000000C2 E83608                      call wait_cp
   124 000000C5 727C                        jc .cp_timeout
   125 000000C7 E81406                      call update_fps
   126 000000CA E89805                      call update_sprite_hud
   127                                  %elif PAN_STYLE = 2
   128                                      call cpu_blit
   129                                      call update_fps
   130                                      call update_sprite_hud
   131                                  %else
   132                                      call set_view
   133                                      call update_fps
   134                                      call update_sprite_hud
   135                                      call refresh_source_pages
   136                                  %endif
   137 000000CD B401                        mov ah, 1
   138 000000CF CD16                        int 0x16
   139 000000D1 742F                        jz .animate
   140 000000D3 30E4                        xor ah, ah
   141 000000D5 CD16                        int 0x16
   142 000000D7 3C1B                        cmp al, 27
   143 000000D9 7460                        je .wait_key
   144                                  %if PAN_STYLE = 0
   145 000000DB 3C73                        cmp al, 's'
   146 000000DD 7404                        je .toggle_sync
   147 000000DF 3C53                        cmp al, 'S'
   148 000000E1 751F                        jne .animate
   149                                  .toggle_sync:
   150 000000E3 8036[A209]01                xor byte [vsync_enabled], 1
   151 000000E8 C606[A509]00                mov byte [fps_started], 0
   152 000000ED C706[AE09]0000              mov word [hud_frames], 0
   153 000000F3 C706[B009]0000              mov word [hud_fps10], 0
   154 000000F9 C706[A309]FFFF              mov word [hud_last_fps], 0xffff
   155 000000FF E86305                      call update_sprite_hud
   156                                  %endif
   157                                  .animate:
   158 00000102 A1[9A09]                    mov ax, [pan_x]
   159 00000105 0306[9E09]                  add ax, [step_x]
   160 00000109 3D4001                      cmp ax, PAN_MAX_X
   161 0000010C 760C                        jbe .x_ok
   162 0000010E F71E[9E09]                  neg word [step_x]
   163 00000112 0306[9E09]                  add ax, [step_x]
   164 00000116 0306[9E09]                  add ax, [step_x]
   165                                  .x_ok:
   166 0000011A A3[9A09]                    mov [pan_x], ax
   167 0000011D A1[9C09]                    mov ax, [pan_y]
   168 00000120 0306[A009]                  add ax, [step_y]
   169 00000124 3DA000                      cmp ax, PAN_MAX_Y
   170 00000127 760C                        jbe .y_ok
   171 00000129 F71E[A009]                  neg word [step_y]
   172 0000012D 0306[A009]                  add ax, [step_y]
   173 00000131 0306[A009]                  add ax, [step_y]
   174                                  .y_ok:
   175 00000135 A3[9C09]                    mov [pan_y], ax
   176 00000138 E940FF                      jmp .frame
   177                                  %endif
   178                                  %endif
   179                                  .wait_key:
   180                                  %if TEST_MODE != 3
   181                                      xor ah, ah
   182                                      int 0x16
   183                                      cmp al, 27
   184                                      jne .wait_key
   185                                  %endif
   186 0000013B E8EC07                      call restore_mode
   187 0000013E B8004C                      mov ax, 0x4c00
   188 00000141 CD21                        int 0x21
   189                                  .cp_timeout:
   190 00000143 E8E407                      call restore_mode
   191 00000146 BA[5793]                    mov dx, log_cp_error
   192 00000149 E83C00                      call touch_file
   193 0000014C BA[EF92]                    mov dx, msg_cp_timeout
   194 0000014F EB2A                        jmp .error
   195                                  .no_vram:
   196 00000151 E8D607                      call restore_mode
   197 00000154 BA[4C93]                    mov dx, log_vram_error
   198 00000157 E82E00                      call touch_file
   199 0000015A BA[AB92]                    mov dx, msg_no_vram
   200 0000015D EB1C                        jmp .error
   201                                  .image_error:
   202 0000015F E8C807                      call restore_mode
   203 00000162 BA[CB92]                    mov dx, msg_image_error
   204 00000165 EB14                        jmp .error
   205                                  .no_aperture:
   206 00000167 BA[4193]                    mov dx, log_ap_error
   207 0000016A E81B00                      call touch_file
   208 0000016D BA[8492]                    mov dx, msg_no_aperture
   209 00000170 EB09                        jmp .error
   210                                  .no_xga:
   211 00000172 BA[3793]                    mov dx, log_xga_error
   212 00000175 E81000                      call touch_file
   213 00000178 BA[6492]                    mov dx, msg_no_xga
   214                                  .error:
   215 0000017B E80500                      call puts
   216 0000017E B8014C                      mov ax, 0x4c01
   217 00000181 CD21                        int 0x21
   218                                  
   219                                  puts:
   220 00000183 B409                        mov ah, 9
   221 00000185 CD21                        int 0x21
   222 00000187 C3                          ret
   223                                  
   224                                  touch_file:
   225 00000188 B43C                        mov ah, 0x3c
   226 0000018A 31C9                        xor cx, cx
   227 0000018C CD21                        int 0x21
   228 0000018E 7206                        jc .done
   229 00000190 89C3                        mov bx, ax
   230 00000192 B43E                        mov ah, 0x3e
   231 00000194 CD21                        int 0x21
   232                                  .done:
   233 00000196 C3                          ret
   234                                  
   235                                  ; BIOS MCA POS enumeration; slot 0 is motherboard, 1..8 are expansion slots.
   236                                  detect_xga:
   237 00000197 B800C4                      mov ax, 0xc400
   238 0000019A CD15                        int 0x15
   239 0000019C 7263                        jc .fail
   240 0000019E 8916[8309]                  mov [pos_base], dx
   241 000001A2 31C9                        xor cx, cx
   242                                  .slot:
   243 000001A4 51                          push cx
   244 000001A5 FA                          cli
   245 000001A6 09C9                        or cx, cx
   246 000001A8 7506                        jnz .select_slot
   247 000001AA B0DF                        mov al, 0xdf
   248 000001AC E694                        out 0x94, al
   249 000001AE EB09                        jmp .read_pos
   250                                  .select_slot:
   251 000001B0 89CB                        mov bx, cx
   252 000001B2 B801C4                      mov ax, 0xc401
   253 000001B5 CD15                        int 0x15
   254 000001B7 721D                        jc .deselect
   255                                  .read_pos:
   256 000001B9 8B16[8309]                  mov dx, [pos_base]
   257 000001BD ED                          in ax, dx
   258 000001BE A3[8509]                    mov [card_id], ax
   259 000001C1 83C202                      add dx, 2                      ; POS byte 1
   260 000001C4 EC                          in al, dx
   261 000001C5 A2[8709]                    mov [pos1], al
   262 000001C8 83C202                      add dx, 2                      ; POS byte 3 is at base + 4
   263 000001CB EC                          in al, dx
   264 000001CC A2[8809]                    mov [pos3], al
   265 000001CF 42                          inc dx                         ; POS byte 4 is at base + 5
   266 000001D0 EC                          in al, dx
   267 000001D1 240F                        and al, 0x0f
   268 000001D3 A2[8909]                    mov [pos4], al
   269                                  .deselect:
   270 000001D6 59                          pop cx
   271 000001D7 09C9                        or cx, cx
   272 000001D9 7506                        jnz .normal_slot
   273 000001DB B0FF                        mov al, 0xff
   274 000001DD E694                        out 0x94, al
   275 000001DF EB09                        jmp .compare
   276                                  .normal_slot:
   277 000001E1 51                          push cx
   278 000001E2 89CB                        mov bx, cx
   279 000001E4 B802C4                      mov ax, 0xc402
   280 000001E7 CD15                        int 0x15
   281 000001E9 59                          pop cx
   282                                  .compare:
   283 000001EA FB                          sti
   284 000001EB 813E[8509]DB8F              cmp word [card_id], 0x8fdb
   285 000001F1 7410                        je .found
   286 000001F3 813E[8509]DA8F              cmp word [card_id], 0x8fda
   287 000001F9 7408                        je .found
   288 000001FB 41                          inc cx
   289 000001FC 83F909                      cmp cx, 9
   290 000001FF 76A3                        jbe .slot
   291                                  .fail:
   292 00000201 F9                          stc
   293 00000202 C3                          ret
   294                                  .found:
   295                                      ; io = 0x2100 + ((POS1 & 0x0e) << 3)
   296 00000203 31C0                        xor ax, ax
   297 00000205 A0[8709]                    mov al, [pos1]
   298 00000208 240E                        and al, 0x0e
   299 0000020A C1E003                      shl ax, 3
   300 0000020D 050021                      add ax, 0x2100
   301 00000210 A3[8A09]                    mov [io_base], ax
   302                                      ; ROM = 0xc0000 + ((POS1 >> 4) * 0x2000).
   303                                      ; CP MMIO = ROM + 0x1c00 + (((POS1 & 0x0e)>>1) * 0x80).
   304 00000213 6631C0                      xor eax, eax
   305 00000216 A0[8709]                    mov al, [pos1]
   306 00000219 C0E804                      shr al, 4
   307 0000021C 66C1E00D                    shl eax, 13
   308 00000220 6605001C0C00                add eax, 0xc1c00
   309 00000226 6631DB                      xor ebx, ebx
   310 00000229 8A1E[8709]                  mov bl, [pos1]
   311 0000022D 80E30E                      and bl, 0x0e
   312 00000230 66C1E306                    shl ebx, 6
   313 00000234 6601D8                      add eax, ebx
   314 00000237 66C1E804                    shr eax, 4
   315 0000023B A3[8C09]                    mov [cp_seg], ax
   316                                      ; 1 MB aperture physical address from POS4. Fall back to the 4 MB
   317                                      ; aperture from POS3 when the 1 MB aperture is disabled.
   318 0000023E 6631C0                      xor eax, eax
   319 00000241 A0[8909]                    mov al, [pos4]
   320 00000244 66C1E014                    shl eax, 20
   321 00000248 6609C0                      or eax, eax
   322 0000024B 7521                        jnz .ap_ready
   323 0000024D F606[8809]01                test byte [pos3], 1
   324 00000252 741A                        jz .ap_ready
   325 00000254 A0[8809]                    mov al, [pos3]
   326 00000257 24FE                        and al, 0xfe
   327 00000259 66C1E018                    shl eax, 24
   328 0000025D 6631DB                      xor ebx, ebx
   329 00000260 8A1E[8709]                  mov bl, [pos1]
   330 00000264 80E30E                      and bl, 0x0e
   331 00000267 66C1E315                    shl ebx, 21
   332 0000026B 6601D8                      add eax, ebx
   333                                  .ap_ready:
   334 0000026E 66A3[8E09]                  mov [aperture], eax
   335                                      ; 86Box's XGA coprocessor resolves VRAM pixel maps against the 4 MB
   336                                      ; aperture base, even when the CPU is using the banked 64 KB window.
   337                                      ; This is the address decoded from POS3 plus the XGA instance number.
   338 00000272 6631C0                      xor eax, eax
   339 00000275 A0[8809]                    mov al, [pos3]
   340 00000278 24FE                        and al, 0xfe
   341 0000027A 66C1E018                    shl eax, 24
   342 0000027E 6631DB                      xor ebx, ebx
   343 00000281 8A1E[8709]                  mov bl, [pos1]
   344 00000285 80E30E                      and bl, 0x0e
   345 00000288 66C1E315                    shl ebx, 21
   346 0000028C 6601D8                      add eax, ebx
   347 0000028F 66A3[9209]                  mov [cp_aperture], eax
   348 00000293 F8                          clc
   349 00000294 C3                          ret
   350                                  
   351                                  set_xga_mode:
   352 00000295 BAC303                      mov dx, 0x3c3
   353 00000298 B001                        mov al, 1
   354 0000029A EE                          out dx, al
   355 0000029B BE[9293]                    mov si, mode_table
   356                                  .next:
   357 0000029E AC                          lodsb
   358 0000029F 3CFF                        cmp al, 0xff
   359 000002A1 741B                        je .done
   360 000002A3 88C3                        mov bl, al
   361 000002A5 30E4                        xor ah, ah
   362 000002A7 8B16[8A09]                  mov dx, [io_base]
   363 000002AB 01C2                        add dx, ax
   364 000002AD AC                          lodsb
   365 000002AE 8A24                        mov ah, [si]
   366 000002B0 46                          inc si
   367 000002B1 80FB0A                      cmp bl, 0x0a
   368 000002B4 7405                        je .indexed
   369 000002B6 88E0                        mov al, ah
   370 000002B8 EE                          out dx, al
   371 000002B9 EBE3                        jmp .next
   372                                  .indexed:
   373 000002BB EF                          out dx, ax
   374 000002BC EBE0                        jmp .next
   375                                  .done:
   376 000002BE C3                          ret
   377                                  
   378                                  ; Probe two banks separated by 512 KB; a 512 KB card may mirror page 12.
   379                                  probe_vram:
   380 000002BF 8B16[8A09]                  mov dx, [io_base]
   381 000002C3 83C208                      add dx, 8
   382 000002C6 B800A0                      mov ax, 0xa000
   383 000002C9 8EC0                        mov es, ax
   384 000002CB B004                        mov al, 4
   385 000002CD EE                          out dx, al
   386 000002CE 26C606000055                mov byte [es:0], 0x55
   387 000002D4 B00C                        mov al, 12
   388 000002D6 EE                          out dx, al
   389 000002D7 26C6060000A5                mov byte [es:0], 0xa5
   390 000002DD 26803E0000A5                cmp byte [es:0], 0xa5
   391 000002E3 7510                        jne .fail
   392 000002E5 B004                        mov al, 4
   393 000002E7 EE                          out dx, al
   394 000002E8 26803E000055                cmp byte [es:0], 0x55
   395 000002EE 7505                        jne .fail
   396 000002F0 30C0                        xor al, al
   397 000002F2 EE                          out dx, al
   398 000002F3 F8                          clc
   399 000002F4 C3                          ret
   400                                  .fail:
   401 000002F5 30C0                        xor al, al
   402 000002F7 EE                          out dx, al
   403 000002F8 F9                          stc
   404 000002F9 C3                          ret
   405                                  
   406                                  ; XGA palette port: index at I/O+0x0a, RGB stream at I/O+0x0b.
   407                                  %if TEST_MODE = 3
   408                                  open_image:
   409 000002FA B8003D                      mov ax, 0x3d00
   410 000002FD BA[390F]                    mov dx, image_name
   411 00000300 CD21                        int 0x21
   412 00000302 721B                        jc .fail
   413 00000304 A3[440F]                    mov [image_handle], ax
   414 00000307 89C3                        mov bx, ax
   415 00000309 B80042                      mov ax, 0x4200                 ; palette is embedded in the COM
   416 0000030C 31C9                        xor cx, cx
   417 0000030E BA0003                      mov dx, 768
   418 00000311 CD21                        int 0x21
   419 00000313 7202                        jc .close_fail
   420 00000315 F8                          clc
   421 00000316 C3                          ret
   422                                  .close_fail:
   423 00000317 8B1E[440F]                  mov bx, [image_handle]
   424 0000031B B43E                        mov ah, 0x3e
   425 0000031D CD21                        int 0x21
   426                                  .fail:
   427 0000031F F9                          stc
   428 00000320 C3                          ret
   429                                  
   430                                  ; Read up to 32 KB at a time, then copy aligned 4 KB pages to banked VRAM.
   431                                  ; This reduces DOS file reads from 150 to 19 without changing disk format.
   432                                  load_image:
   433 00000321 C706[460F]0400              mov word [load_bank], 4
   434 00000327 C706[480F]00B0              mov word [load_offset], 0xb000
   435 0000032D C706[4A0F]0000              mov word [loaded_pages], 0
   436 00000333 BD9600                      mov bp, SOURCE_PAGES
   437                                  .read_chunk:
   438 00000336 89E8                        mov ax, bp
   439 00000338 83F808                      cmp ax, 8
   440 0000033B 7603                        jbe .chunk_size_ready
   441 0000033D B80800                      mov ax, 8
   442                                  .chunk_size_ready:
   443 00000340 A3[4C0F]                    mov [chunk_pages], ax
   444 00000343 C1E00C                      shl ax, 12
   445 00000346 A3[4E0F]                    mov [chunk_bytes], ax
   446 00000349 8B1E[440F]                  mov bx, [image_handle]
   447 0000034D B43F                        mov ah, 0x3f
   448 0000034F 8B0E[4E0F]                  mov cx, [chunk_bytes]
   449 00000353 BA[5012]                    mov dx, image_page
   450 00000356 CD21                        int 0x21
   451 00000358 7247                        jc .fail
   452 0000035A 3B06[4E0F]                  cmp ax, [chunk_bytes]
   453 0000035E 7541                        jne .fail
   454 00000360 BE[5012]                    mov si, image_page
   455                                  .page:
   456 00000363 B800A0                      mov ax, 0xa000
   457 00000366 8EC0                        mov es, ax
   458 00000368 8B1E[460F]                  mov bx, [load_bank]
   459 0000036C E80902                      call select_bank
   460 0000036F 8B3E[480F]                  mov di, [load_offset]
   461 00000373 B90008                      mov cx, 2048
   462 00000376 FC                          cld
   463 00000377 F3A5                        rep movsw
   464 00000379 8106[480F]0010              add word [load_offset], 4096
   465 0000037F 7504                        jnz .next
   466 00000381 FF06[460F]                  inc word [load_bank]
   467                                  .next:
   468 00000385 FF06[4A0F]                  inc word [loaded_pages]
   469 00000389 E8DC00                      call progress_update
   470 0000038C 4D                          dec bp
   471 0000038D FF0E[4C0F]                  dec word [chunk_pages]
   472 00000391 75D0                        jnz .page
   473 00000393 09ED                        or bp, bp
   474 00000395 759F                        jnz .read_chunk
   475 00000397 8B1E[440F]                  mov bx, [image_handle]
   476 0000039B B43E                        mov ah, 0x3e
   477 0000039D CD21                        int 0x21
   478 0000039F F8                          clc
   479 000003A0 C3                          ret
   480                                  .fail:
   481 000003A1 8B1E[440F]                  mov bx, [image_handle]
   482 000003A5 B43E                        mov ah, 0x3e
   483 000003A7 CD21                        int 0x21
   484 000003A9 F9                          stc
   485 000003AA C3                          ret
   486                                  
   487                                  ; Unused VRAM starts at 0xe1000. The marker is written only after a
   488                                  ; complete load, and identifies the exact quantized source image.
   489                                  check_image_cache:
   490 000003AB B800A0                      mov ax, 0xa000
   491 000003AE 8EC0                        mov es, ax
   492 000003B0 BB0E00                      mov bx, 14
   493 000003B3 E8C201                      call select_bank
   494 000003B6 2666813E0020445847-         cmp dword [es:0x2000], 0x42475844  ; "DXGB", loader/sprite revision
   494 000003BF 42                 
   495 000003C0 7532                        jne .miss
   496 000003C2 2666813E042098C5CE-         cmp dword [es:0x2004], IMAGE_CRC
   496 000003CB 7B                 
   497 000003CC 7526                        jne .miss
   498 000003CE 26803EFF0F00                cmp byte [es:0x0fff], IMAGE_LAST
   499 000003D4 751E                        jne .miss
   500 000003D6 BB0900                      mov bx, 9
   501 000003D9 E89C01                      call select_bank
   502 000003DC 26803E00600E                cmp byte [es:0x6000], IMAGE_MIDDLE
   503 000003E2 7510                        jne .miss
   504 000003E4 BB0400                      mov bx, 4
   505 000003E7 E88E01                      call select_bank
   506 000003EA 26803E00B000                cmp byte [es:0xb000], IMAGE_FIRST
   507 000003F0 7502                        jne .miss
   508 000003F2 F8                          clc
   509 000003F3 C3                          ret
   510                                  .miss:
   511 000003F4 F9                          stc
   512 000003F5 C3                          ret
   513                                  
   514                                  mark_image_cache:
   515 000003F6 B800A0                      mov ax, 0xa000
   516 000003F9 8EC0                        mov es, ax
   517 000003FB BB0E00                      mov bx, 14
   518 000003FE E87701                      call select_bank
   519 00000401 2666C7060020445847-         mov dword [es:0x2000], 0x42475844
   519 0000040A 42                 
   520 0000040B 2666C706042098C5CE-         mov dword [es:0x2004], IMAGE_CRC
   520 00000414 7B                 
   521 00000415 C3                          ret
   522                                  
   523                                  ; Draw a PC1-BMP-inspired loading indicator in the XGA framebuffer.
   524                                  ; The advancing strip represents 150 transferred 4 KB source pages.
   525                                  progress_init:
   526 00000416 B800A0                      mov ax, 0xa000
   527 00000419 8EC0                        mov es, ax
   528 0000041B FC                          cld
   529 0000041C 31DB                        xor bx, bx
   530 0000041E BD0400                      mov bp, 4
   531 00000421 31C0                        xor ax, ax
   532                                  .bank:
   533 00000423 E85201                      call select_bank
   534 00000426 31FF                        xor di, di
   535 00000428 B90080                      mov cx, 32768
   536 0000042B F3AB                        rep stosw
   537 0000042D 43                          inc bx
   538 0000042E 4D                          dec bp
   539 0000042F 75F2                        jnz .bank
   540 00000431 E84401                      call select_bank               ; bank 4, only display bytes
   541 00000434 31FF                        xor di, di
   542 00000436 B90058                      mov cx, (SCREEN_W * SCREEN_H - 4 * 65536) / 2
   543 00000439 F3AB                        rep stosw
   544 0000043B BB0200                      mov bx, 2
   545 0000043E E83701                      call select_bank
   546 00000441 B04A                        mov al, PROGRESS_COLOR
   547 00000443 BFA84E                      mov di, PROGRESS_BASE
   548 00000446 B93001                      mov cx, 304
   549 00000449 F3AA                        rep stosb
   550 0000044B BF286A                      mov di, PROGRESS_BASE + 11 * SCREEN_W
   551 0000044E B93001                      mov cx, 304
   552 00000451 F3AA                        rep stosb
   553 00000453 BF2851                      mov di, PROGRESS_BASE + SCREEN_W
   554 00000456 B90A00                      mov cx, 10
   555                                  .sides:
   556 00000459 268805                      mov [es:di], al
   557 0000045C 2688852F01                  mov [es:di+303], al
   558 00000461 81C78002                    add di, SCREEN_W
   559 00000465 E2F2                        loop .sides
   560 00000467 C3                          ret
   561                                  
   562                                  progress_update:
   563 00000468 50                          push ax
   564 00000469 53                          push bx
   565 0000046A 51                          push cx
   566 0000046B 57                          push di
   567 0000046C 06                          push es
   568 0000046D B800A0                      mov ax, 0xa000
   569 00000470 8EC0                        mov es, ax
   570 00000472 BB0200                      mov bx, 2
   571 00000475 E80001                      call select_bank
   572 00000478 A1[4A0F]                    mov ax, [loaded_pages]
   573 0000047B 48                          dec ax
   574 0000047C D1E0                        shl ax, 1
   575 0000047E 05AA53                      add ax, PROGRESS_BASE + 2 * SCREEN_W + 2
   576 00000481 89C7                        mov di, ax
   577 00000483 B84A4A                      mov ax, PROGRESS_COLOR * 257
   578 00000486 B90800                      mov cx, 8
   579                                  .row:
   580 00000489 268905                      mov [es:di], ax
   581 0000048C 81C78002                    add di, SCREEN_W
   582 00000490 E2F7                        loop .row
   583 00000492 07                          pop es
   584 00000493 5F                          pop di
   585 00000494 59                          pop cx
   586 00000495 5B                          pop bx
   587 00000496 58                          pop ax
   588 00000497 C3                          ret
   589                                  %endif
   590                                  
   591                                  set_palette:
   592 00000498 8B16[8A09]                  mov dx, [io_base]
   593 0000049C 83C20A                      add dx, 0x0a
   594 0000049F B86400                      mov ax, 0x0064
   595 000004A2 EF                          out dx, ax
   596 000004A3 B86600                      mov ax, 0x0066
   597 000004A6 EF                          out dx, ax
   598 000004A7 B86000                      mov ax, 0x0060
   599 000004AA EF                          out dx, ax
   600 000004AB B86100                      mov ax, 0x0061
   601 000004AE EF                          out dx, ax
   602 000004AF B065                        mov al, 0x65
   603 000004B1 EE                          out dx, al
   604 000004B2 42                          inc dx
   605                                  %if TEST_MODE = 3
   606 000004B3 BE[500F]                    mov si, image_palette
   607 000004B6 B90003                      mov cx, 768
   608                                  .color:
   609 000004B9 AC                          lodsb
   610 000004BA EE                          out dx, al
   611 000004BB E2FC                        loop .color
   612                                  %else
   613                                      xor bx, bx
   614                                  .color:
   615                                      ; RRRGGGBB -> three 8-bit DAC components.
   616                                      mov ax, bx
   617                                      and al, 0xe0
   618                                      out dx, al
   619                                      mov ax, bx
   620                                      and al, 0x1c
   621                                      shl al, 3
   622                                      out dx, al
   623                                      mov ax, bx
   624                                      and al, 3
   625                                      shl al, 6
   626                                      out dx, al
   627                                      inc bx
   628                                      cmp bx, 256
   629                                      jb .color
   630                                  %endif
   631 000004BD 4A                          dec dx
   632 000004BE B864FF                      mov ax, 0xff64
   633 000004C1 EF                          out dx, ax
   634 000004C2 C3                          ret
   635                                  
   636                                  ; On stage 1, fill visible screen by CPU solely to verify mode and banking.
   637                                  fill_screen:
   638 000004C3 B800A0                      mov ax, 0xa000
   639 000004C6 8EC0                        mov es, ax
   640 000004C8 31FF                        xor di, di
   641 000004CA 31DB                        xor bx, bx
   642 000004CC C706[9609]0000              mov word [row], 0
   643                                  .row:
   644 000004D2 B98002                      mov cx, SCREEN_W
   645 000004D5 A0[9609]                    mov al, [row]
   646                                  .pixel:
   647 000004D8 268805                      mov [es:di], al
   648 000004DB 47                          inc di
   649 000004DC 7504                        jnz .no_wrap
   650 000004DE 43                          inc bx
   651 000004DF E89600                      call select_bank
   652                                  .no_wrap:
   653 000004E2 E2F4                        loop .pixel
   654 000004E4 FF06[9609]                  inc word [row]
   655 000004E8 813E[9609]E001              cmp word [row], SCREEN_H
   656 000004EE 72E2                        jb .row
   657 000004F0 C3                          ret
   658                                  
   659                                  ; Source is 800*800 bytes at offset 307200 in 1 MB of VRAM.
   660                                  ; CPU loads the image once through the 64 KB banked A000 window.
   661                                  fill_source:
   662 000004F1 B800A0                      mov ax, 0xa000
   663 000004F4 8EC0                        mov es, ax
   664 000004F6 BB0400                      mov bx, 4
   665 000004F9 E87C00                      call select_bank
   666 000004FC BF00B0                      mov di, 0xb000
   667 000004FF C706[9609]0000              mov word [row], 0
   668                                  .row:
   669 00000505 C706[9809]0000              mov word [col], 0
   670                                  .pixel:
   671 0000050B A1[9609]                    mov ax, [row]
   672 0000050E 3DF000                      cmp ax, 240
   673 00000511 7309                        jae .ground
   674 00000513 C1E804                      shr ax, 4
   675 00000516 241C                        and al, 0x1c
   676 00000518 0C03                        or al, 3
   677 0000051A EB27                        jmp .grid
   678                                  .ground:
   679 0000051C A1[9809]                    mov ax, [col]
   680 0000051F 83E07F                      and ax, 127
   681 00000522 D1E8                        shr ax, 1
   682 00000524 05F000                      add ax, 240
   683 00000527 3906[9609]                  cmp [row], ax
   684 0000052B 720C                        jb .mountain
   685 0000052D A1[9609]                    mov ax, [row]
   686 00000530 C1E805                      shr ax, 5
   687 00000533 241C                        and al, 0x1c
   688 00000535 0C84                        or al, 0x84
   689 00000537 EB0A                        jmp .grid
   690                                  .mountain:
   691 00000539 A1[9809]                    mov ax, [col]
   692 0000053C C1E804                      shr ax, 4
   693 0000053F 241C                        and al, 0x1c
   694 00000541 0CA0                        or al, 0xa0
   695                                  .grid:
   696 00000543 F706[9809]3F00              test word [col], 63
   697 00000549 7408                        jz .line
   698 0000054B F706[9609]3F00              test word [row], 63
   699 00000551 7502                        jnz .store
   700                                  .line:
   701 00000553 B0FF                        mov al, 0xff
   702                                  .store:
   703 00000555 268805                      mov [es:di], al
   704 00000558 47                          inc di
   705 00000559 7504                        jnz .bank_ok
   706 0000055B 43                          inc bx
   707 0000055C E81900                      call select_bank
   708                                  .bank_ok:
   709 0000055F FF06[9809]                  inc word [col]
   710 00000563 813E[9809]C003              cmp word [col], SOURCE_W
   711 00000569 72A0                        jb .pixel
   712 0000056B FF06[9609]                  inc word [row]
   713 0000056F 813E[9609]8002              cmp word [row], SOURCE_H
   714 00000575 728E                        jb .row
   715 00000577 C3                          ret
   716                                  
   717                                  select_bank:
   718 00000578 50                          push ax
   719 00000579 52                          push dx
   720 0000057A 8B16[8A09]                  mov dx, [io_base]
   721 0000057E 83C208                      add dx, 8
   722 00000581 89D8                        mov ax, bx
   723 00000583 EE                          out dx, al
   724 00000584 5A                          pop dx
   725 00000585 58                          pop ax
   726 00000586 C3                          ret
   727                                  
   728                                  setup_maps:
   729 00000587 A1[8C09]                    mov ax, [cp_seg]
   730 0000058A 8EC0                        mov es, ax
   731 0000058C 26C606110000                mov byte [es:0x11], 0
   732 00000592 26C606120001                mov byte [es:0x12], 1            ; destination map A
   733 00000598 66A1[9209]                  mov eax, [cp_aperture]
   734 0000059C 2666A31400                  mov [es:0x14], eax
   735 000005A1 26C70618007F02              mov word [es:0x18], SCREEN_W-1
   736 000005A8 26C7061A00DF01              mov word [es:0x1a], SCREEN_H-1
   737 000005AF 26C6061C0003                mov byte [es:0x1c], 3
   738 000005B5 26C606120002                mov byte [es:0x12], 2            ; off-screen source map B
   739 000005BB 660500B00400                add eax, SOURCE_BASE
   740 000005C1 2666A31400                  mov [es:0x14], eax
   741 000005C6 26C7061800BF03              mov word [es:0x18], SOURCE_W-1
   742 000005CD 26C7061A007F02              mov word [es:0x1a], SOURCE_H-1
   743 000005D4 26C6061C0003                mov byte [es:0x1c], 3
   744 000005DA 26C6064A0004                mov byte [es:0x4a], 4            ; color compare disabled
   745 000005E0 2666C7065000FF0000-         mov dword [es:0x50], 0xff
   745 000005E9 00                 
   746 000005EA 2666C7065400FF0000-         mov dword [es:0x54], 0xff
   746 000005F3 00                 
   747 000005F4 26C606480003                mov byte [es:0x48], 3            ; XGA_S
   748 000005FA 26C606490003                mov byte [es:0x49], 3
   749 00000600 C3                          ret
   750                                  
   751                                  %if PAN_STYLE = 1
   752                                  ; Scan the 960-pixel-wide source image directly. XGA display start is in
   753                                  ; dwords, and display pitch is expressed in units of eight pixels.
   754                                  configure_scanout:
   755                                      mov word [step_x], 4
   756                                      mov dx, [io_base]
   757                                      add dx, 0x0a
   758                                      mov ax, 0x7843                  ; 960 / 8 pixels per scan line
   759                                      out dx, ax
   760                                      mov ax, 0x0044
   761                                      out dx, ax
   762                                      call set_view
   763                                      ret
   764                                  
   765                                  %endif
   766                                  
   767                                  ; XGA's 64x64 hardware sprite is independent of the scanned framebuffer.
   768                                  ; These register values and sprite-data writes reproduce DREAMS.COM from
   769                                  ; dreams_xga_20260926_193007.img, the version the user verified in 86Box.
   770                                  setup_sprite_hud:
   771 00000601 6660                        pushad
   772 00000603 8B16[8A09]                  mov dx, [io_base]
   773 00000607 83C20A                      add dx, 0x0a
   774 0000060A B83008                      mov ax, 0x0830                  ; sprite X = 8
   775 0000060D EF                          out dx, ax
   776 0000060E B83100                      mov ax, 0x0031
   777 00000611 EF                          out dx, ax
   778 00000612 B83200                      mov ax, 0x0032                  ; X hotspot = 0
   779 00000615 EF                          out dx, ax
   780 00000616 B83308                      mov ax, 0x0833                  ; sprite Y = 8
   781 00000619 EF                          out dx, ax
   782 0000061A B83400                      mov ax, 0x0034
   783 0000061D EF                          out dx, ax
   784 0000061E B83500                      mov ax, 0x0035                  ; Y hotspot = 0
   785 00000621 EF                          out dx, ax
   786 00000622 B83800                      mov ax, 0x0038                  ; sprite color 0 = black
   787 00000625 EF                          out dx, ax
   788 00000626 B83900                      mov ax, 0x0039
   789 00000629 EF                          out dx, ax
   790 0000062A B83A00                      mov ax, 0x003a
   791 0000062D EF                          out dx, ax
   792 0000062E B83BFF                      mov ax, 0xff3b                  ; sprite color 1 = white
   793 00000631 EF                          out dx, ax
   794 00000632 B83CFF                      mov ax, 0xff3c
   795 00000635 EF                          out dx, ax
   796 00000636 B83DFF                      mov ax, 0xff3d
   797 00000639 EF                          out dx, ax
   798 0000063A B86000                      mov ax, 0x0060                  ; sprite data position = 0
   799 0000063D EF                          out dx, ax
   800 0000063E B86100                      mov ax, 0x0061
   801 00000641 EF                          out dx, ax
   802 00000642 B06A                        mov al, 0x6a                  ; sprite data stream register
   803 00000644 EE                          out dx, al
   804 00000645 42                          inc dx
   805 00000646 B0AA                        mov al, 0xaa                  ; four transparent 2-bit pixels
   806 00000648 B90004                      mov cx, 1024
   807                                  .clear:
   808 0000064B EE                          out dx, al
   809 0000064C E2FD                        loop .clear
   810 0000064E C706[A309]FFFF              mov word [hud_last_fps], 0xffff
   811 00000654 E80E00                      call update_sprite_hud
   812 00000657 8B16[8A09]                  mov dx, [io_base]
   813 0000065B 83C20A                      add dx, 0x0a
   814 0000065E B83601                      mov ax, 0x0136                  ; enable hardware sprite
   815 00000661 EF                          out dx, ax
   816 00000662 6661                        popad
   817 00000664 C3                          ret
   818                                  
   819                                  update_sprite_hud:
   820 00000665 6660                        pushad
   821 00000667 A1[B009]                    mov ax, [hud_fps10]
   822 0000066A 3B06[A309]                  cmp ax, [hud_last_fps]
   823 0000066E 7447                        je .done
   824 00000670 A3[A309]                    mov [hud_last_fps], ax
   825 00000673 E8A401                      call render_hud
   826 00000676 8B16[8A09]                  mov dx, [io_base]
   827 0000067A 83C20A                      add dx, 0x0a
   828 0000067D B86000                      mov ax, 0x0060
   829 00000680 EF                          out dx, ax
   830 00000681 B86100                      mov ax, 0x0061
   831 00000684 EF                          out dx, ax
   832 00000685 B06A                        mov al, 0x6a
   833 00000687 EE                          out dx, al
   834 00000688 42                          inc dx
   835 00000689 BE[B90C]                    mov si, hud_canvas
   836 0000068C BDA000                      mov bp, 64 * 10 / 4
   837                                  .group:
   838 0000068F B0AA                        mov al, 0xaa
   839 00000691 803C00                      cmp byte [si], 0
   840 00000694 7402                        je .pixel1
   841 00000696 3403                        xor al, 0x03
   842                                  .pixel1:
   843 00000698 807C0100                    cmp byte [si+1], 0
   844 0000069C 7402                        je .pixel2
   845 0000069E 340C                        xor al, 0x0c
   846                                  .pixel2:
   847 000006A0 807C0200                    cmp byte [si+2], 0
   848 000006A4 7402                        je .pixel3
   849 000006A6 3430                        xor al, 0x30
   850                                  .pixel3:
   851 000006A8 807C0300                    cmp byte [si+3], 0
   852 000006AC 7402                        je .write
   853 000006AE 34C0                        xor al, 0xc0
   854                                  .write:
   855 000006B0 EE                          out dx, al
   856 000006B1 83C604                      add si, 4
   857 000006B4 4D                          dec bp
   858 000006B5 75D8                        jnz .group
   859                                  .done:
   860 000006B7 6661                        popad
   861 000006B9 C3                          ret
   862                                  
   863                                  %if PAN_STYLE = 1
   864                                  set_view:
   865                                      movzx eax, word [pan_y]
   866                                      imul eax, eax, SOURCE_W
   867                                      movzx ebx, word [pan_x]
   868                                      add eax, ebx
   869                                      add eax, SOURCE_BASE
   870                                      shr eax, 2
   871                                      mov ebx, eax
   872                                      mov dx, [io_base]
   873                                      add dx, 0x0a
   874                                      mov ah, bl
   875                                      mov al, 0x40
   876                                      out dx, ax
   877                                      shr ebx, 8
   878                                      mov ah, bl
   879                                      mov al, 0x41
   880                                      out dx, ax
   881                                      shr ebx, 8
   882                                      mov ah, bl
   883                                      mov al, 0x42                  ; latches start address in 86Box
   884                                      out dx, ax
   885                                      ret
   886                                  
   887                                  ; 86Box skips unmodified VRAM pages during scanout. Rewriting one unchanged
   888                                  ; byte per 4 KB page marks the source image for redraw after a start change.
   889                                  refresh_source_pages:
   890                                      push ax
   891                                      push bx
   892                                      push si
   893                                      push bp
   894                                      push es
   895                                      mov ax, 0xa000
   896                                      mov es, ax
   897                                      mov bx, 4
   898                                      call select_bank
   899                                      mov si, 0xb000
   900                                      mov bp, SOURCE_PAGES          ; pages 0x4b000 through 0xe0000
   901                                  .page:
   902                                      mov al, [es:si]
   903                                      mov [es:si], al
   904                                      add si, 4096
   905                                      jnz .next
   906                                      inc bx
   907                                      call select_bank
   908                                  .next:
   909                                      dec bp
   910                                      jnz .page
   911                                      pop es
   912                                      pop bp
   913                                      pop si
   914                                      pop bx
   915                                      pop ax
   916                                      ret
   917                                  %endif
   918                                  
   919                                  %if PAN_STYLE = 0
   920                                  ; Start each BitBLT at a new vertical retrace when S mode is enabled.
   921                                  ; Input Status 1 bit 3 is also driven by 86Box's XGA scanout. Bounded
   922                                  ; polling keeps the demo responsive if a machine does not expose the bit.
   923                                  wait_vsync:
   924 000006BA 50                          push ax
   925 000006BB 51                          push cx
   926 000006BC 52                          push dx
   927 000006BD BADA03                      mov dx, 0x3da
   928 000006C0 B9FFFF                      mov cx, 0xffff
   929                                  .leave_retrace:
   930 000006C3 EC                          in al, dx
   931 000006C4 A808                        test al, 8
   932 000006C6 7404                        jz .wait_retrace
   933 000006C8 E2F9                        loop .leave_retrace
   934 000006CA EB0A                        jmp .timeout
   935                                  .wait_retrace:
   936 000006CC B9FFFF                      mov cx, 0xffff
   937                                  .rise:
   938 000006CF EC                          in al, dx
   939 000006D0 A808                        test al, 8
   940 000006D2 7505                        jnz .synced
   941 000006D4 E2F9                        loop .rise
   942                                  .timeout:
   943 000006D6 F9                          stc
   944 000006D7 EB01                        jmp .done
   945                                  .synced:
   946 000006D9 F8                          clc
   947                                  .done:
   948 000006DA 5A                          pop dx
   949 000006DB 59                          pop cx
   950 000006DC 58                          pop ax
   951 000006DD C3                          ret
   952                                  %endif
   953                                  
   954                                  ; Count completed panorama steps over at least 36 BIOS clock ticks (~2 s).
   955                                  ; A slow frame can span several seconds; tick subtraction preserves that time.
   956                                  ; This measures the guest animation loop, not host-window presentation.
   957                                  update_fps:
   958 000006DE 6660                        pushad
   959 000006E0 30E4                        xor ah, ah
   960 000006E2 CD1A                        int 0x1a
   961 000006E4 660FB7C1                    movzx eax, cx
   962 000006E8 66C1E010                    shl eax, 16
   963 000006EC 89D0                        mov ax, dx
   964 000006EE 66A3[AA09]                  mov [fps_now], eax
   965 000006F2 803E[A509]00                cmp byte [fps_started], 0
   966 000006F7 750B                        jne .elapsed
   967 000006F9 66A3[A609]                  mov [fps_start], eax
   968 000006FD C606[A509]01                mov byte [fps_started], 1
   969 00000702 EB4C                        jmp .done                      ; this completed frame precedes the timer
   970                                  .elapsed:
   971 00000704 FF06[AE09]                  inc word [hud_frames]
   972 00000708 6689C3                      mov ebx, eax
   973 0000070B 662B1E[A609]                sub ebx, [fps_start]
   974 00000710 7307                        jnc .delta_ready
   975 00000712 6681C3B0001800              add ebx, 0x1800b0             ; BIOS midnight rollover
   976                                  .delta_ready:
   977 00000719 6683FB24                    cmp ebx, 36
   978 0000071D 7231                        jb .done
   979 0000071F 660FB706[AE09]              movzx eax, word [hud_frames]
   980 00000725 66B9B6000000                mov ecx, 182                  ; 18.2 ticks/s * 10 for tenths
   981 0000072B 66F7E1                      mul ecx
   982 0000072E 6631D2                      xor edx, edx
   983 00000731 66F7F3                      div ebx
   984 00000734 663D0F270000                cmp eax, 9999
   985 0000073A 7603                        jbe .store
   986                                  .cap:
   987 0000073C B80F27                      mov ax, 9999
   988                                  .store:
   989 0000073F A3[B009]                    mov [hud_fps10], ax
   990 00000742 66A1[AA09]                  mov eax, [fps_now]
   991 00000746 66A3[A609]                  mov [fps_start], eax
   992 0000074A C706[AE09]0000              mov word [hud_frames], 0
   993                                  .done:
   994 00000750 6661                        popad
   995 00000752 C3                          ret
   996                                  
   997                                  restore_hud:
   998 00000753 803E[B209]00                cmp byte [hud_active], 0
   999 00000758 740E                        je .done
  1000 0000075A 66A1[B309]                  mov eax, [hud_old_addr]
  1001 0000075E 66A3[B709]                  mov [hud_work_addr], eax
  1002 00000762 BE[390A]                    mov si, hud_saved
  1003 00000765 E87400                      call copy_to_vram
  1004                                  .done:
  1005 00000768 C3                          ret
  1006                                  
  1007                                  show_hud:
  1008                                  %if PAN_STYLE = 1
  1009                                      ; Legacy VRAM text path is retained so the verified 193007 DREAMS
  1010                                      ; binary remains reproducible. The active FPS path is the sprite above.
  1011                                      movzx eax, word [pan_y]
  1012                                      add eax, 8
  1013                                      imul eax, eax, SOURCE_W
  1014                                      movzx ebx, word [pan_x]
  1015                                      add eax, ebx
  1016                                      add eax, SOURCE_BASE + 8
  1017                                      mov [hud_old_addr], eax
  1018                                      mov [hud_work_addr], eax
  1019                                      mov word [hud_pitch], SOURCE_W
  1020                                  %else
  1021 00000769 66C706[B309]080500-         mov dword [hud_old_addr], 2 * SCREEN_W + 8
  1021 00000771 00                 
  1022 00000772 66A1[B309]                  mov eax, [hud_old_addr]
  1023 00000776 66A3[B709]                  mov [hud_work_addr], eax
  1024 0000077A C706[BB09]8002              mov word [hud_pitch], SCREEN_W
  1025                                  %endif
  1026 00000780 BE[390A]                    mov si, hud_saved
  1027 00000783 E81700                      call copy_from_vram
  1028 00000786 E89100                      call render_hud
  1029 00000789 66A1[B309]                  mov eax, [hud_old_addr]
  1030 0000078D 66A3[B709]                  mov [hud_work_addr], eax
  1031 00000791 BE[B90C]                    mov si, hud_canvas
  1032 00000794 E84500                      call copy_to_vram
  1033 00000797 C606[B209]01                mov byte [hud_active], 1
  1034 0000079C C3                          ret
  1035                                  
  1036                                  ; Rectangle copy: 64 x 10 bytes at hud_work_addr.
  1037                                  ; Recompute the bank for each row and also handle a row crossing a bank edge.
  1038                                  copy_from_vram:
  1039 0000079D 6660                        pushad
  1040 0000079F 06                          push es
  1041 000007A0 B800A0                      mov ax, 0xa000
  1042 000007A3 8EC0                        mov es, ax
  1043 000007A5 BD0A00                      mov bp, 10
  1044                                  .row:
  1045 000007A8 66A1[B709]                  mov eax, [hud_work_addr]
  1046 000007AC 6689C3                      mov ebx, eax
  1047 000007AF 66C1EB10                    shr ebx, 16
  1048 000007B3 89C7                        mov di, ax
  1049 000007B5 E8C0FD                      call select_bank
  1050 000007B8 B94000                      mov cx, 64
  1051                                  .pixel:
  1052 000007BB 268A05                      mov al, [es:di]
  1053 000007BE 8804                        mov [si], al
  1054 000007C0 46                          inc si
  1055 000007C1 47                          inc di
  1056 000007C2 7504                        jnz .same_bank
  1057 000007C4 43                          inc bx
  1058 000007C5 E8B0FD                      call select_bank
  1059                                  .same_bank:
  1060 000007C8 E2F1                        loop .pixel
  1061 000007CA 660FB706[BB09]              movzx eax, word [hud_pitch]
  1062 000007D0 660106[B709]                add [hud_work_addr], eax
  1063 000007D5 4D                          dec bp
  1064 000007D6 75D0                        jnz .row
  1065 000007D8 07                          pop es
  1066 000007D9 6661                        popad
  1067 000007DB C3                          ret
  1068                                  
  1069                                  copy_to_vram:
  1070 000007DC 6660                        pushad
  1071 000007DE 06                          push es
  1072 000007DF FC                          cld
  1073 000007E0 B800A0                      mov ax, 0xa000
  1074 000007E3 8EC0                        mov es, ax
  1075 000007E5 BD0A00                      mov bp, 10
  1076                                  .row:
  1077 000007E8 66A1[B709]                  mov eax, [hud_work_addr]
  1078 000007EC 6689C3                      mov ebx, eax
  1079 000007EF 66C1EB10                    shr ebx, 16
  1080 000007F3 89C7                        mov di, ax
  1081 000007F5 E880FD                      call select_bank
  1082 000007F8 B94000                      mov cx, 64
  1083                                  .pixel:
  1084 000007FB AC                          lodsb
  1085 000007FC 268805                      mov [es:di], al
  1086 000007FF 47                          inc di
  1087 00000800 7504                        jnz .same_bank
  1088 00000802 43                          inc bx
  1089 00000803 E872FD                      call select_bank
  1090                                  .same_bank:
  1091 00000806 E2F3                        loop .pixel
  1092 00000808 660FB706[BB09]              movzx eax, word [hud_pitch]
  1093 0000080E 660106[B709]                add [hud_work_addr], eax
  1094 00000813 4D                          dec bp
  1095 00000814 75D2                        jnz .row
  1096 00000816 07                          pop es
  1097 00000817 6661                        popad
  1098 00000819 C3                          ret
  1099                                  
  1100                                  render_hud:
  1101 0000081A 6660                        pushad
  1102 0000081C 06                          push es
  1103 0000081D 1E                          push ds
  1104 0000081E 07                          pop es
  1105 0000081F FC                          cld
  1106 00000820 BF[B90C]                    mov di, hud_canvas
  1107 00000823 B98002                      mov cx, 64 * 10
  1108 00000826 30C0                        xor al, al
  1109 00000828 F3AA                        rep stosb
  1110 0000082A A1[B009]                    mov ax, [hud_fps10]
  1111 0000082D BB0A00                      mov bx, 10
  1112 00000830 31D2                        xor dx, dx
  1113 00000832 F7F3                        div bx
  1114 00000834 80C204                      add dl, 4
  1115 00000837 8816[C709]                  mov [hud_text+8], dl          ; tenths
  1116 0000083B 31D2                        xor dx, dx
  1117 0000083D F7F3                        div bx
  1118 0000083F 80C204                      add dl, 4
  1119 00000842 8816[C509]                  mov [hud_text+6], dl          ; ones
  1120 00000846 31D2                        xor dx, dx
  1121 00000848 F7F3                        div bx
  1122 0000084A 80C204                      add dl, 4
  1123 0000084D 8816[C409]                  mov [hud_text+5], dl          ; tens
  1124 00000851 0404                        add al, 4
  1125 00000853 A2[C309]                    mov [hud_text+4], al          ; hundreds
  1126                                  %if PAN_STYLE = 0
  1127 00000856 C606[C809]0F                mov byte [hud_text+9], 15     ; blank when running without VSYNC wait
  1128 0000085B 803E[A209]00                cmp byte [vsync_enabled], 0
  1129 00000860 7405                        je .mode_ready
  1130 00000862 C606[C809]02                mov byte [hud_text+9], 2      ; S marks synchronized BitBLT
  1131                                  .mode_ready:
  1132                                  %endif
  1133 00000867 C706[BD09][FA0C]            mov word [hud_char_base], hud_canvas + 65
  1134 0000086D 31DB                        xor bx, bx
  1135                                  .char:
  1136 0000086F 8A87[BF09]                  mov al, [hud_text+bx]
  1137 00000873 B107                        mov cl, 7
  1138 00000875 F6E1                        mul cl
  1139 00000877 BE[C909]                    mov si, hud_glyphs
  1140 0000087A 01C6                        add si, ax
  1141 0000087C 8B3E[BD09]                  mov di, [hud_char_base]
  1142 00000880 BD0700                      mov bp, 7
  1143                                  .row:
  1144 00000883 8A14                        mov dl, [si]
  1145 00000885 B90500                      mov cx, 5
  1146                                  .bit:
  1147 00000888 F6C210                      test dl, 0x10
  1148 0000088B 7403                        jz .skip
  1149 0000088D C6054A                      mov byte [di], PROGRESS_COLOR
  1150                                  .skip:
  1151 00000890 D0E2                        shl dl, 1
  1152 00000892 47                          inc di
  1153 00000893 E2F3                        loop .bit
  1154 00000895 46                          inc si
  1155 00000896 83C73B                      add di, 59
  1156 00000899 4D                          dec bp
  1157 0000089A 75E7                        jnz .row
  1158 0000089C 8306[BD09]06                add word [hud_char_base], 6
  1159 000008A1 43                          inc bx
  1160                                  %if PAN_STYLE = 0
  1161 000008A2 83FB0A                      cmp bx, 10
  1162                                  %else
  1163                                      cmp bx, 9
  1164                                  %endif
  1165 000008A5 72C8                        jb .char
  1166 000008A7 07                          pop es
  1167 000008A8 6661                        popad
  1168 000008AA C3                          ret
  1169                                  
  1170                                  %if PAN_STYLE = 2
  1171                                  ; CPU-only comparison: read each 640-byte row through the banked A000
  1172                                  ; window into conventional RAM, switch banks, then write the display row.
  1173                                  cpu_blit:
  1174                                      pushad
  1175                                      push es
  1176                                      movzx eax, word [pan_y]
  1177                                      imul eax, eax, SOURCE_W
  1178                                      movzx ebx, word [pan_x]
  1179                                      add eax, ebx
  1180                                      add eax, SOURCE_BASE
  1181                                      mov [cpu_src_addr], eax
  1182                                      mov dword [cpu_dst_addr], 0
  1183                                      mov bp, SCREEN_H
  1184                                  .row:
  1185                                      mov ax, 0xa000
  1186                                      mov es, ax
  1187                                      mov eax, [cpu_src_addr]
  1188                                      mov ebx, eax
  1189                                      shr ebx, 16
  1190                                      mov di, ax
  1191                                      call select_bank
  1192                                      mov si, image_page
  1193                                      mov cx, SCREEN_W
  1194                                  .read:
  1195                                      mov al, [es:di]
  1196                                      mov [si], al
  1197                                      inc si
  1198                                      inc di
  1199                                      jnz .read_same_bank
  1200                                      inc bx
  1201                                      call select_bank
  1202                                  .read_same_bank:
  1203                                      loop .read
  1204                                  
  1205                                      mov eax, [cpu_dst_addr]
  1206                                      mov ebx, eax
  1207                                      shr ebx, 16
  1208                                      mov di, ax
  1209                                      call select_bank
  1210                                      mov si, image_page
  1211                                      mov cx, SCREEN_W
  1212                                      cld
  1213                                  .write:
  1214                                      lodsb
  1215                                      mov [es:di], al
  1216                                      inc di
  1217                                      jnz .write_same_bank
  1218                                      inc bx
  1219                                      call select_bank
  1220                                  .write_same_bank:
  1221                                      loop .write
  1222                                      add dword [cpu_src_addr], SOURCE_W
  1223                                      add dword [cpu_dst_addr], SCREEN_W
  1224                                      dec bp
  1225                                      jnz .row
  1226                                      pop es
  1227                                      popad
  1228                                      ret
  1229                                  %endif
  1230                                  
  1231                                  full_blit:
  1232 000008AB E84D00                      call wait_cp
  1233 000008AE 7229                        jc .failed
  1234 000008B0 26C70670000000              mov word [es:0x70], 0
  1235 000008B7 26C70672000000              mov word [es:0x72], 0
  1236 000008BE 26C70678000000              mov word [es:0x78], 0
  1237 000008C5 26C7067A000000              mov word [es:0x7a], 0
  1238 000008CC 2666C7067C00008021-         mov dword [es:0x7c], BLT_OP
  1238 000008D5 A8                 
  1239 000008D6 E82200                      call wait_cp
  1240                                  .failed:
  1241 000008D9 C3                          ret
  1242                                  
  1243                                  ; A small guest-written marker establishes that DOS reached a completed BLT.
  1244                                  ; Visual correctness still requires an emulator screenshot or user inspection.
  1245                                  log_first_blit:
  1246 000008DA B43C                        mov ah, 0x3c
  1247 000008DC 31C9                        xor cx, cx
  1248 000008DE BA[0A93]                    mov dx, log_name
  1249 000008E1 CD21                        int 0x21
  1250 000008E3 7215                        jc .done
  1251 000008E5 89C3                        mov bx, ax
  1252 000008E7 B440                        mov ah, 0x40
  1253 000008E9 B93200                      mov cx, log_end-log_text
  1254 000008EC BA[6093]                    mov dx, log_text
  1255 000008EF CD21                        int 0x21
  1256 000008F1 B43E                        mov ah, 0x3e
  1257 000008F3 CD21                        int 0x21
  1258 000008F5 A1[8C09]                    mov ax, [cp_seg]
  1259 000008F8 8EC0                        mov es, ax
  1260                                  .done:
  1261 000008FA C3                          ret
  1262                                  
  1263                                  wait_cp:
  1264 000008FB 51                          push cx
  1265 000008FC 52                          push dx
  1266 000008FD BA4000                      mov dx, 64
  1267                                  .outer:
  1268 00000900 B9FFFF                      mov cx, 0xffff
  1269                                  .inner:
  1270 00000903 813E[8509]DA8F              cmp word [card_id], 0x8fda
  1271 00000909 740A                        je .xga2
  1272 0000090B 26F606110080                test byte [es:0x11], 0x80
  1273 00000911 7413                        jz .done
  1274 00000913 EB08                        jmp .retry
  1275                                  .xga2:
  1276 00000915 26F606090080                test byte [es:0x09], 0x80
  1277 0000091B 7409                        jz .done
  1278                                  .retry:
  1279 0000091D E2E4                        loop .inner
  1280 0000091F 4A                          dec dx
  1281 00000920 75DE                        jnz .outer
  1282 00000922 5A                          pop dx
  1283 00000923 59                          pop cx
  1284 00000924 F9                          stc
  1285 00000925 C3                          ret
  1286                                  .done:
  1287 00000926 5A                          pop dx
  1288 00000927 59                          pop cx
  1289 00000928 F8                          clc
  1290 00000929 C3                          ret
  1291                                  
  1292                                  restore_mode:
  1293 0000092A 803E[8209]00                cmp byte [mode_active], 0
  1294 0000092F 744F                        je .done
  1295 00000931 8B16[8A09]                  mov dx, [io_base]
  1296 00000935 83C20A                      add dx, 0x0a
  1297 00000938 B83600                      mov ax, 0x0036                  ; disable hardware sprite
  1298 0000093B EF                          out dx, ax
  1299 0000093C 8B16[8A09]                  mov dx, [io_base]
  1300 00000940 42                          inc dx
  1301 00000941 30C0                        xor al, al
  1302 00000943 EE                          out dx, al
  1303 00000944 8B16[8A09]                  mov dx, [io_base]
  1304 00000948 83C20A                      add dx, 0x0a
  1305 0000094B B864FF                      mov ax, 0xff64
  1306 0000094E EF                          out dx, ax
  1307 0000094F B85015                      mov ax, 0x1550
  1308 00000952 EF                          out dx, ax
  1309 00000953 B85014                      mov ax, 0x1450
  1310 00000956 EF                          out dx, ax
  1311 00000957 B85100                      mov ax, 0x0051
  1312 0000095A EF                          out dx, ax
  1313 0000095B B85404                      mov ax, 0x0454
  1314 0000095E EF                          out dx, ax
  1315 0000095F B8707F                      mov ax, 0x7f70
  1316 00000962 EF                          out dx, ax
  1317 00000963 B82A20                      mov ax, 0x202a
  1318 00000966 EF                          out dx, ax
  1319 00000967 8B16[8A09]                  mov dx, [io_base]
  1320 0000096B B001                        mov al, 1
  1321 0000096D EE                          out dx, al
  1322 0000096E BAC303                      mov dx, 0x3c3
  1323 00000971 EE                          out dx, al
  1324 00000972 B80212                      mov ax, 0x1202
  1325 00000975 B330                        mov bl, 0x30
  1326 00000977 CD10                        int 0x10
  1327 00000979 30E4                        xor ah, ah
  1328 0000097B A0[8109]                    mov al, [old_mode]
  1329 0000097E CD10                        int 0x10
  1330                                  .done:
  1331 00000980 C3                          ret
  1332                                  
  1333 00000981 03                      old_mode db 3
  1334 00000982 00                      mode_active db 0
  1335 00000983 0000                    pos_base dw 0
  1336 00000985 0000                    card_id dw 0
  1337 00000987 00                      pos1 db 0
  1338 00000988 00                      pos3 db 0
  1339 00000989 00                      pos4 db 0
  1340 0000098A 0000                    io_base dw 0
  1341 0000098C 0000                    cp_seg dw 0
  1342 0000098E 00000000                aperture dd 0
  1343 00000992 00000000                cp_aperture dd 0
  1344 00000996 0000                    row dw 0
  1345 00000998 0000                    col dw 0
  1346 0000099A 0000                    pan_x dw 0
  1347 0000099C 0000                    pan_y dw 0
  1348 0000099E 0100                    step_x dw 1
  1349 000009A0 0100                    step_y dw 1
  1350                                  %if PAN_STYLE = 0
  1351 000009A2 00                      vsync_enabled db 0
  1352                                  %endif
  1353 000009A3 FFFF                    hud_last_fps dw 0xffff
  1354 000009A5 00                      fps_started db 0
  1355 000009A6 00000000                fps_start dd 0
  1356 000009AA 00000000                fps_now dd 0
  1357 000009AE 0000                    hud_frames dw 0
  1358 000009B0 0000                    hud_fps10 dw 0
  1359 000009B2 00                      hud_active db 0
  1360 000009B3 00000000                hud_old_addr dd 0
  1361 000009B7 00000000                hud_work_addr dd 0
  1362 000009BB C003                    hud_pitch dw SOURCE_W
  1363 000009BD 0000                    hud_char_base dw 0
  1364 000009BF 000102030404040E04      hud_text db 0, 1, 2, 3, 4, 4, 4, 14, 4 ; FPS:000.0
  1365                                  %if PAN_STYLE = 0
  1366 000009C8 0F                          db 15                             ; optional S at the right
  1367                                  %endif
  1368                                  ; Five-bit rows for F, P, S, colon, digits 0..9, and dot.
  1369                                  hud_glyphs:
  1370 000009C9 1F10101E101010              db 0x1f,0x10,0x10,0x1e,0x10,0x10,0x10
  1371 000009D0 1E11111E101010              db 0x1e,0x11,0x11,0x1e,0x10,0x10,0x10
  1372 000009D7 0F10100E01011E              db 0x0f,0x10,0x10,0x0e,0x01,0x01,0x1e
  1373 000009DE 00040400040400              db 0x00,0x04,0x04,0x00,0x04,0x04,0x00
  1374 000009E5 0E11131519110E              db 0x0e,0x11,0x13,0x15,0x19,0x11,0x0e
  1375 000009EC 040C040404040E              db 0x04,0x0c,0x04,0x04,0x04,0x04,0x0e
  1376 000009F3 0E11010204081F              db 0x0e,0x11,0x01,0x02,0x04,0x08,0x1f
  1377 000009FA 1E01010E01011E              db 0x1e,0x01,0x01,0x0e,0x01,0x01,0x1e
  1378 00000A01 02060A121F0202              db 0x02,0x06,0x0a,0x12,0x1f,0x02,0x02
  1379 00000A08 1F10101E01011E              db 0x1f,0x10,0x10,0x1e,0x01,0x01,0x1e
  1380 00000A0F 0E10101E11110E              db 0x0e,0x10,0x10,0x1e,0x11,0x11,0x0e
  1381 00000A16 1F010204080808              db 0x1f,0x01,0x02,0x04,0x08,0x08,0x08
  1382 00000A1D 0E11110E11110E              db 0x0e,0x11,0x11,0x0e,0x11,0x11,0x0e
  1383 00000A24 0E11110F01010E              db 0x0e,0x11,0x11,0x0f,0x01,0x01,0x0e
  1384 00000A2B 00000000000404              db 0x00,0x00,0x00,0x00,0x00,0x04,0x04
  1385                                  %if PAN_STYLE = 0
  1386 00000A32 00<rep 7h>                  times 7 db 0                      ; blank glyph 15
  1387                                  %endif
  1388 00000A39 00<rep 280h>            hud_saved times 64 * 10 db 0
  1389 00000CB9 00<rep 280h>            hud_canvas times 64 * 10 db 0
  1390                                  %if TEST_MODE = 3
  1391 00000F39 445245414D532E4441-     image_name db 'DREAMS.DAT', 0
  1391 00000F42 5400               
  1392 00000F44 0000                    image_handle dw 0
  1393 00000F46 0400                    load_bank dw 4
  1394 00000F48 00B0                    load_offset dw 0xb000
  1395 00000F4A 0000                    loaded_pages dw 0
  1396 00000F4C 0000                    chunk_pages dw 0
  1397 00000F4E 0000                    chunk_bytes dw 0
  1398 00000F50 <bin 300h>              image_palette incbin "bin/DREAMS.DAT", 0, 768
  1399                                  align 2
  1400 00001250 00<rep 8000h>           image_page times 32768 db 0
  1401                                  %endif
  1402                                  %if PAN_STYLE = 2
  1403                                  cpu_src_addr dd 0
  1404                                  cpu_dst_addr dd 0
  1405                                  %endif
  1406 00009250 447265616D73205847-     msg_start db 'Dreams XGA Flight', 13, 10, '$'
  1406 00009259 4120466C696768740D-
  1406 00009262 0A24               
  1407 00009264 5847412D312F584741-     msg_no_xga db 'XGA-1/XGA-2 not found on MCA.', 13, 10, '$'
  1407 0000926D 2D32206E6F7420666F-
  1407 00009276 756E64206F6E204D43-
  1407 0000927F 412E0D0A24         
  1408 00009284 4E6F20584741203120-     msg_no_aperture db 'No XGA 1 MB or 4 MB aperture in POS.', 13, 10, '$'
  1408 0000928D 4D42206F722034204D-
  1408 00009296 422061706572747572-
  1408 0000929F 6520696E20504F532E-
  1408 000092A8 0D0A24             
  1409 000092AB 50616E6F72616D6120-     msg_no_vram db 'Panorama needs 1 MB XGA VRAM.', 13, 10, '$'
  1409 000092B4 6E656564732031204D-
  1409 000092BD 422058474120565241-
  1409 000092C6 4D2E0D0A24         
  1410 000092CB 445245414D532E4441-     msg_image_error db 'DREAMS.DAT missing or incomplete.', 13, 10, '$'
  1410 000092D4 54206D697373696E67-
  1410 000092DD 206F7220696E636F6D-
  1410 000092E6 706C6574652E0D0A24 
  1411 000092EF 58474120636F70726F-     msg_cp_timeout db 'XGA coprocessor timeout.', 13, 10, '$'
  1411 000092F8 636573736F72207469-
  1411 00009301 6D656F75742E0D0A24 
  1412 0000930A 5847414F4B2E545854-     log_name db 'XGAOK.TXT', 0
  1412 00009313 00                 
  1413 00009314 584741424F4F542E54-     log_boot_name db 'XGABOOT.TXT', 0
  1413 0000931D 585400             
  1414 00009320 5847414445542E5458-     log_detect_name db 'XGADET.TXT', 0
  1414 00009329 5400               
  1415 0000932B 5847414D4F44452E54-     log_mode_name db 'XGAMODE.TXT', 0
  1415 00009334 585400             
  1416 00009337 4E4F5847412E545854-     log_xga_error db 'NOXGA.TXT', 0
  1416 00009340 00                 
  1417 00009341 4E4F415045522E5458-     log_ap_error db 'NOAPER.TXT', 0
  1417 0000934A 5400               
  1418 0000934C 4E4F5652414D2E5458-     log_vram_error db 'NOVRAM.TXT', 0
  1418 00009355 5400               
  1419 00009357 4E4F43502E54585400      log_cp_error db 'NOCP.TXT', 0
  1420 00009360 584741206D6F64652C-     log_text db 'XGA mode, maps, and first BLT command completed.', 13, 10
  1420 00009369 206D6170732C20616E-
  1420 00009372 642066697273742042-
  1420 0000937B 4C5420636F6D6D616E-
  1420 00009384 6420636F6D706C6574-
  1420 0000938D 65642E0D0A         
  1421                                  log_end:
  1422                                  
  1423                                  %include "xga_mode_640.inc"
     1                              <1> ; Generated from XGA Toolkit/XGAKIT.ASM by build_mode_table.py.
     2                              <1> ; Entries: I/O offset, register index (0 for direct), value.
     3                              <1> mode_table:
     4 00009392 040000              <1>     db 0x04, 0x00, 0x00
     5 00009395 0500FF              <1>     db 0x05, 0x00, 0xff
     6 00009398 000004              <1>     db 0x00, 0x00, 0x04
     7 0000939B 0A6400              <1>     db 0x0a, 0x64, 0x00
     8 0000939E 010001              <1>     db 0x01, 0x00, 0x01
     9 000093A1 080000              <1>     db 0x08, 0x00, 0x00
    10 000093A4 060000              <1>     db 0x06, 0x00, 0x00
    11 000093A7 090003              <1>     db 0x09, 0x00, 0x03
    12 000093AA 0A5001              <1>     db 0x0a, 0x50, 0x01
    13 000093AD 0A5000              <1>     db 0x0a, 0x50, 0x00
    14 000093B0 0A1063              <1>     db 0x0a, 0x10, 0x63
    15 000093B3 0A1100              <1>     db 0x0a, 0x11, 0x00
    16 000093B6 0A124F              <1>     db 0x0a, 0x12, 0x4f
    17 000093B9 0A1300              <1>     db 0x0a, 0x13, 0x00
    18 000093BC 0A144F              <1>     db 0x0a, 0x14, 0x4f
    19 000093BF 0A1500              <1>     db 0x0a, 0x15, 0x00
    20 000093C2 0A1663              <1>     db 0x0a, 0x16, 0x63
    21 000093C5 0A1700              <1>     db 0x0a, 0x17, 0x00
    22 000093C8 0A1855              <1>     db 0x0a, 0x18, 0x55
    23 000093CB 0A1900              <1>     db 0x0a, 0x19, 0x00
    24 000093CE 0A1A61              <1>     db 0x0a, 0x1a, 0x61
    25 000093D1 0A1B00              <1>     db 0x0a, 0x1b, 0x00
    26 000093D4 0A1C00              <1>     db 0x0a, 0x1c, 0x00
    27 000093D7 0A1E00              <1>     db 0x0a, 0x1e, 0x00
    28 000093DA 0A200C              <1>     db 0x0a, 0x20, 0x0c
    29 000093DD 0A2102              <1>     db 0x0a, 0x21, 0x02
    30 000093E0 0A22DF              <1>     db 0x0a, 0x22, 0xdf
    31 000093E3 0A2301              <1>     db 0x0a, 0x23, 0x01
    32 000093E6 0A24DF              <1>     db 0x0a, 0x24, 0xdf
    33 000093E9 0A2501              <1>     db 0x0a, 0x25, 0x01
    34 000093EC 0A260C              <1>     db 0x0a, 0x26, 0x0c
    35 000093EF 0A2702              <1>     db 0x0a, 0x27, 0x02
    36 000093F2 0A28EA              <1>     db 0x0a, 0x28, 0xea
    37 000093F5 0A2901              <1>     db 0x0a, 0x29, 0x01
    38 000093F8 0A2AEC              <1>     db 0x0a, 0x2a, 0xec
    39 000093FB 0A2CFF              <1>     db 0x0a, 0x2c, 0xff
    40 000093FE 0A2DFF              <1>     db 0x0a, 0x2d, 0xff
    41 00009401 0A3600              <1>     db 0x0a, 0x36, 0x00
    42 00009404 0A4000              <1>     db 0x0a, 0x40, 0x00
    43 00009407 0A4100              <1>     db 0x0a, 0x41, 0x00
    44 0000940A 0A4200              <1>     db 0x0a, 0x42, 0x00
    45 0000940D 0A4350              <1>     db 0x0a, 0x43, 0x50
    46 00009410 0A4400              <1>     db 0x0a, 0x44, 0x00
    47 00009413 0A5400              <1>     db 0x0a, 0x54, 0x00
    48 00009416 0A5103              <1>     db 0x0a, 0x51, 0x03
    49 00009419 0A7000              <1>     db 0x0a, 0x70, 0x00
    50 0000941C 0A50C7              <1>     db 0x0a, 0x50, 0xc7
    51 0000941F 0A5500              <1>     db 0x0a, 0x55, 0x00
    52 00009422 0A6000              <1>     db 0x0a, 0x60, 0x00
    53 00009425 0A6100              <1>     db 0x0a, 0x61, 0x00
    54 00009428 0A6200              <1>     db 0x0a, 0x62, 0x00
    55 0000942B 0A6300              <1>     db 0x0a, 0x63, 0x00
    56 0000942E 0A64FF              <1>     db 0x0a, 0x64, 0xff
    57 00009431 FF0000              <1>     db 0xff, 0, 0
