     1                                  ; Dreams XGA v2 development baseline - IBM PS/2 MCA XGA-1.
     2                                  ; Functionally identical to the verified v1 binaries until v2 changes begin.
     3                                  ; Build: python prepare_dreams.py, then NASM with PAN_STYLE 1/0/2.
     4                                  ; TEST_MODE=1/2 retain the original gradient and small BitBLT diagnostics.
     5                                  ; Register/mode sources: XGAKIT.ASM, MINI/XGA.INC, NT xgaregs.h/xga.h.
     6                                  
     7                                  cpu 386
     8                                  bits 16
     9                                  org 0x100
    10                                  
    11                                  %ifndef TEST_MODE
    12                                  %define TEST_MODE 3
    13                                  %endif
    14                                  %ifndef PAN_STYLE
    15                                  %define PAN_STYLE 1                 ; 1 = scanout, 0 = BitBLT, 2 = CPU copy
    16                                  %endif
    17                                  
    18                                  SCREEN_W equ 640
    19                                  SCREEN_H equ 480
    20                                  SOURCE_W equ 960
    21                                  SOURCE_H equ 640
    22                                  SOURCE_BASE equ SCREEN_W * SCREEN_H       ; 0x4b000
    23                                  SOURCE_PAGES equ SOURCE_W * SOURCE_H / 4096
    24                                  PAN_MAX_X equ SOURCE_W - SCREEN_W
    25                                  PAN_MAX_Y equ SOURCE_H - SCREEN_H
    26                                  BLT_OP equ 0xA8218000                    ; source map B -> dest A, SRC_COPY
    27                                  %if TEST_MODE = 3
    28                                  %include "dreams_asset.inc"
     1                              <1> ; Generated from Dreams.bmp by prepare_dreams.py
     2                              <1> IMAGE_CRC equ 0x7bcec598
     3                              <1> PROGRESS_COLOR equ 74
     4                              <1> IMAGE_FIRST equ 0
     5                              <1> IMAGE_MIDDLE equ 14
     6                              <1> IMAGE_LAST equ 0
    29                                  PROGRESS_BASE equ 236 * SCREEN_W + 168 - 2 * 65536
    30                                  %else
    31                                  PROGRESS_COLOR equ 255
    32                                  %endif
    33                                  
    34                                  start:
    35 00000000 0E                          push cs
    36 00000001 1F                          pop ds
    37 00000002 B40F                        mov ah, 0x0f
    38 00000004 CD10                        int 0x10
    39 00000006 A2[8009]                    mov [old_mode], al
    40 00000009 BA[0A93]                    mov dx, log_boot_name
    41 0000000C E80C01                      call touch_file
    42 0000000F BA[4692]                    mov dx, msg_start
    43 00000012 E80101                      call puts
    44 00000015 E81201                      call detect_xga
    45 00000018 0F82E900                    jc .no_xga
    46 0000001C BA[1693]                    mov dx, log_detect_name
    47 0000001F E8F900                      call touch_file
    48 00000022 66833E[8D09]00              cmp dword [aperture], 0
    49 00000028 0F84CE00                    je .no_aperture
    50 0000002C E8F901                      call set_xga_mode
    51 0000002F C606[8109]01                mov byte [mode_active], 1
    52 00000034 BA[2193]                    mov dx, log_mode_name
    53 00000037 E8E100                      call touch_file
    54                                  %if TEST_MODE != 1 && TEST_MODE != 3
    55                                      call probe_vram
    56                                      jc .no_vram
    57                                  %endif
    58 0000003A E8EE03                      call set_palette
    59                                  %if TEST_MODE = 1
    60                                      call fill_screen
    61                                      jmp .wait_key
    62                                  %else
    63                                  %if TEST_MODE = 3
    64 0000003D E8FE02                      call check_image_cache
    65 00000040 731B                        jnc .image_ready
    66 00000042 E80D02                      call probe_vram
    67 00000045 0F829B00                    jc .no_vram
    68 00000049 E85D03                      call progress_init
    69 0000004C E83E02                      call open_image
    70 0000004F 0F829F00                    jc .image_error
    71 00000053 E85E02                      call load_image
    72 00000056 0F829800                    jc .image_error
    73 0000005A E82C03                      call mark_image_cache
    74                                  .image_ready:
    75                                  %else
    76                                      call fill_source
    77                                  %endif
    78 0000005D E8BA04                      call setup_maps
    79                                  %if TEST_MODE = 2
    80                                      mov word [es:0x60], 127
    81                                      mov word [es:0x62], 127
    82                                      mov word [es:0x70], 80
    83                                      mov word [es:0x72], 80
    84                                      mov word [es:0x78], 256
    85                                      mov word [es:0x7a], 176
    86                                      mov dword [es:0x7c], BLT_OP
    87                                      call wait_cp
    88                                      jc .cp_timeout
    89                                      jmp .wait_key
    90                                  %else
    91 00000060 26C70660007F02              mov word [es:0x60], SCREEN_W-1
    92 00000067 26C7066200DF01              mov word [es:0x62], SCREEN_H-1
    93                                  %if PAN_STYLE = 2
    94                                      call cpu_blit
    95                                  %else
    96 0000006E E83908                      call full_blit
    97 00000071 7263                        jc .cp_timeout
    98 00000073 E86308                      call log_first_blit
    99                                  %endif
   100                                  %if PAN_STYLE = 1
   101 00000076 E81B05                      call configure_scanout
   102                                  %endif
   103 00000079 E83105                      call setup_sprite_hud
   104                                  .frame:
   105                                  %if PAN_STYLE = 0
   106                                      call wait_cp
   107                                      jc .cp_timeout
   108                                      cmp byte [vsync_enabled], 0
   109                                      je .copy_now
   110                                      call wait_vsync
   111                                      jnc .copy_now
   112                                      mov byte [vsync_enabled], 0    ; status bit did not toggle
   113                                      mov word [hud_last_fps], 0xffff
   114                                      call update_sprite_hud
   115                                  .copy_now:
   116                                      mov ax, [pan_x]
   117                                      mov [es:0x70], ax
   118                                      mov ax, [pan_y]
   119                                      mov [es:0x72], ax
   120                                      mov word [es:0x78], 0
   121                                      mov word [es:0x7a], 0
   122                                      mov dword [es:0x7c], BLT_OP
   123                                      call wait_cp
   124                                      jc .cp_timeout
   125                                      call update_fps
   126                                      call update_sprite_hud
   127                                  %elif PAN_STYLE = 2
   128                                      call cpu_blit
   129                                      call update_fps
   130                                      call update_sprite_hud
   131                                  %else
   132 0000007C E8E705                      call set_view
   133 0000007F E85506                      call update_fps
   134 00000082 E88C05                      call update_sprite_hud
   135 00000085 E82006                      call refresh_source_pages
   136                                  %endif
   137 00000088 B401                        mov ah, 1
   138 0000008A CD16                        int 0x16
   139 0000008C 7408                        jz .animate
   140 0000008E 30E4                        xor ah, ah
   141 00000090 CD16                        int 0x16
   142 00000092 3C1B                        cmp al, 27
   143 00000094 7438                        je .wait_key
   144                                  %if PAN_STYLE = 0
   145                                      cmp al, 's'
   146                                      je .toggle_sync
   147                                      cmp al, 'S'
   148                                      jne .animate
   149                                  .toggle_sync:
   150                                      xor byte [vsync_enabled], 1
   151                                      mov byte [fps_started], 0
   152                                      mov word [hud_frames], 0
   153                                      mov word [hud_fps10], 0
   154                                      mov word [hud_last_fps], 0xffff
   155                                      call update_sprite_hud
   156                                  %endif
   157                                  .animate:
   158 00000096 A1[9909]                    mov ax, [pan_x]
   159 00000099 0306[9D09]                  add ax, [step_x]
   160 0000009D 3D4001                      cmp ax, PAN_MAX_X
   161 000000A0 760C                        jbe .x_ok
   162 000000A2 F71E[9D09]                  neg word [step_x]
   163 000000A6 0306[9D09]                  add ax, [step_x]
   164 000000AA 0306[9D09]                  add ax, [step_x]
   165                                  .x_ok:
   166 000000AE A3[9909]                    mov [pan_x], ax
   167 000000B1 A1[9B09]                    mov ax, [pan_y]
   168 000000B4 0306[9F09]                  add ax, [step_y]
   169 000000B8 3DA000                      cmp ax, PAN_MAX_Y
   170 000000BB 760C                        jbe .y_ok
   171 000000BD F71E[9F09]                  neg word [step_y]
   172 000000C1 0306[9F09]                  add ax, [step_y]
   173 000000C5 0306[9F09]                  add ax, [step_y]
   174                                  .y_ok:
   175 000000C9 A3[9B09]                    mov [pan_y], ax
   176 000000CC EBAE                        jmp .frame
   177                                  %endif
   178                                  %endif
   179                                  .wait_key:
   180                                  %if TEST_MODE != 3
   181                                      xor ah, ah
   182                                      int 0x16
   183                                      cmp al, 27
   184                                      jne .wait_key
   185                                  %endif
   186 000000CE E85808                      call restore_mode
   187 000000D1 B8004C                      mov ax, 0x4c00
   188 000000D4 CD21                        int 0x21
   189                                  .cp_timeout:
   190 000000D6 E85008                      call restore_mode
   191 000000D9 BA[4D93]                    mov dx, log_cp_error
   192 000000DC E83C00                      call touch_file
   193 000000DF BA[E592]                    mov dx, msg_cp_timeout
   194 000000E2 EB2A                        jmp .error
   195                                  .no_vram:
   196 000000E4 E84208                      call restore_mode
   197 000000E7 BA[4293]                    mov dx, log_vram_error
   198 000000EA E82E00                      call touch_file
   199 000000ED BA[A192]                    mov dx, msg_no_vram
   200 000000F0 EB1C                        jmp .error
   201                                  .image_error:
   202 000000F2 E83408                      call restore_mode
   203 000000F5 BA[C192]                    mov dx, msg_image_error
   204 000000F8 EB14                        jmp .error
   205                                  .no_aperture:
   206 000000FA BA[3793]                    mov dx, log_ap_error
   207 000000FD E81B00                      call touch_file
   208 00000100 BA[7A92]                    mov dx, msg_no_aperture
   209 00000103 EB09                        jmp .error
   210                                  .no_xga:
   211 00000105 BA[2D93]                    mov dx, log_xga_error
   212 00000108 E81000                      call touch_file
   213 0000010B BA[5A92]                    mov dx, msg_no_xga
   214                                  .error:
   215 0000010E E80500                      call puts
   216 00000111 B8014C                      mov ax, 0x4c01
   217 00000114 CD21                        int 0x21
   218                                  
   219                                  puts:
   220 00000116 B409                        mov ah, 9
   221 00000118 CD21                        int 0x21
   222 0000011A C3                          ret
   223                                  
   224                                  touch_file:
   225 0000011B B43C                        mov ah, 0x3c
   226 0000011D 31C9                        xor cx, cx
   227 0000011F CD21                        int 0x21
   228 00000121 7206                        jc .done
   229 00000123 89C3                        mov bx, ax
   230 00000125 B43E                        mov ah, 0x3e
   231 00000127 CD21                        int 0x21
   232                                  .done:
   233 00000129 C3                          ret
   234                                  
   235                                  ; BIOS MCA POS enumeration; slot 0 is motherboard, 1..8 are expansion slots.
   236                                  detect_xga:
   237 0000012A B800C4                      mov ax, 0xc400
   238 0000012D CD15                        int 0x15
   239 0000012F 7263                        jc .fail
   240 00000131 8916[8209]                  mov [pos_base], dx
   241 00000135 31C9                        xor cx, cx
   242                                  .slot:
   243 00000137 51                          push cx
   244 00000138 FA                          cli
   245 00000139 09C9                        or cx, cx
   246 0000013B 7506                        jnz .select_slot
   247 0000013D B0DF                        mov al, 0xdf
   248 0000013F E694                        out 0x94, al
   249 00000141 EB09                        jmp .read_pos
   250                                  .select_slot:
   251 00000143 89CB                        mov bx, cx
   252 00000145 B801C4                      mov ax, 0xc401
   253 00000148 CD15                        int 0x15
   254 0000014A 721D                        jc .deselect
   255                                  .read_pos:
   256 0000014C 8B16[8209]                  mov dx, [pos_base]
   257 00000150 ED                          in ax, dx
   258 00000151 A3[8409]                    mov [card_id], ax
   259 00000154 83C202                      add dx, 2                      ; POS byte 1
   260 00000157 EC                          in al, dx
   261 00000158 A2[8609]                    mov [pos1], al
   262 0000015B 83C202                      add dx, 2                      ; POS byte 3 is at base + 4
   263 0000015E EC                          in al, dx
   264 0000015F A2[8709]                    mov [pos3], al
   265 00000162 42                          inc dx                         ; POS byte 4 is at base + 5
   266 00000163 EC                          in al, dx
   267 00000164 240F                        and al, 0x0f
   268 00000166 A2[8809]                    mov [pos4], al
   269                                  .deselect:
   270 00000169 59                          pop cx
   271 0000016A 09C9                        or cx, cx
   272 0000016C 7506                        jnz .normal_slot
   273 0000016E B0FF                        mov al, 0xff
   274 00000170 E694                        out 0x94, al
   275 00000172 EB09                        jmp .compare
   276                                  .normal_slot:
   277 00000174 51                          push cx
   278 00000175 89CB                        mov bx, cx
   279 00000177 B802C4                      mov ax, 0xc402
   280 0000017A CD15                        int 0x15
   281 0000017C 59                          pop cx
   282                                  .compare:
   283 0000017D FB                          sti
   284 0000017E 813E[8409]DB8F              cmp word [card_id], 0x8fdb
   285 00000184 7410                        je .found
   286 00000186 813E[8409]DA8F              cmp word [card_id], 0x8fda
   287 0000018C 7408                        je .found
   288 0000018E 41                          inc cx
   289 0000018F 83F909                      cmp cx, 9
   290 00000192 76A3                        jbe .slot
   291                                  .fail:
   292 00000194 F9                          stc
   293 00000195 C3                          ret
   294                                  .found:
   295                                      ; io = 0x2100 + ((POS1 & 0x0e) << 3)
   296 00000196 31C0                        xor ax, ax
   297 00000198 A0[8609]                    mov al, [pos1]
   298 0000019B 240E                        and al, 0x0e
   299 0000019D C1E003                      shl ax, 3
   300 000001A0 050021                      add ax, 0x2100
   301 000001A3 A3[8909]                    mov [io_base], ax
   302                                      ; ROM = 0xc0000 + ((POS1 >> 4) * 0x2000).
   303                                      ; CP MMIO = ROM + 0x1c00 + (((POS1 & 0x0e)>>1) * 0x80).
   304 000001A6 6631C0                      xor eax, eax
   305 000001A9 A0[8609]                    mov al, [pos1]
   306 000001AC C0E804                      shr al, 4
   307 000001AF 66C1E00D                    shl eax, 13
   308 000001B3 6605001C0C00                add eax, 0xc1c00
   309 000001B9 6631DB                      xor ebx, ebx
   310 000001BC 8A1E[8609]                  mov bl, [pos1]
   311 000001C0 80E30E                      and bl, 0x0e
   312 000001C3 66C1E306                    shl ebx, 6
   313 000001C7 6601D8                      add eax, ebx
   314 000001CA 66C1E804                    shr eax, 4
   315 000001CE A3[8B09]                    mov [cp_seg], ax
   316                                      ; 1 MB aperture physical address from POS4. Fall back to the 4 MB
   317                                      ; aperture from POS3 when the 1 MB aperture is disabled.
   318 000001D1 6631C0                      xor eax, eax
   319 000001D4 A0[8809]                    mov al, [pos4]
   320 000001D7 66C1E014                    shl eax, 20
   321 000001DB 6609C0                      or eax, eax
   322 000001DE 7521                        jnz .ap_ready
   323 000001E0 F606[8709]01                test byte [pos3], 1
   324 000001E5 741A                        jz .ap_ready
   325 000001E7 A0[8709]                    mov al, [pos3]
   326 000001EA 24FE                        and al, 0xfe
   327 000001EC 66C1E018                    shl eax, 24
   328 000001F0 6631DB                      xor ebx, ebx
   329 000001F3 8A1E[8609]                  mov bl, [pos1]
   330 000001F7 80E30E                      and bl, 0x0e
   331 000001FA 66C1E315                    shl ebx, 21
   332 000001FE 6601D8                      add eax, ebx
   333                                  .ap_ready:
   334 00000201 66A3[8D09]                  mov [aperture], eax
   335                                      ; 86Box's XGA coprocessor resolves VRAM pixel maps against the 4 MB
   336                                      ; aperture base, even when the CPU is using the banked 64 KB window.
   337                                      ; This is the address decoded from POS3 plus the XGA instance number.
   338 00000205 6631C0                      xor eax, eax
   339 00000208 A0[8709]                    mov al, [pos3]
   340 0000020B 24FE                        and al, 0xfe
   341 0000020D 66C1E018                    shl eax, 24
   342 00000211 6631DB                      xor ebx, ebx
   343 00000214 8A1E[8609]                  mov bl, [pos1]
   344 00000218 80E30E                      and bl, 0x0e
   345 0000021B 66C1E315                    shl ebx, 21
   346 0000021F 6601D8                      add eax, ebx
   347 00000222 66A3[9109]                  mov [cp_aperture], eax
   348 00000226 F8                          clc
   349 00000227 C3                          ret
   350                                  
   351                                  set_xga_mode:
   352 00000228 BAC303                      mov dx, 0x3c3
   353 0000022B B001                        mov al, 1
   354 0000022D EE                          out dx, al
   355 0000022E BE[8893]                    mov si, mode_table
   356                                  .next:
   357 00000231 AC                          lodsb
   358 00000232 3CFF                        cmp al, 0xff
   359 00000234 741B                        je .done
   360 00000236 88C3                        mov bl, al
   361 00000238 30E4                        xor ah, ah
   362 0000023A 8B16[8909]                  mov dx, [io_base]
   363 0000023E 01C2                        add dx, ax
   364 00000240 AC                          lodsb
   365 00000241 8A24                        mov ah, [si]
   366 00000243 46                          inc si
   367 00000244 80FB0A                      cmp bl, 0x0a
   368 00000247 7405                        je .indexed
   369 00000249 88E0                        mov al, ah
   370 0000024B EE                          out dx, al
   371 0000024C EBE3                        jmp .next
   372                                  .indexed:
   373 0000024E EF                          out dx, ax
   374 0000024F EBE0                        jmp .next
   375                                  .done:
   376 00000251 C3                          ret
   377                                  
   378                                  ; Probe two banks separated by 512 KB; a 512 KB card may mirror page 12.
   379                                  probe_vram:
   380 00000252 8B16[8909]                  mov dx, [io_base]
   381 00000256 83C208                      add dx, 8
   382 00000259 B800A0                      mov ax, 0xa000
   383 0000025C 8EC0                        mov es, ax
   384 0000025E B004                        mov al, 4
   385 00000260 EE                          out dx, al
   386 00000261 26C606000055                mov byte [es:0], 0x55
   387 00000267 B00C                        mov al, 12
   388 00000269 EE                          out dx, al
   389 0000026A 26C6060000A5                mov byte [es:0], 0xa5
   390 00000270 26803E0000A5                cmp byte [es:0], 0xa5
   391 00000276 7510                        jne .fail
   392 00000278 B004                        mov al, 4
   393 0000027A EE                          out dx, al
   394 0000027B 26803E000055                cmp byte [es:0], 0x55
   395 00000281 7505                        jne .fail
   396 00000283 30C0                        xor al, al
   397 00000285 EE                          out dx, al
   398 00000286 F8                          clc
   399 00000287 C3                          ret
   400                                  .fail:
   401 00000288 30C0                        xor al, al
   402 0000028A EE                          out dx, al
   403 0000028B F9                          stc
   404 0000028C C3                          ret
   405                                  
   406                                  ; XGA palette port: index at I/O+0x0a, RGB stream at I/O+0x0b.
   407                                  %if TEST_MODE = 3
   408                                  open_image:
   409 0000028D B8003D                      mov ax, 0x3d00
   410 00000290 BA[2F0F]                    mov dx, image_name
   411 00000293 CD21                        int 0x21
   412 00000295 721B                        jc .fail
   413 00000297 A3[3A0F]                    mov [image_handle], ax
   414 0000029A 89C3                        mov bx, ax
   415 0000029C B80042                      mov ax, 0x4200                 ; palette is embedded in the COM
   416 0000029F 31C9                        xor cx, cx
   417 000002A1 BA0003                      mov dx, 768
   418 000002A4 CD21                        int 0x21
   419 000002A6 7202                        jc .close_fail
   420 000002A8 F8                          clc
   421 000002A9 C3                          ret
   422                                  .close_fail:
   423 000002AA 8B1E[3A0F]                  mov bx, [image_handle]
   424 000002AE B43E                        mov ah, 0x3e
   425 000002B0 CD21                        int 0x21
   426                                  .fail:
   427 000002B2 F9                          stc
   428 000002B3 C3                          ret
   429                                  
   430                                  ; Read up to 32 KB at a time, then copy aligned 4 KB pages to banked VRAM.
   431                                  ; This reduces DOS file reads from 150 to 19 without changing disk format.
   432                                  load_image:
   433 000002B4 C706[3C0F]0400              mov word [load_bank], 4
   434 000002BA C706[3E0F]00B0              mov word [load_offset], 0xb000
   435 000002C0 C706[400F]0000              mov word [loaded_pages], 0
   436 000002C6 BD9600                      mov bp, SOURCE_PAGES
   437                                  .read_chunk:
   438 000002C9 89E8                        mov ax, bp
   439 000002CB 83F808                      cmp ax, 8
   440 000002CE 7603                        jbe .chunk_size_ready
   441 000002D0 B80800                      mov ax, 8
   442                                  .chunk_size_ready:
   443 000002D3 A3[420F]                    mov [chunk_pages], ax
   444 000002D6 C1E00C                      shl ax, 12
   445 000002D9 A3[440F]                    mov [chunk_bytes], ax
   446 000002DC 8B1E[3A0F]                  mov bx, [image_handle]
   447 000002E0 B43F                        mov ah, 0x3f
   448 000002E2 8B0E[440F]                  mov cx, [chunk_bytes]
   449 000002E6 BA[4612]                    mov dx, image_page
   450 000002E9 CD21                        int 0x21
   451 000002EB 7247                        jc .fail
   452 000002ED 3B06[440F]                  cmp ax, [chunk_bytes]
   453 000002F1 7541                        jne .fail
   454 000002F3 BE[4612]                    mov si, image_page
   455                                  .page:
   456 000002F6 B800A0                      mov ax, 0xa000
   457 000002F9 8EC0                        mov es, ax
   458 000002FB 8B1E[3C0F]                  mov bx, [load_bank]
   459 000002FF E80902                      call select_bank
   460 00000302 8B3E[3E0F]                  mov di, [load_offset]
   461 00000306 B90008                      mov cx, 2048
   462 00000309 FC                          cld
   463 0000030A F3A5                        rep movsw
   464 0000030C 8106[3E0F]0010              add word [load_offset], 4096
   465 00000312 7504                        jnz .next
   466 00000314 FF06[3C0F]                  inc word [load_bank]
   467                                  .next:
   468 00000318 FF06[400F]                  inc word [loaded_pages]
   469 0000031C E8DC00                      call progress_update
   470 0000031F 4D                          dec bp
   471 00000320 FF0E[420F]                  dec word [chunk_pages]
   472 00000324 75D0                        jnz .page
   473 00000326 09ED                        or bp, bp
   474 00000328 759F                        jnz .read_chunk
   475 0000032A 8B1E[3A0F]                  mov bx, [image_handle]
   476 0000032E B43E                        mov ah, 0x3e
   477 00000330 CD21                        int 0x21
   478 00000332 F8                          clc
   479 00000333 C3                          ret
   480                                  .fail:
   481 00000334 8B1E[3A0F]                  mov bx, [image_handle]
   482 00000338 B43E                        mov ah, 0x3e
   483 0000033A CD21                        int 0x21
   484 0000033C F9                          stc
   485 0000033D C3                          ret
   486                                  
   487                                  ; Unused VRAM starts at 0xe1000. The marker is written only after a
   488                                  ; complete load, and identifies the exact quantized source image.
   489                                  check_image_cache:
   490 0000033E B800A0                      mov ax, 0xa000
   491 00000341 8EC0                        mov es, ax
   492 00000343 BB0E00                      mov bx, 14
   493 00000346 E8C201                      call select_bank
   494 00000349 2666813E0020445847-         cmp dword [es:0x2000], 0x42475844  ; "DXGB", loader/sprite revision
   494 00000352 42                 
   495 00000353 7532                        jne .miss
   496 00000355 2666813E042098C5CE-         cmp dword [es:0x2004], IMAGE_CRC
   496 0000035E 7B                 
   497 0000035F 7526                        jne .miss
   498 00000361 26803EFF0F00                cmp byte [es:0x0fff], IMAGE_LAST
   499 00000367 751E                        jne .miss
   500 00000369 BB0900                      mov bx, 9
   501 0000036C E89C01                      call select_bank
   502 0000036F 26803E00600E                cmp byte [es:0x6000], IMAGE_MIDDLE
   503 00000375 7510                        jne .miss
   504 00000377 BB0400                      mov bx, 4
   505 0000037A E88E01                      call select_bank
   506 0000037D 26803E00B000                cmp byte [es:0xb000], IMAGE_FIRST
   507 00000383 7502                        jne .miss
   508 00000385 F8                          clc
   509 00000386 C3                          ret
   510                                  .miss:
   511 00000387 F9                          stc
   512 00000388 C3                          ret
   513                                  
   514                                  mark_image_cache:
   515 00000389 B800A0                      mov ax, 0xa000
   516 0000038C 8EC0                        mov es, ax
   517 0000038E BB0E00                      mov bx, 14
   518 00000391 E87701                      call select_bank
   519 00000394 2666C7060020445847-         mov dword [es:0x2000], 0x42475844
   519 0000039D 42                 
   520 0000039E 2666C706042098C5CE-         mov dword [es:0x2004], IMAGE_CRC
   520 000003A7 7B                 
   521 000003A8 C3                          ret
   522                                  
   523                                  ; Draw a PC1-BMP-inspired loading indicator in the XGA framebuffer.
   524                                  ; The advancing strip represents 150 transferred 4 KB source pages.
   525                                  progress_init:
   526 000003A9 B800A0                      mov ax, 0xa000
   527 000003AC 8EC0                        mov es, ax
   528 000003AE FC                          cld
   529 000003AF 31DB                        xor bx, bx
   530 000003B1 BD0400                      mov bp, 4
   531 000003B4 31C0                        xor ax, ax
   532                                  .bank:
   533 000003B6 E85201                      call select_bank
   534 000003B9 31FF                        xor di, di
   535 000003BB B90080                      mov cx, 32768
   536 000003BE F3AB                        rep stosw
   537 000003C0 43                          inc bx
   538 000003C1 4D                          dec bp
   539 000003C2 75F2                        jnz .bank
   540 000003C4 E84401                      call select_bank               ; bank 4, only display bytes
   541 000003C7 31FF                        xor di, di
   542 000003C9 B90058                      mov cx, (SCREEN_W * SCREEN_H - 4 * 65536) / 2
   543 000003CC F3AB                        rep stosw
   544 000003CE BB0200                      mov bx, 2
   545 000003D1 E83701                      call select_bank
   546 000003D4 B04A                        mov al, PROGRESS_COLOR
   547 000003D6 BFA84E                      mov di, PROGRESS_BASE
   548 000003D9 B93001                      mov cx, 304
   549 000003DC F3AA                        rep stosb
   550 000003DE BF286A                      mov di, PROGRESS_BASE + 11 * SCREEN_W
   551 000003E1 B93001                      mov cx, 304
   552 000003E4 F3AA                        rep stosb
   553 000003E6 BF2851                      mov di, PROGRESS_BASE + SCREEN_W
   554 000003E9 B90A00                      mov cx, 10
   555                                  .sides:
   556 000003EC 268805                      mov [es:di], al
   557 000003EF 2688852F01                  mov [es:di+303], al
   558 000003F4 81C78002                    add di, SCREEN_W
   559 000003F8 E2F2                        loop .sides
   560 000003FA C3                          ret
   561                                  
   562                                  progress_update:
   563 000003FB 50                          push ax
   564 000003FC 53                          push bx
   565 000003FD 51                          push cx
   566 000003FE 57                          push di
   567 000003FF 06                          push es
   568 00000400 B800A0                      mov ax, 0xa000
   569 00000403 8EC0                        mov es, ax
   570 00000405 BB0200                      mov bx, 2
   571 00000408 E80001                      call select_bank
   572 0000040B A1[400F]                    mov ax, [loaded_pages]
   573 0000040E 48                          dec ax
   574 0000040F D1E0                        shl ax, 1
   575 00000411 05AA53                      add ax, PROGRESS_BASE + 2 * SCREEN_W + 2
   576 00000414 89C7                        mov di, ax
   577 00000416 B84A4A                      mov ax, PROGRESS_COLOR * 257
   578 00000419 B90800                      mov cx, 8
   579                                  .row:
   580 0000041C 268905                      mov [es:di], ax
   581 0000041F 81C78002                    add di, SCREEN_W
   582 00000423 E2F7                        loop .row
   583 00000425 07                          pop es
   584 00000426 5F                          pop di
   585 00000427 59                          pop cx
   586 00000428 5B                          pop bx
   587 00000429 58                          pop ax
   588 0000042A C3                          ret
   589                                  %endif
   590                                  
   591                                  set_palette:
   592 0000042B 8B16[8909]                  mov dx, [io_base]
   593 0000042F 83C20A                      add dx, 0x0a
   594 00000432 B86400                      mov ax, 0x0064
   595 00000435 EF                          out dx, ax
   596 00000436 B86600                      mov ax, 0x0066
   597 00000439 EF                          out dx, ax
   598 0000043A B86000                      mov ax, 0x0060
   599 0000043D EF                          out dx, ax
   600 0000043E B86100                      mov ax, 0x0061
   601 00000441 EF                          out dx, ax
   602 00000442 B065                        mov al, 0x65
   603 00000444 EE                          out dx, al
   604 00000445 42                          inc dx
   605                                  %if TEST_MODE = 3
   606 00000446 BE[460F]                    mov si, image_palette
   607 00000449 B90003                      mov cx, 768
   608                                  .color:
   609 0000044C AC                          lodsb
   610 0000044D EE                          out dx, al
   611 0000044E E2FC                        loop .color
   612                                  %else
   613                                      xor bx, bx
   614                                  .color:
   615                                      ; RRRGGGBB -> three 8-bit DAC components.
   616                                      mov ax, bx
   617                                      and al, 0xe0
   618                                      out dx, al
   619                                      mov ax, bx
   620                                      and al, 0x1c
   621                                      shl al, 3
   622                                      out dx, al
   623                                      mov ax, bx
   624                                      and al, 3
   625                                      shl al, 6
   626                                      out dx, al
   627                                      inc bx
   628                                      cmp bx, 256
   629                                      jb .color
   630                                  %endif
   631 00000450 4A                          dec dx
   632 00000451 B864FF                      mov ax, 0xff64
   633 00000454 EF                          out dx, ax
   634 00000455 C3                          ret
   635                                  
   636                                  ; On stage 1, fill visible screen by CPU solely to verify mode and banking.
   637                                  fill_screen:
   638 00000456 B800A0                      mov ax, 0xa000
   639 00000459 8EC0                        mov es, ax
   640 0000045B 31FF                        xor di, di
   641 0000045D 31DB                        xor bx, bx
   642 0000045F C706[9509]0000              mov word [row], 0
   643                                  .row:
   644 00000465 B98002                      mov cx, SCREEN_W
   645 00000468 A0[9509]                    mov al, [row]
   646                                  .pixel:
   647 0000046B 268805                      mov [es:di], al
   648 0000046E 47                          inc di
   649 0000046F 7504                        jnz .no_wrap
   650 00000471 43                          inc bx
   651 00000472 E89600                      call select_bank
   652                                  .no_wrap:
   653 00000475 E2F4                        loop .pixel
   654 00000477 FF06[9509]                  inc word [row]
   655 0000047B 813E[9509]E001              cmp word [row], SCREEN_H
   656 00000481 72E2                        jb .row
   657 00000483 C3                          ret
   658                                  
   659                                  ; Source is 800*800 bytes at offset 307200 in 1 MB of VRAM.
   660                                  ; CPU loads the image once through the 64 KB banked A000 window.
   661                                  fill_source:
   662 00000484 B800A0                      mov ax, 0xa000
   663 00000487 8EC0                        mov es, ax
   664 00000489 BB0400                      mov bx, 4
   665 0000048C E87C00                      call select_bank
   666 0000048F BF00B0                      mov di, 0xb000
   667 00000492 C706[9509]0000              mov word [row], 0
   668                                  .row:
   669 00000498 C706[9709]0000              mov word [col], 0
   670                                  .pixel:
   671 0000049E A1[9509]                    mov ax, [row]
   672 000004A1 3DF000                      cmp ax, 240
   673 000004A4 7309                        jae .ground
   674 000004A6 C1E804                      shr ax, 4
   675 000004A9 241C                        and al, 0x1c
   676 000004AB 0C03                        or al, 3
   677 000004AD EB27                        jmp .grid
   678                                  .ground:
   679 000004AF A1[9709]                    mov ax, [col]
   680 000004B2 83E07F                      and ax, 127
   681 000004B5 D1E8                        shr ax, 1
   682 000004B7 05F000                      add ax, 240
   683 000004BA 3906[9509]                  cmp [row], ax
   684 000004BE 720C                        jb .mountain
   685 000004C0 A1[9509]                    mov ax, [row]
   686 000004C3 C1E805                      shr ax, 5
   687 000004C6 241C                        and al, 0x1c
   688 000004C8 0C84                        or al, 0x84
   689 000004CA EB0A                        jmp .grid
   690                                  .mountain:
   691 000004CC A1[9709]                    mov ax, [col]
   692 000004CF C1E804                      shr ax, 4
   693 000004D2 241C                        and al, 0x1c
   694 000004D4 0CA0                        or al, 0xa0
   695                                  .grid:
   696 000004D6 F706[9709]3F00              test word [col], 63
   697 000004DC 7408                        jz .line
   698 000004DE F706[9509]3F00              test word [row], 63
   699 000004E4 7502                        jnz .store
   700                                  .line:
   701 000004E6 B0FF                        mov al, 0xff
   702                                  .store:
   703 000004E8 268805                      mov [es:di], al
   704 000004EB 47                          inc di
   705 000004EC 7504                        jnz .bank_ok
   706 000004EE 43                          inc bx
   707 000004EF E81900                      call select_bank
   708                                  .bank_ok:
   709 000004F2 FF06[9709]                  inc word [col]
   710 000004F6 813E[9709]C003              cmp word [col], SOURCE_W
   711 000004FC 72A0                        jb .pixel
   712 000004FE FF06[9509]                  inc word [row]
   713 00000502 813E[9509]8002              cmp word [row], SOURCE_H
   714 00000508 728E                        jb .row
   715 0000050A C3                          ret
   716                                  
   717                                  select_bank:
   718 0000050B 50                          push ax
   719 0000050C 52                          push dx
   720 0000050D 8B16[8909]                  mov dx, [io_base]
   721 00000511 83C208                      add dx, 8
   722 00000514 89D8                        mov ax, bx
   723 00000516 EE                          out dx, al
   724 00000517 5A                          pop dx
   725 00000518 58                          pop ax
   726 00000519 C3                          ret
   727                                  
   728                                  setup_maps:
   729 0000051A A1[8B09]                    mov ax, [cp_seg]
   730 0000051D 8EC0                        mov es, ax
   731 0000051F 26C606110000                mov byte [es:0x11], 0
   732 00000525 26C606120001                mov byte [es:0x12], 1            ; destination map A
   733 0000052B 66A1[9109]                  mov eax, [cp_aperture]
   734 0000052F 2666A31400                  mov [es:0x14], eax
   735 00000534 26C70618007F02              mov word [es:0x18], SCREEN_W-1
   736 0000053B 26C7061A00DF01              mov word [es:0x1a], SCREEN_H-1
   737 00000542 26C6061C0003                mov byte [es:0x1c], 3
   738 00000548 26C606120002                mov byte [es:0x12], 2            ; off-screen source map B
   739 0000054E 660500B00400                add eax, SOURCE_BASE
   740 00000554 2666A31400                  mov [es:0x14], eax
   741 00000559 26C7061800BF03              mov word [es:0x18], SOURCE_W-1
   742 00000560 26C7061A007F02              mov word [es:0x1a], SOURCE_H-1
   743 00000567 26C6061C0003                mov byte [es:0x1c], 3
   744 0000056D 26C6064A0004                mov byte [es:0x4a], 4            ; color compare disabled
   745 00000573 2666C7065000FF0000-         mov dword [es:0x50], 0xff
   745 0000057C 00                 
   746 0000057D 2666C7065400FF0000-         mov dword [es:0x54], 0xff
   746 00000586 00                 
   747 00000587 26C606480003                mov byte [es:0x48], 3            ; XGA_S
   748 0000058D 26C606490003                mov byte [es:0x49], 3
   749 00000593 C3                          ret
   750                                  
   751                                  %if PAN_STYLE = 1
   752                                  ; Scan the 960-pixel-wide source image directly. XGA display start is in
   753                                  ; dwords, and display pitch is expressed in units of eight pixels.
   754                                  configure_scanout:
   755 00000594 C706[9D09]0400              mov word [step_x], 4
   756 0000059A 8B16[8909]                  mov dx, [io_base]
   757 0000059E 83C20A                      add dx, 0x0a
   758 000005A1 B84378                      mov ax, 0x7843                  ; 960 / 8 pixels per scan line
   759 000005A4 EF                          out dx, ax
   760 000005A5 B84400                      mov ax, 0x0044
   761 000005A8 EF                          out dx, ax
   762 000005A9 E8BA00                      call set_view
   763 000005AC C3                          ret
   764                                  
   765                                  %endif
   766                                  
   767                                  ; XGA's 64x64 hardware sprite is independent of the scanned framebuffer.
   768                                  ; These register values and sprite-data writes reproduce DREAMS.COM from
   769                                  ; dreams_xga_20260926_193007.img, the version the user verified in 86Box.
   770                                  setup_sprite_hud:
   771 000005AD 6660                        pushad
   772 000005AF 8B16[8909]                  mov dx, [io_base]
   773 000005B3 83C20A                      add dx, 0x0a
   774 000005B6 B83008                      mov ax, 0x0830                  ; sprite X = 8
   775 000005B9 EF                          out dx, ax
   776 000005BA B83100                      mov ax, 0x0031
   777 000005BD EF                          out dx, ax
   778 000005BE B83200                      mov ax, 0x0032                  ; X hotspot = 0
   779 000005C1 EF                          out dx, ax
   780 000005C2 B83308                      mov ax, 0x0833                  ; sprite Y = 8
   781 000005C5 EF                          out dx, ax
   782 000005C6 B83400                      mov ax, 0x0034
   783 000005C9 EF                          out dx, ax
   784 000005CA B83500                      mov ax, 0x0035                  ; Y hotspot = 0
   785 000005CD EF                          out dx, ax
   786 000005CE B83800                      mov ax, 0x0038                  ; sprite color 0 = black
   787 000005D1 EF                          out dx, ax
   788 000005D2 B83900                      mov ax, 0x0039
   789 000005D5 EF                          out dx, ax
   790 000005D6 B83A00                      mov ax, 0x003a
   791 000005D9 EF                          out dx, ax
   792 000005DA B83BFF                      mov ax, 0xff3b                  ; sprite color 1 = white
   793 000005DD EF                          out dx, ax
   794 000005DE B83CFF                      mov ax, 0xff3c
   795 000005E1 EF                          out dx, ax
   796 000005E2 B83DFF                      mov ax, 0xff3d
   797 000005E5 EF                          out dx, ax
   798 000005E6 B86000                      mov ax, 0x0060                  ; sprite data position = 0
   799 000005E9 EF                          out dx, ax
   800 000005EA B86100                      mov ax, 0x0061
   801 000005ED EF                          out dx, ax
   802 000005EE B06A                        mov al, 0x6a                  ; sprite data stream register
   803 000005F0 EE                          out dx, al
   804 000005F1 42                          inc dx
   805 000005F2 B0AA                        mov al, 0xaa                  ; four transparent 2-bit pixels
   806 000005F4 B90004                      mov cx, 1024
   807                                  .clear:
   808 000005F7 EE                          out dx, al
   809 000005F8 E2FD                        loop .clear
   810 000005FA C706[A109]FFFF              mov word [hud_last_fps], 0xffff
   811 00000600 E80E00                      call update_sprite_hud
   812 00000603 8B16[8909]                  mov dx, [io_base]
   813 00000607 83C20A                      add dx, 0x0a
   814 0000060A B83601                      mov ax, 0x0136                  ; enable hardware sprite
   815 0000060D EF                          out dx, ax
   816 0000060E 6661                        popad
   817 00000610 C3                          ret
   818                                  
   819                                  update_sprite_hud:
   820 00000611 6660                        pushad
   821 00000613 A1[AE09]                    mov ax, [hud_fps10]
   822 00000616 3B06[A109]                  cmp ax, [hud_last_fps]
   823 0000061A 7447                        je .done
   824 0000061C A3[A109]                    mov [hud_last_fps], ax
   825 0000061F E80802                      call render_hud
   826 00000622 8B16[8909]                  mov dx, [io_base]
   827 00000626 83C20A                      add dx, 0x0a
   828 00000629 B86000                      mov ax, 0x0060
   829 0000062C EF                          out dx, ax
   830 0000062D B86100                      mov ax, 0x0061
   831 00000630 EF                          out dx, ax
   832 00000631 B06A                        mov al, 0x6a
   833 00000633 EE                          out dx, al
   834 00000634 42                          inc dx
   835 00000635 BE[AF0C]                    mov si, hud_canvas
   836 00000638 BDA000                      mov bp, 64 * 10 / 4
   837                                  .group:
   838 0000063B B0AA                        mov al, 0xaa
   839 0000063D 803C00                      cmp byte [si], 0
   840 00000640 7402                        je .pixel1
   841 00000642 3403                        xor al, 0x03
   842                                  .pixel1:
   843 00000644 807C0100                    cmp byte [si+1], 0
   844 00000648 7402                        je .pixel2
   845 0000064A 340C                        xor al, 0x0c
   846                                  .pixel2:
   847 0000064C 807C0200                    cmp byte [si+2], 0
   848 00000650 7402                        je .pixel3
   849 00000652 3430                        xor al, 0x30
   850                                  .pixel3:
   851 00000654 807C0300                    cmp byte [si+3], 0
   852 00000658 7402                        je .write
   853 0000065A 34C0                        xor al, 0xc0
   854                                  .write:
   855 0000065C EE                          out dx, al
   856 0000065D 83C604                      add si, 4
   857 00000660 4D                          dec bp
   858 00000661 75D8                        jnz .group
   859                                  .done:
   860 00000663 6661                        popad
   861 00000665 C3                          ret
   862                                  
   863                                  %if PAN_STYLE = 1
   864                                  set_view:
   865 00000666 660FB706[9B09]              movzx eax, word [pan_y]
   866 0000066C 6669C0C0030000              imul eax, eax, SOURCE_W
   867 00000673 660FB71E[9909]              movzx ebx, word [pan_x]
   868 00000679 6601D8                      add eax, ebx
   869 0000067C 660500B00400                add eax, SOURCE_BASE
   870 00000682 66C1E802                    shr eax, 2
   871 00000686 6689C3                      mov ebx, eax
   872 00000689 8B16[8909]                  mov dx, [io_base]
   873 0000068D 83C20A                      add dx, 0x0a
   874 00000690 88DC                        mov ah, bl
   875 00000692 B040                        mov al, 0x40
   876 00000694 EF                          out dx, ax
   877 00000695 66C1EB08                    shr ebx, 8
   878 00000699 88DC                        mov ah, bl
   879 0000069B B041                        mov al, 0x41
   880 0000069D EF                          out dx, ax
   881 0000069E 66C1EB08                    shr ebx, 8
   882 000006A2 88DC                        mov ah, bl
   883 000006A4 B042                        mov al, 0x42                  ; latches start address in 86Box
   884 000006A6 EF                          out dx, ax
   885 000006A7 C3                          ret
   886                                  
   887                                  ; 86Box skips unmodified VRAM pages during scanout. Rewriting one unchanged
   888                                  ; byte per 4 KB page marks the source image for redraw after a start change.
   889                                  refresh_source_pages:
   890 000006A8 50                          push ax
   891 000006A9 53                          push bx
   892 000006AA 56                          push si
   893 000006AB 55                          push bp
   894 000006AC 06                          push es
   895 000006AD B800A0                      mov ax, 0xa000
   896 000006B0 8EC0                        mov es, ax
   897 000006B2 BB0400                      mov bx, 4
   898 000006B5 E853FE                      call select_bank
   899 000006B8 BE00B0                      mov si, 0xb000
   900 000006BB BD9600                      mov bp, SOURCE_PAGES          ; pages 0x4b000 through 0xe0000
   901                                  .page:
   902 000006BE 268A04                      mov al, [es:si]
   903 000006C1 268804                      mov [es:si], al
   904 000006C4 81C60010                    add si, 4096
   905 000006C8 7504                        jnz .next
   906 000006CA 43                          inc bx
   907 000006CB E83DFE                      call select_bank
   908                                  .next:
   909 000006CE 4D                          dec bp
   910 000006CF 75ED                        jnz .page
   911 000006D1 07                          pop es
   912 000006D2 5D                          pop bp
   913 000006D3 5E                          pop si
   914 000006D4 5B                          pop bx
   915 000006D5 58                          pop ax
   916 000006D6 C3                          ret
   917                                  %endif
   918                                  
   919                                  %if PAN_STYLE = 0
   920                                  ; Start each BitBLT at a new vertical retrace when S mode is enabled.
   921                                  ; Input Status 1 bit 3 is also driven by 86Box's XGA scanout. Bounded
   922                                  ; polling keeps the demo responsive if a machine does not expose the bit.
   923                                  wait_vsync:
   924                                      push ax
   925                                      push cx
   926                                      push dx
   927                                      mov dx, 0x3da
   928                                      mov cx, 0xffff
   929                                  .leave_retrace:
   930                                      in al, dx
   931                                      test al, 8
   932                                      jz .wait_retrace
   933                                      loop .leave_retrace
   934                                      jmp .timeout
   935                                  .wait_retrace:
   936                                      mov cx, 0xffff
   937                                  .rise:
   938                                      in al, dx
   939                                      test al, 8
   940                                      jnz .synced
   941                                      loop .rise
   942                                  .timeout:
   943                                      stc
   944                                      jmp .done
   945                                  .synced:
   946                                      clc
   947                                  .done:
   948                                      pop dx
   949                                      pop cx
   950                                      pop ax
   951                                      ret
   952                                  %endif
   953                                  
   954                                  ; Count completed panorama steps over at least 36 BIOS clock ticks (~2 s).
   955                                  ; A slow frame can span several seconds; tick subtraction preserves that time.
   956                                  ; This measures the guest animation loop, not host-window presentation.
   957                                  update_fps:
   958 000006D7 6660                        pushad
   959 000006D9 30E4                        xor ah, ah
   960 000006DB CD1A                        int 0x1a
   961 000006DD 660FB7C1                    movzx eax, cx
   962 000006E1 66C1E010                    shl eax, 16
   963 000006E5 89D0                        mov ax, dx
   964 000006E7 66A3[A809]                  mov [fps_now], eax
   965 000006EB 803E[A309]00                cmp byte [fps_started], 0
   966 000006F0 750B                        jne .elapsed
   967 000006F2 66A3[A409]                  mov [fps_start], eax
   968 000006F6 C606[A309]01                mov byte [fps_started], 1
   969 000006FB EB4C                        jmp .done                      ; this completed frame precedes the timer
   970                                  .elapsed:
   971 000006FD FF06[AC09]                  inc word [hud_frames]
   972 00000701 6689C3                      mov ebx, eax
   973 00000704 662B1E[A409]                sub ebx, [fps_start]
   974 00000709 7307                        jnc .delta_ready
   975 0000070B 6681C3B0001800              add ebx, 0x1800b0             ; BIOS midnight rollover
   976                                  .delta_ready:
   977 00000712 6683FB24                    cmp ebx, 36
   978 00000716 7231                        jb .done
   979 00000718 660FB706[AC09]              movzx eax, word [hud_frames]
   980 0000071E 66B9B6000000                mov ecx, 182                  ; 18.2 ticks/s * 10 for tenths
   981 00000724 66F7E1                      mul ecx
   982 00000727 6631D2                      xor edx, edx
   983 0000072A 66F7F3                      div ebx
   984 0000072D 663D0F270000                cmp eax, 9999
   985 00000733 7603                        jbe .store
   986                                  .cap:
   987 00000735 B80F27                      mov ax, 9999
   988                                  .store:
   989 00000738 A3[AE09]                    mov [hud_fps10], ax
   990 0000073B 66A1[A809]                  mov eax, [fps_now]
   991 0000073F 66A3[A409]                  mov [fps_start], eax
   992 00000743 C706[AC09]0000              mov word [hud_frames], 0
   993                                  .done:
   994 00000749 6661                        popad
   995 0000074B C3                          ret
   996                                  
   997                                  restore_hud:
   998 0000074C 803E[B009]00                cmp byte [hud_active], 0
   999 00000751 740E                        je .done
  1000 00000753 66A1[B109]                  mov eax, [hud_old_addr]
  1001 00000757 66A3[B509]                  mov [hud_work_addr], eax
  1002 0000075B BE[2F0A]                    mov si, hud_saved
  1003 0000075E E88B00                      call copy_to_vram
  1004                                  .done:
  1005 00000761 C3                          ret
  1006                                  
  1007                                  show_hud:
  1008                                  %if PAN_STYLE = 1
  1009                                      ; Legacy VRAM text path is retained so the verified 193007 DREAMS
  1010                                      ; binary remains reproducible. The active FPS path is the sprite above.
  1011 00000762 660FB706[9B09]              movzx eax, word [pan_y]
  1012 00000768 6683C008                    add eax, 8
  1013 0000076C 6669C0C0030000              imul eax, eax, SOURCE_W
  1014 00000773 660FB71E[9909]              movzx ebx, word [pan_x]
  1015 00000779 6601D8                      add eax, ebx
  1016 0000077C 660508B00400                add eax, SOURCE_BASE + 8
  1017 00000782 66A3[B109]                  mov [hud_old_addr], eax
  1018 00000786 66A3[B509]                  mov [hud_work_addr], eax
  1019 0000078A C706[B909]C003              mov word [hud_pitch], SOURCE_W
  1020                                  %else
  1021                                      mov dword [hud_old_addr], 2 * SCREEN_W + 8
  1022                                      mov eax, [hud_old_addr]
  1023                                      mov [hud_work_addr], eax
  1024                                      mov word [hud_pitch], SCREEN_W
  1025                                  %endif
  1026 00000790 BE[2F0A]                    mov si, hud_saved
  1027 00000793 E81700                      call copy_from_vram
  1028 00000796 E89100                      call render_hud
  1029 00000799 66A1[B109]                  mov eax, [hud_old_addr]
  1030 0000079D 66A3[B509]                  mov [hud_work_addr], eax
  1031 000007A1 BE[AF0C]                    mov si, hud_canvas
  1032 000007A4 E84500                      call copy_to_vram
  1033 000007A7 C606[B009]01                mov byte [hud_active], 1
  1034 000007AC C3                          ret
  1035                                  
  1036                                  ; Rectangle copy: 64 x 10 bytes at hud_work_addr.
  1037                                  ; Recompute the bank for each row and also handle a row crossing a bank edge.
  1038                                  copy_from_vram:
  1039 000007AD 6660                        pushad
  1040 000007AF 06                          push es
  1041 000007B0 B800A0                      mov ax, 0xa000
  1042 000007B3 8EC0                        mov es, ax
  1043 000007B5 BD0A00                      mov bp, 10
  1044                                  .row:
  1045 000007B8 66A1[B509]                  mov eax, [hud_work_addr]
  1046 000007BC 6689C3                      mov ebx, eax
  1047 000007BF 66C1EB10                    shr ebx, 16
  1048 000007C3 89C7                        mov di, ax
  1049 000007C5 E843FD                      call select_bank
  1050 000007C8 B94000                      mov cx, 64
  1051                                  .pixel:
  1052 000007CB 268A05                      mov al, [es:di]
  1053 000007CE 8804                        mov [si], al
  1054 000007D0 46                          inc si
  1055 000007D1 47                          inc di
  1056 000007D2 7504                        jnz .same_bank
  1057 000007D4 43                          inc bx
  1058 000007D5 E833FD                      call select_bank
  1059                                  .same_bank:
  1060 000007D8 E2F1                        loop .pixel
  1061 000007DA 660FB706[B909]              movzx eax, word [hud_pitch]
  1062 000007E0 660106[B509]                add [hud_work_addr], eax
  1063 000007E5 4D                          dec bp
  1064 000007E6 75D0                        jnz .row
  1065 000007E8 07                          pop es
  1066 000007E9 6661                        popad
  1067 000007EB C3                          ret
  1068                                  
  1069                                  copy_to_vram:
  1070 000007EC 6660                        pushad
  1071 000007EE 06                          push es
  1072 000007EF FC                          cld
  1073 000007F0 B800A0                      mov ax, 0xa000
  1074 000007F3 8EC0                        mov es, ax
  1075 000007F5 BD0A00                      mov bp, 10
  1076                                  .row:
  1077 000007F8 66A1[B509]                  mov eax, [hud_work_addr]
  1078 000007FC 6689C3                      mov ebx, eax
  1079 000007FF 66C1EB10                    shr ebx, 16
  1080 00000803 89C7                        mov di, ax
  1081 00000805 E803FD                      call select_bank
  1082 00000808 B94000                      mov cx, 64
  1083                                  .pixel:
  1084 0000080B AC                          lodsb
  1085 0000080C 268805                      mov [es:di], al
  1086 0000080F 47                          inc di
  1087 00000810 7504                        jnz .same_bank
  1088 00000812 43                          inc bx
  1089 00000813 E8F5FC                      call select_bank
  1090                                  .same_bank:
  1091 00000816 E2F3                        loop .pixel
  1092 00000818 660FB706[B909]              movzx eax, word [hud_pitch]
  1093 0000081E 660106[B509]                add [hud_work_addr], eax
  1094 00000823 4D                          dec bp
  1095 00000824 75D2                        jnz .row
  1096 00000826 07                          pop es
  1097 00000827 6661                        popad
  1098 00000829 C3                          ret
  1099                                  
  1100                                  render_hud:
  1101 0000082A 6660                        pushad
  1102 0000082C 06                          push es
  1103 0000082D 1E                          push ds
  1104 0000082E 07                          pop es
  1105 0000082F FC                          cld
  1106 00000830 BF[AF0C]                    mov di, hud_canvas
  1107 00000833 B98002                      mov cx, 64 * 10
  1108 00000836 30C0                        xor al, al
  1109 00000838 F3AA                        rep stosb
  1110 0000083A A1[AE09]                    mov ax, [hud_fps10]
  1111 0000083D BB0A00                      mov bx, 10
  1112 00000840 31D2                        xor dx, dx
  1113 00000842 F7F3                        div bx
  1114 00000844 80C204                      add dl, 4
  1115 00000847 8816[C509]                  mov [hud_text+8], dl          ; tenths
  1116 0000084B 31D2                        xor dx, dx
  1117 0000084D F7F3                        div bx
  1118 0000084F 80C204                      add dl, 4
  1119 00000852 8816[C309]                  mov [hud_text+6], dl          ; ones
  1120 00000856 31D2                        xor dx, dx
  1121 00000858 F7F3                        div bx
  1122 0000085A 80C204                      add dl, 4
  1123 0000085D 8816[C209]                  mov [hud_text+5], dl          ; tens
  1124 00000861 0404                        add al, 4
  1125 00000863 A2[C109]                    mov [hud_text+4], al          ; hundreds
  1126                                  %if PAN_STYLE = 0
  1127                                      mov byte [hud_text+9], 15     ; blank when running without VSYNC wait
  1128                                      cmp byte [vsync_enabled], 0
  1129                                      je .mode_ready
  1130                                      mov byte [hud_text+9], 2      ; S marks synchronized BitBLT
  1131                                  .mode_ready:
  1132                                  %endif
  1133 00000866 C706[BB09][F00C]            mov word [hud_char_base], hud_canvas + 65
  1134 0000086C 31DB                        xor bx, bx
  1135                                  .char:
  1136 0000086E 8A87[BD09]                  mov al, [hud_text+bx]
  1137 00000872 B107                        mov cl, 7
  1138 00000874 F6E1                        mul cl
  1139 00000876 BE[C609]                    mov si, hud_glyphs
  1140 00000879 01C6                        add si, ax
  1141 0000087B 8B3E[BB09]                  mov di, [hud_char_base]
  1142 0000087F BD0700                      mov bp, 7
  1143                                  .row:
  1144 00000882 8A14                        mov dl, [si]
  1145 00000884 B90500                      mov cx, 5
  1146                                  .bit:
  1147 00000887 F6C210                      test dl, 0x10
  1148 0000088A 7403                        jz .skip
  1149 0000088C C6054A                      mov byte [di], PROGRESS_COLOR
  1150                                  .skip:
  1151 0000088F D0E2                        shl dl, 1
  1152 00000891 47                          inc di
  1153 00000892 E2F3                        loop .bit
  1154 00000894 46                          inc si
  1155 00000895 83C73B                      add di, 59
  1156 00000898 4D                          dec bp
  1157 00000899 75E7                        jnz .row
  1158 0000089B 8306[BB09]06                add word [hud_char_base], 6
  1159 000008A0 43                          inc bx
  1160                                  %if PAN_STYLE = 0
  1161                                      cmp bx, 10
  1162                                  %else
  1163 000008A1 83FB09                      cmp bx, 9
  1164                                  %endif
  1165 000008A4 72C8                        jb .char
  1166 000008A6 07                          pop es
  1167 000008A7 6661                        popad
  1168 000008A9 C3                          ret
  1169                                  
  1170                                  %if PAN_STYLE = 2
  1171                                  ; CPU-only comparison: read each 640-byte row through the banked A000
  1172                                  ; window into conventional RAM, switch banks, then write the display row.
  1173                                  cpu_blit:
  1174                                      pushad
  1175                                      push es
  1176                                      movzx eax, word [pan_y]
  1177                                      imul eax, eax, SOURCE_W
  1178                                      movzx ebx, word [pan_x]
  1179                                      add eax, ebx
  1180                                      add eax, SOURCE_BASE
  1181                                      mov [cpu_src_addr], eax
  1182                                      mov dword [cpu_dst_addr], 0
  1183                                      mov bp, SCREEN_H
  1184                                  .row:
  1185                                      mov ax, 0xa000
  1186                                      mov es, ax
  1187                                      mov eax, [cpu_src_addr]
  1188                                      mov ebx, eax
  1189                                      shr ebx, 16
  1190                                      mov di, ax
  1191                                      call select_bank
  1192                                      mov si, image_page
  1193                                      mov cx, SCREEN_W
  1194                                  .read:
  1195                                      mov al, [es:di]
  1196                                      mov [si], al
  1197                                      inc si
  1198                                      inc di
  1199                                      jnz .read_same_bank
  1200                                      inc bx
  1201                                      call select_bank
  1202                                  .read_same_bank:
  1203                                      loop .read
  1204                                  
  1205                                      mov eax, [cpu_dst_addr]
  1206                                      mov ebx, eax
  1207                                      shr ebx, 16
  1208                                      mov di, ax
  1209                                      call select_bank
  1210                                      mov si, image_page
  1211                                      mov cx, SCREEN_W
  1212                                      cld
  1213                                  .write:
  1214                                      lodsb
  1215                                      mov [es:di], al
  1216                                      inc di
  1217                                      jnz .write_same_bank
  1218                                      inc bx
  1219                                      call select_bank
  1220                                  .write_same_bank:
  1221                                      loop .write
  1222                                      add dword [cpu_src_addr], SOURCE_W
  1223                                      add dword [cpu_dst_addr], SCREEN_W
  1224                                      dec bp
  1225                                      jnz .row
  1226                                      pop es
  1227                                      popad
  1228                                      ret
  1229                                  %endif
  1230                                  
  1231                                  full_blit:
  1232 000008AA E84D00                      call wait_cp
  1233 000008AD 7229                        jc .failed
  1234 000008AF 26C70670000000              mov word [es:0x70], 0
  1235 000008B6 26C70672000000              mov word [es:0x72], 0
  1236 000008BD 26C70678000000              mov word [es:0x78], 0
  1237 000008C4 26C7067A000000              mov word [es:0x7a], 0
  1238 000008CB 2666C7067C00008021-         mov dword [es:0x7c], BLT_OP
  1238 000008D4 A8                 
  1239 000008D5 E82200                      call wait_cp
  1240                                  .failed:
  1241 000008D8 C3                          ret
  1242                                  
  1243                                  ; A small guest-written marker establishes that DOS reached a completed BLT.
  1244                                  ; Visual correctness still requires an emulator screenshot or user inspection.
  1245                                  log_first_blit:
  1246 000008D9 B43C                        mov ah, 0x3c
  1247 000008DB 31C9                        xor cx, cx
  1248 000008DD BA[0093]                    mov dx, log_name
  1249 000008E0 CD21                        int 0x21
  1250 000008E2 7215                        jc .done
  1251 000008E4 89C3                        mov bx, ax
  1252 000008E6 B440                        mov ah, 0x40
  1253 000008E8 B93200                      mov cx, log_end-log_text
  1254 000008EB BA[5693]                    mov dx, log_text
  1255 000008EE CD21                        int 0x21
  1256 000008F0 B43E                        mov ah, 0x3e
  1257 000008F2 CD21                        int 0x21
  1258 000008F4 A1[8B09]                    mov ax, [cp_seg]
  1259 000008F7 8EC0                        mov es, ax
  1260                                  .done:
  1261 000008F9 C3                          ret
  1262                                  
  1263                                  wait_cp:
  1264 000008FA 51                          push cx
  1265 000008FB 52                          push dx
  1266 000008FC BA4000                      mov dx, 64
  1267                                  .outer:
  1268 000008FF B9FFFF                      mov cx, 0xffff
  1269                                  .inner:
  1270 00000902 813E[8409]DA8F              cmp word [card_id], 0x8fda
  1271 00000908 740A                        je .xga2
  1272 0000090A 26F606110080                test byte [es:0x11], 0x80
  1273 00000910 7413                        jz .done
  1274 00000912 EB08                        jmp .retry
  1275                                  .xga2:
  1276 00000914 26F606090080                test byte [es:0x09], 0x80
  1277 0000091A 7409                        jz .done
  1278                                  .retry:
  1279 0000091C E2E4                        loop .inner
  1280 0000091E 4A                          dec dx
  1281 0000091F 75DE                        jnz .outer
  1282 00000921 5A                          pop dx
  1283 00000922 59                          pop cx
  1284 00000923 F9                          stc
  1285 00000924 C3                          ret
  1286                                  .done:
  1287 00000925 5A                          pop dx
  1288 00000926 59                          pop cx
  1289 00000927 F8                          clc
  1290 00000928 C3                          ret
  1291                                  
  1292                                  restore_mode:
  1293 00000929 803E[8109]00                cmp byte [mode_active], 0
  1294 0000092E 744F                        je .done
  1295 00000930 8B16[8909]                  mov dx, [io_base]
  1296 00000934 83C20A                      add dx, 0x0a
  1297 00000937 B83600                      mov ax, 0x0036                  ; disable hardware sprite
  1298 0000093A EF                          out dx, ax
  1299 0000093B 8B16[8909]                  mov dx, [io_base]
  1300 0000093F 42                          inc dx
  1301 00000940 30C0                        xor al, al
  1302 00000942 EE                          out dx, al
  1303 00000943 8B16[8909]                  mov dx, [io_base]
  1304 00000947 83C20A                      add dx, 0x0a
  1305 0000094A B864FF                      mov ax, 0xff64
  1306 0000094D EF                          out dx, ax
  1307 0000094E B85015                      mov ax, 0x1550
  1308 00000951 EF                          out dx, ax
  1309 00000952 B85014                      mov ax, 0x1450
  1310 00000955 EF                          out dx, ax
  1311 00000956 B85100                      mov ax, 0x0051
  1312 00000959 EF                          out dx, ax
  1313 0000095A B85404                      mov ax, 0x0454
  1314 0000095D EF                          out dx, ax
  1315 0000095E B8707F                      mov ax, 0x7f70
  1316 00000961 EF                          out dx, ax
  1317 00000962 B82A20                      mov ax, 0x202a
  1318 00000965 EF                          out dx, ax
  1319 00000966 8B16[8909]                  mov dx, [io_base]
  1320 0000096A B001                        mov al, 1
  1321 0000096C EE                          out dx, al
  1322 0000096D BAC303                      mov dx, 0x3c3
  1323 00000970 EE                          out dx, al
  1324 00000971 B80212                      mov ax, 0x1202
  1325 00000974 B330                        mov bl, 0x30
  1326 00000976 CD10                        int 0x10
  1327 00000978 30E4                        xor ah, ah
  1328 0000097A A0[8009]                    mov al, [old_mode]
  1329 0000097D CD10                        int 0x10
  1330                                  .done:
  1331 0000097F C3                          ret
  1332                                  
  1333 00000980 03                      old_mode db 3
  1334 00000981 00                      mode_active db 0
  1335 00000982 0000                    pos_base dw 0
  1336 00000984 0000                    card_id dw 0
  1337 00000986 00                      pos1 db 0
  1338 00000987 00                      pos3 db 0
  1339 00000988 00                      pos4 db 0
  1340 00000989 0000                    io_base dw 0
  1341 0000098B 0000                    cp_seg dw 0
  1342 0000098D 00000000                aperture dd 0
  1343 00000991 00000000                cp_aperture dd 0
  1344 00000995 0000                    row dw 0
  1345 00000997 0000                    col dw 0
  1346 00000999 0000                    pan_x dw 0
  1347 0000099B 0000                    pan_y dw 0
  1348 0000099D 0100                    step_x dw 1
  1349 0000099F 0100                    step_y dw 1
  1350                                  %if PAN_STYLE = 0
  1351                                  vsync_enabled db 0
  1352                                  %endif
  1353 000009A1 FFFF                    hud_last_fps dw 0xffff
  1354 000009A3 00                      fps_started db 0
  1355 000009A4 00000000                fps_start dd 0
  1356 000009A8 00000000                fps_now dd 0
  1357 000009AC 0000                    hud_frames dw 0
  1358 000009AE 0000                    hud_fps10 dw 0
  1359 000009B0 00                      hud_active db 0
  1360 000009B1 00000000                hud_old_addr dd 0
  1361 000009B5 00000000                hud_work_addr dd 0
  1362 000009B9 C003                    hud_pitch dw SOURCE_W
  1363 000009BB 0000                    hud_char_base dw 0
  1364 000009BD 000102030404040E04      hud_text db 0, 1, 2, 3, 4, 4, 4, 14, 4 ; FPS:000.0
  1365                                  %if PAN_STYLE = 0
  1366                                      db 15                             ; optional S at the right
  1367                                  %endif
  1368                                  ; Five-bit rows for F, P, S, colon, digits 0..9, and dot.
  1369                                  hud_glyphs:
  1370 000009C6 1F10101E101010              db 0x1f,0x10,0x10,0x1e,0x10,0x10,0x10
  1371 000009CD 1E11111E101010              db 0x1e,0x11,0x11,0x1e,0x10,0x10,0x10
  1372 000009D4 0F10100E01011E              db 0x0f,0x10,0x10,0x0e,0x01,0x01,0x1e
  1373 000009DB 00040400040400              db 0x00,0x04,0x04,0x00,0x04,0x04,0x00
  1374 000009E2 0E11131519110E              db 0x0e,0x11,0x13,0x15,0x19,0x11,0x0e
  1375 000009E9 040C040404040E              db 0x04,0x0c,0x04,0x04,0x04,0x04,0x0e
  1376 000009F0 0E11010204081F              db 0x0e,0x11,0x01,0x02,0x04,0x08,0x1f
  1377 000009F7 1E01010E01011E              db 0x1e,0x01,0x01,0x0e,0x01,0x01,0x1e
  1378 000009FE 02060A121F0202              db 0x02,0x06,0x0a,0x12,0x1f,0x02,0x02
  1379 00000A05 1F10101E01011E              db 0x1f,0x10,0x10,0x1e,0x01,0x01,0x1e
  1380 00000A0C 0E10101E11110E              db 0x0e,0x10,0x10,0x1e,0x11,0x11,0x0e
  1381 00000A13 1F010204080808              db 0x1f,0x01,0x02,0x04,0x08,0x08,0x08
  1382 00000A1A 0E11110E11110E              db 0x0e,0x11,0x11,0x0e,0x11,0x11,0x0e
  1383 00000A21 0E11110F01010E              db 0x0e,0x11,0x11,0x0f,0x01,0x01,0x0e
  1384 00000A28 00000000000404              db 0x00,0x00,0x00,0x00,0x00,0x04,0x04
  1385                                  %if PAN_STYLE = 0
  1386                                      times 7 db 0                      ; blank glyph 15
  1387                                  %endif
  1388 00000A2F 00<rep 280h>            hud_saved times 64 * 10 db 0
  1389 00000CAF 00<rep 280h>            hud_canvas times 64 * 10 db 0
  1390                                  %if TEST_MODE = 3
  1391 00000F2F 445245414D532E4441-     image_name db 'DREAMS.DAT', 0
  1391 00000F38 5400               
  1392 00000F3A 0000                    image_handle dw 0
  1393 00000F3C 0400                    load_bank dw 4
  1394 00000F3E 00B0                    load_offset dw 0xb000
  1395 00000F40 0000                    loaded_pages dw 0
  1396 00000F42 0000                    chunk_pages dw 0
  1397 00000F44 0000                    chunk_bytes dw 0
  1398 00000F46 <bin 300h>              image_palette incbin "bin/DREAMS.DAT", 0, 768
  1399                                  align 2
  1400 00001246 00<rep 8000h>           image_page times 32768 db 0
  1401                                  %endif
  1402                                  %if PAN_STYLE = 2
  1403                                  cpu_src_addr dd 0
  1404                                  cpu_dst_addr dd 0
  1405                                  %endif
  1406 00009246 447265616D73205847-     msg_start db 'Dreams XGA Flight', 13, 10, '$'
  1406 0000924F 4120466C696768740D-
  1406 00009258 0A24               
  1407 0000925A 5847412D312F584741-     msg_no_xga db 'XGA-1/XGA-2 not found on MCA.', 13, 10, '$'
  1407 00009263 2D32206E6F7420666F-
  1407 0000926C 756E64206F6E204D43-
  1407 00009275 412E0D0A24         
  1408 0000927A 4E6F20584741203120-     msg_no_aperture db 'No XGA 1 MB or 4 MB aperture in POS.', 13, 10, '$'
  1408 00009283 4D42206F722034204D-
  1408 0000928C 422061706572747572-
  1408 00009295 6520696E20504F532E-
  1408 0000929E 0D0A24             
  1409 000092A1 50616E6F72616D6120-     msg_no_vram db 'Panorama needs 1 MB XGA VRAM.', 13, 10, '$'
  1409 000092AA 6E656564732031204D-
  1409 000092B3 422058474120565241-
  1409 000092BC 4D2E0D0A24         
  1410 000092C1 445245414D532E4441-     msg_image_error db 'DREAMS.DAT missing or incomplete.', 13, 10, '$'
  1410 000092CA 54206D697373696E67-
  1410 000092D3 206F7220696E636F6D-
  1410 000092DC 706C6574652E0D0A24 
  1411 000092E5 58474120636F70726F-     msg_cp_timeout db 'XGA coprocessor timeout.', 13, 10, '$'
  1411 000092EE 636573736F72207469-
  1411 000092F7 6D656F75742E0D0A24 
  1412 00009300 5847414F4B2E545854-     log_name db 'XGAOK.TXT', 0
  1412 00009309 00                 
  1413 0000930A 584741424F4F542E54-     log_boot_name db 'XGABOOT.TXT', 0
  1413 00009313 585400             
  1414 00009316 5847414445542E5458-     log_detect_name db 'XGADET.TXT', 0
  1414 0000931F 5400               
  1415 00009321 5847414D4F44452E54-     log_mode_name db 'XGAMODE.TXT', 0
  1415 0000932A 585400             
  1416 0000932D 4E4F5847412E545854-     log_xga_error db 'NOXGA.TXT', 0
  1416 00009336 00                 
  1417 00009337 4E4F415045522E5458-     log_ap_error db 'NOAPER.TXT', 0
  1417 00009340 5400               
  1418 00009342 4E4F5652414D2E5458-     log_vram_error db 'NOVRAM.TXT', 0
  1418 0000934B 5400               
  1419 0000934D 4E4F43502E54585400      log_cp_error db 'NOCP.TXT', 0
  1420 00009356 584741206D6F64652C-     log_text db 'XGA mode, maps, and first BLT command completed.', 13, 10
  1420 0000935F 206D6170732C20616E-
  1420 00009368 642066697273742042-
  1420 00009371 4C5420636F6D6D616E-
  1420 0000937A 6420636F6D706C6574-
  1420 00009383 65642E0D0A         
  1421                                  log_end:
  1422                                  
  1423                                  %include "xga_mode_640.inc"
     1                              <1> ; Generated from XGA Toolkit/XGAKIT.ASM by build_mode_table.py.
     2                              <1> ; Entries: I/O offset, register index (0 for direct), value.
     3                              <1> mode_table:
     4 00009388 040000              <1>     db 0x04, 0x00, 0x00
     5 0000938B 0500FF              <1>     db 0x05, 0x00, 0xff
     6 0000938E 000004              <1>     db 0x00, 0x00, 0x04
     7 00009391 0A6400              <1>     db 0x0a, 0x64, 0x00
     8 00009394 010001              <1>     db 0x01, 0x00, 0x01
     9 00009397 080000              <1>     db 0x08, 0x00, 0x00
    10 0000939A 060000              <1>     db 0x06, 0x00, 0x00
    11 0000939D 090003              <1>     db 0x09, 0x00, 0x03
    12 000093A0 0A5001              <1>     db 0x0a, 0x50, 0x01
    13 000093A3 0A5000              <1>     db 0x0a, 0x50, 0x00
    14 000093A6 0A1063              <1>     db 0x0a, 0x10, 0x63
    15 000093A9 0A1100              <1>     db 0x0a, 0x11, 0x00
    16 000093AC 0A124F              <1>     db 0x0a, 0x12, 0x4f
    17 000093AF 0A1300              <1>     db 0x0a, 0x13, 0x00
    18 000093B2 0A144F              <1>     db 0x0a, 0x14, 0x4f
    19 000093B5 0A1500              <1>     db 0x0a, 0x15, 0x00
    20 000093B8 0A1663              <1>     db 0x0a, 0x16, 0x63
    21 000093BB 0A1700              <1>     db 0x0a, 0x17, 0x00
    22 000093BE 0A1855              <1>     db 0x0a, 0x18, 0x55
    23 000093C1 0A1900              <1>     db 0x0a, 0x19, 0x00
    24 000093C4 0A1A61              <1>     db 0x0a, 0x1a, 0x61
    25 000093C7 0A1B00              <1>     db 0x0a, 0x1b, 0x00
    26 000093CA 0A1C00              <1>     db 0x0a, 0x1c, 0x00
    27 000093CD 0A1E00              <1>     db 0x0a, 0x1e, 0x00
    28 000093D0 0A200C              <1>     db 0x0a, 0x20, 0x0c
    29 000093D3 0A2102              <1>     db 0x0a, 0x21, 0x02
    30 000093D6 0A22DF              <1>     db 0x0a, 0x22, 0xdf
    31 000093D9 0A2301              <1>     db 0x0a, 0x23, 0x01
    32 000093DC 0A24DF              <1>     db 0x0a, 0x24, 0xdf
    33 000093DF 0A2501              <1>     db 0x0a, 0x25, 0x01
    34 000093E2 0A260C              <1>     db 0x0a, 0x26, 0x0c
    35 000093E5 0A2702              <1>     db 0x0a, 0x27, 0x02
    36 000093E8 0A28EA              <1>     db 0x0a, 0x28, 0xea
    37 000093EB 0A2901              <1>     db 0x0a, 0x29, 0x01
    38 000093EE 0A2AEC              <1>     db 0x0a, 0x2a, 0xec
    39 000093F1 0A2CFF              <1>     db 0x0a, 0x2c, 0xff
    40 000093F4 0A2DFF              <1>     db 0x0a, 0x2d, 0xff
    41 000093F7 0A3600              <1>     db 0x0a, 0x36, 0x00
    42 000093FA 0A4000              <1>     db 0x0a, 0x40, 0x00
    43 000093FD 0A4100              <1>     db 0x0a, 0x41, 0x00
    44 00009400 0A4200              <1>     db 0x0a, 0x42, 0x00
    45 00009403 0A4350              <1>     db 0x0a, 0x43, 0x50
    46 00009406 0A4400              <1>     db 0x0a, 0x44, 0x00
    47 00009409 0A5400              <1>     db 0x0a, 0x54, 0x00
    48 0000940C 0A5103              <1>     db 0x0a, 0x51, 0x03
    49 0000940F 0A7000              <1>     db 0x0a, 0x70, 0x00
    50 00009412 0A50C7              <1>     db 0x0a, 0x50, 0xc7
    51 00009415 0A5500              <1>     db 0x0a, 0x55, 0x00
    52 00009418 0A6000              <1>     db 0x0a, 0x60, 0x00
    53 0000941B 0A6100              <1>     db 0x0a, 0x61, 0x00
    54 0000941E 0A6200              <1>     db 0x0a, 0x62, 0x00
    55 00009421 0A6300              <1>     db 0x0a, 0x63, 0x00
    56 00009424 0A64FF              <1>     db 0x0a, 0x64, 0xff
    57 00009427 FF0000              <1>     db 0xff, 0, 0
