     1                                  ; Dreams XGA panorama and throughput comparison - IBM PS/2 MCA XGA-1.
     2                                  ; Build: python prepare_dreams.py, then NASM with PAN_STYLE 1/0/2.
     3                                  ; TEST_MODE=1/2 retain the original gradient and small BitBLT diagnostics.
     4                                  ; Register/mode sources: XGAKIT.ASM, MINI/XGA.INC, NT xgaregs.h/xga.h.
     5                                  
     6                                  cpu 386
     7                                  bits 16
     8                                  org 0x100
     9                                  
    10                                  %ifndef TEST_MODE
    11                                  %define TEST_MODE 3
    12                                  %endif
    13                                  %ifndef PAN_STYLE
    14                                  %define PAN_STYLE 1                 ; 1 = scanout, 0 = BitBLT, 2 = CPU copy
    15                                  %endif
    16                                  
    17                                  SCREEN_W equ 640
    18                                  SCREEN_H equ 480
    19                                  SOURCE_W equ 960
    20                                  SOURCE_H equ 640
    21                                  SOURCE_BASE equ SCREEN_W * SCREEN_H       ; 0x4b000
    22                                  SOURCE_PAGES equ SOURCE_W * SOURCE_H / 4096
    23                                  PAN_MAX_X equ SOURCE_W - SCREEN_W
    24                                  PAN_MAX_Y equ SOURCE_H - SCREEN_H
    25                                  BLT_OP equ 0xA8218000                    ; source map B -> dest A, SRC_COPY
    26                                  %if TEST_MODE = 3
    27                                  %include "dreams_asset.inc"
     1                              <1> ; Generated from Dreams.bmp by prepare_dreams.py
     2                              <1> IMAGE_CRC equ 0x7bcec598
     3                              <1> PROGRESS_COLOR equ 74
     4                              <1> IMAGE_FIRST equ 0
     5                              <1> IMAGE_MIDDLE equ 14
     6                              <1> IMAGE_LAST equ 0
    28                                  PROGRESS_BASE equ 236 * SCREEN_W + 168 - 2 * 65536
    29                                  %else
    30                                  PROGRESS_COLOR equ 255
    31                                  %endif
    32                                  
    33                                  start:
    34 00000000 0E                          push cs
    35 00000001 1F                          pop ds
    36 00000002 B40F                        mov ah, 0x0f
    37 00000004 CD10                        int 0x10
    38 00000006 A2[8109]                    mov [old_mode], al
    39 00000009 BA[1493]                    mov dx, log_boot_name
    40 0000000C E87901                      call touch_file
    41 0000000F BA[5092]                    mov dx, msg_start
    42 00000012 E86E01                      call puts
    43 00000015 E87F01                      call detect_xga
    44 00000018 0F825601                    jc .no_xga
    45 0000001C BA[2093]                    mov dx, log_detect_name
    46 0000001F E86601                      call touch_file
    47 00000022 66833E[8E09]00              cmp dword [aperture], 0
    48 00000028 0F843B01                    je .no_aperture
    49 0000002C E86602                      call set_xga_mode
    50 0000002F C606[8209]01                mov byte [mode_active], 1
    51 00000034 BA[2B93]                    mov dx, log_mode_name
    52 00000037 E84E01                      call touch_file
    53                                  %if TEST_MODE != 1 && TEST_MODE != 3
    54                                      call probe_vram
    55                                      jc .no_vram
    56                                  %endif
    57 0000003A E85B04                      call set_palette
    58                                  %if TEST_MODE = 1
    59                                      call fill_screen
    60                                      jmp .wait_key
    61                                  %else
    62                                  %if TEST_MODE = 3
    63 0000003D E86B03                      call check_image_cache
    64 00000040 731B                        jnc .image_ready
    65 00000042 E87A02                      call probe_vram
    66 00000045 0F820801                    jc .no_vram
    67 00000049 E8CA03                      call progress_init
    68 0000004C E8AB02                      call open_image
    69 0000004F 0F820C01                    jc .image_error
    70 00000053 E8CB02                      call load_image
    71 00000056 0F820501                    jc .image_error
    72 0000005A E89903                      call mark_image_cache
    73                                  .image_ready:
    74                                  %else
    75                                      call fill_source
    76                                  %endif
    77 0000005D E82705                      call setup_maps
    78                                  %if TEST_MODE = 2
    79                                      mov word [es:0x60], 127
    80                                      mov word [es:0x62], 127
    81                                      mov word [es:0x70], 80
    82                                      mov word [es:0x72], 80
    83                                      mov word [es:0x78], 256
    84                                      mov word [es:0x7a], 176
    85                                      mov dword [es:0x7c], BLT_OP
    86                                      call wait_cp
    87                                      jc .cp_timeout
    88                                      jmp .wait_key
    89                                  %else
    90 00000060 26C70660007F02              mov word [es:0x60], SCREEN_W-1
    91 00000067 26C7066200DF01              mov word [es:0x62], SCREEN_H-1
    92                                  %if PAN_STYLE = 2
    93                                      call cpu_blit
    94                                  %else
    95 0000006E E83A08                      call full_blit
    96 00000071 0F82CE00                    jc .cp_timeout
    97 00000075 E86208                      call log_first_blit
    98                                  %endif
    99                                  %if PAN_STYLE = 1
   100                                      call configure_scanout
   101                                  %endif
   102 00000078 E88605                      call setup_sprite_hud
   103                                  .frame:
   104                                  %if PAN_STYLE = 0
   105 0000007B E87D08                      call wait_cp
   106 0000007E 0F82C100                    jc .cp_timeout
   107 00000082 803E[A209]00                cmp byte [vsync_enabled], 0
   108 00000087 7413                        je .copy_now
   109 00000089 E82E06                      call wait_vsync
   110 0000008C 730E                        jnc .copy_now
   111 0000008E C606[A209]00                mov byte [vsync_enabled], 0    ; status bit did not toggle
   112 00000093 C706[A309]FFFF              mov word [hud_last_fps], 0xffff
   113 00000099 E8C905                      call update_sprite_hud
   114                                  .copy_now:
   115 0000009C A1[9A09]                    mov ax, [pan_x]
   116 0000009F 26A37000                    mov [es:0x70], ax
   117 000000A3 A1[9C09]                    mov ax, [pan_y]
   118 000000A6 26A37200                    mov [es:0x72], ax
   119 000000AA 26C70678000000              mov word [es:0x78], 0
   120 000000B1 26C7067A000000              mov word [es:0x7a], 0
   121 000000B8 2666C7067C00008021-         mov dword [es:0x7c], BLT_OP
   121 000000C1 A8                 
   122 000000C2 E83608                      call wait_cp
   123 000000C5 727C                        jc .cp_timeout
   124 000000C7 E81406                      call update_fps
   125 000000CA E89805                      call update_sprite_hud
   126                                  %elif PAN_STYLE = 2
   127                                      call cpu_blit
   128                                      call update_fps
   129                                      call update_sprite_hud
   130                                  %else
   131                                      call set_view
   132                                      call update_fps
   133                                      call update_sprite_hud
   134                                      call refresh_source_pages
   135                                  %endif
   136 000000CD B401                        mov ah, 1
   137 000000CF CD16                        int 0x16
   138 000000D1 742F                        jz .animate
   139 000000D3 30E4                        xor ah, ah
   140 000000D5 CD16                        int 0x16
   141 000000D7 3C1B                        cmp al, 27
   142 000000D9 7460                        je .wait_key
   143                                  %if PAN_STYLE = 0
   144 000000DB 3C73                        cmp al, 's'
   145 000000DD 7404                        je .toggle_sync
   146 000000DF 3C53                        cmp al, 'S'
   147 000000E1 751F                        jne .animate
   148                                  .toggle_sync:
   149 000000E3 8036[A209]01                xor byte [vsync_enabled], 1
   150 000000E8 C606[A509]00                mov byte [fps_started], 0
   151 000000ED C706[AE09]0000              mov word [hud_frames], 0
   152 000000F3 C706[B009]0000              mov word [hud_fps10], 0
   153 000000F9 C706[A309]FFFF              mov word [hud_last_fps], 0xffff
   154 000000FF E86305                      call update_sprite_hud
   155                                  %endif
   156                                  .animate:
   157 00000102 A1[9A09]                    mov ax, [pan_x]
   158 00000105 0306[9E09]                  add ax, [step_x]
   159 00000109 3D4001                      cmp ax, PAN_MAX_X
   160 0000010C 760C                        jbe .x_ok
   161 0000010E F71E[9E09]                  neg word [step_x]
   162 00000112 0306[9E09]                  add ax, [step_x]
   163 00000116 0306[9E09]                  add ax, [step_x]
   164                                  .x_ok:
   165 0000011A A3[9A09]                    mov [pan_x], ax
   166 0000011D A1[9C09]                    mov ax, [pan_y]
   167 00000120 0306[A009]                  add ax, [step_y]
   168 00000124 3DA000                      cmp ax, PAN_MAX_Y
   169 00000127 760C                        jbe .y_ok
   170 00000129 F71E[A009]                  neg word [step_y]
   171 0000012D 0306[A009]                  add ax, [step_y]
   172 00000131 0306[A009]                  add ax, [step_y]
   173                                  .y_ok:
   174 00000135 A3[9C09]                    mov [pan_y], ax
   175 00000138 E940FF                      jmp .frame
   176                                  %endif
   177                                  %endif
   178                                  .wait_key:
   179                                  %if TEST_MODE != 3
   180                                      xor ah, ah
   181                                      int 0x16
   182                                      cmp al, 27
   183                                      jne .wait_key
   184                                  %endif
   185 0000013B E8EC07                      call restore_mode
   186 0000013E B8004C                      mov ax, 0x4c00
   187 00000141 CD21                        int 0x21
   188                                  .cp_timeout:
   189 00000143 E8E407                      call restore_mode
   190 00000146 BA[5793]                    mov dx, log_cp_error
   191 00000149 E83C00                      call touch_file
   192 0000014C BA[EF92]                    mov dx, msg_cp_timeout
   193 0000014F EB2A                        jmp .error
   194                                  .no_vram:
   195 00000151 E8D607                      call restore_mode
   196 00000154 BA[4C93]                    mov dx, log_vram_error
   197 00000157 E82E00                      call touch_file
   198 0000015A BA[AB92]                    mov dx, msg_no_vram
   199 0000015D EB1C                        jmp .error
   200                                  .image_error:
   201 0000015F E8C807                      call restore_mode
   202 00000162 BA[CB92]                    mov dx, msg_image_error
   203 00000165 EB14                        jmp .error
   204                                  .no_aperture:
   205 00000167 BA[4193]                    mov dx, log_ap_error
   206 0000016A E81B00                      call touch_file
   207 0000016D BA[8492]                    mov dx, msg_no_aperture
   208 00000170 EB09                        jmp .error
   209                                  .no_xga:
   210 00000172 BA[3793]                    mov dx, log_xga_error
   211 00000175 E81000                      call touch_file
   212 00000178 BA[6492]                    mov dx, msg_no_xga
   213                                  .error:
   214 0000017B E80500                      call puts
   215 0000017E B8014C                      mov ax, 0x4c01
   216 00000181 CD21                        int 0x21
   217                                  
   218                                  puts:
   219 00000183 B409                        mov ah, 9
   220 00000185 CD21                        int 0x21
   221 00000187 C3                          ret
   222                                  
   223                                  touch_file:
   224 00000188 B43C                        mov ah, 0x3c
   225 0000018A 31C9                        xor cx, cx
   226 0000018C CD21                        int 0x21
   227 0000018E 7206                        jc .done
   228 00000190 89C3                        mov bx, ax
   229 00000192 B43E                        mov ah, 0x3e
   230 00000194 CD21                        int 0x21
   231                                  .done:
   232 00000196 C3                          ret
   233                                  
   234                                  ; BIOS MCA POS enumeration; slot 0 is motherboard, 1..8 are expansion slots.
   235                                  detect_xga:
   236 00000197 B800C4                      mov ax, 0xc400
   237 0000019A CD15                        int 0x15
   238 0000019C 7263                        jc .fail
   239 0000019E 8916[8309]                  mov [pos_base], dx
   240 000001A2 31C9                        xor cx, cx
   241                                  .slot:
   242 000001A4 51                          push cx
   243 000001A5 FA                          cli
   244 000001A6 09C9                        or cx, cx
   245 000001A8 7506                        jnz .select_slot
   246 000001AA B0DF                        mov al, 0xdf
   247 000001AC E694                        out 0x94, al
   248 000001AE EB09                        jmp .read_pos
   249                                  .select_slot:
   250 000001B0 89CB                        mov bx, cx
   251 000001B2 B801C4                      mov ax, 0xc401
   252 000001B5 CD15                        int 0x15
   253 000001B7 721D                        jc .deselect
   254                                  .read_pos:
   255 000001B9 8B16[8309]                  mov dx, [pos_base]
   256 000001BD ED                          in ax, dx
   257 000001BE A3[8509]                    mov [card_id], ax
   258 000001C1 83C202                      add dx, 2                      ; POS byte 1
   259 000001C4 EC                          in al, dx
   260 000001C5 A2[8709]                    mov [pos1], al
   261 000001C8 83C202                      add dx, 2                      ; POS byte 3 is at base + 4
   262 000001CB EC                          in al, dx
   263 000001CC A2[8809]                    mov [pos3], al
   264 000001CF 42                          inc dx                         ; POS byte 4 is at base + 5
   265 000001D0 EC                          in al, dx
   266 000001D1 240F                        and al, 0x0f
   267 000001D3 A2[8909]                    mov [pos4], al
   268                                  .deselect:
   269 000001D6 59                          pop cx
   270 000001D7 09C9                        or cx, cx
   271 000001D9 7506                        jnz .normal_slot
   272 000001DB B0FF                        mov al, 0xff
   273 000001DD E694                        out 0x94, al
   274 000001DF EB09                        jmp .compare
   275                                  .normal_slot:
   276 000001E1 51                          push cx
   277 000001E2 89CB                        mov bx, cx
   278 000001E4 B802C4                      mov ax, 0xc402
   279 000001E7 CD15                        int 0x15
   280 000001E9 59                          pop cx
   281                                  .compare:
   282 000001EA FB                          sti
   283 000001EB 813E[8509]DB8F              cmp word [card_id], 0x8fdb
   284 000001F1 7410                        je .found
   285 000001F3 813E[8509]DA8F              cmp word [card_id], 0x8fda
   286 000001F9 7408                        je .found
   287 000001FB 41                          inc cx
   288 000001FC 83F909                      cmp cx, 9
   289 000001FF 76A3                        jbe .slot
   290                                  .fail:
   291 00000201 F9                          stc
   292 00000202 C3                          ret
   293                                  .found:
   294                                      ; io = 0x2100 + ((POS1 & 0x0e) << 3)
   295 00000203 31C0                        xor ax, ax
   296 00000205 A0[8709]                    mov al, [pos1]
   297 00000208 240E                        and al, 0x0e
   298 0000020A C1E003                      shl ax, 3
   299 0000020D 050021                      add ax, 0x2100
   300 00000210 A3[8A09]                    mov [io_base], ax
   301                                      ; ROM = 0xc0000 + ((POS1 >> 4) * 0x2000).
   302                                      ; CP MMIO = ROM + 0x1c00 + (((POS1 & 0x0e)>>1) * 0x80).
   303 00000213 6631C0                      xor eax, eax
   304 00000216 A0[8709]                    mov al, [pos1]
   305 00000219 C0E804                      shr al, 4
   306 0000021C 66C1E00D                    shl eax, 13
   307 00000220 6605001C0C00                add eax, 0xc1c00
   308 00000226 6631DB                      xor ebx, ebx
   309 00000229 8A1E[8709]                  mov bl, [pos1]
   310 0000022D 80E30E                      and bl, 0x0e
   311 00000230 66C1E306                    shl ebx, 6
   312 00000234 6601D8                      add eax, ebx
   313 00000237 66C1E804                    shr eax, 4
   314 0000023B A3[8C09]                    mov [cp_seg], ax
   315                                      ; 1 MB aperture physical address from POS4. Fall back to the 4 MB
   316                                      ; aperture from POS3 when the 1 MB aperture is disabled.
   317 0000023E 6631C0                      xor eax, eax
   318 00000241 A0[8909]                    mov al, [pos4]
   319 00000244 66C1E014                    shl eax, 20
   320 00000248 6609C0                      or eax, eax
   321 0000024B 7521                        jnz .ap_ready
   322 0000024D F606[8809]01                test byte [pos3], 1
   323 00000252 741A                        jz .ap_ready
   324 00000254 A0[8809]                    mov al, [pos3]
   325 00000257 24FE                        and al, 0xfe
   326 00000259 66C1E018                    shl eax, 24
   327 0000025D 6631DB                      xor ebx, ebx
   328 00000260 8A1E[8709]                  mov bl, [pos1]
   329 00000264 80E30E                      and bl, 0x0e
   330 00000267 66C1E315                    shl ebx, 21
   331 0000026B 6601D8                      add eax, ebx
   332                                  .ap_ready:
   333 0000026E 66A3[8E09]                  mov [aperture], eax
   334                                      ; 86Box's XGA coprocessor resolves VRAM pixel maps against the 4 MB
   335                                      ; aperture base, even when the CPU is using the banked 64 KB window.
   336                                      ; This is the address decoded from POS3 plus the XGA instance number.
   337 00000272 6631C0                      xor eax, eax
   338 00000275 A0[8809]                    mov al, [pos3]
   339 00000278 24FE                        and al, 0xfe
   340 0000027A 66C1E018                    shl eax, 24
   341 0000027E 6631DB                      xor ebx, ebx
   342 00000281 8A1E[8709]                  mov bl, [pos1]
   343 00000285 80E30E                      and bl, 0x0e
   344 00000288 66C1E315                    shl ebx, 21
   345 0000028C 6601D8                      add eax, ebx
   346 0000028F 66A3[9209]                  mov [cp_aperture], eax
   347 00000293 F8                          clc
   348 00000294 C3                          ret
   349                                  
   350                                  set_xga_mode:
   351 00000295 BAC303                      mov dx, 0x3c3
   352 00000298 B001                        mov al, 1
   353 0000029A EE                          out dx, al
   354 0000029B BE[9293]                    mov si, mode_table
   355                                  .next:
   356 0000029E AC                          lodsb
   357 0000029F 3CFF                        cmp al, 0xff
   358 000002A1 741B                        je .done
   359 000002A3 88C3                        mov bl, al
   360 000002A5 30E4                        xor ah, ah
   361 000002A7 8B16[8A09]                  mov dx, [io_base]
   362 000002AB 01C2                        add dx, ax
   363 000002AD AC                          lodsb
   364 000002AE 8A24                        mov ah, [si]
   365 000002B0 46                          inc si
   366 000002B1 80FB0A                      cmp bl, 0x0a
   367 000002B4 7405                        je .indexed
   368 000002B6 88E0                        mov al, ah
   369 000002B8 EE                          out dx, al
   370 000002B9 EBE3                        jmp .next
   371                                  .indexed:
   372 000002BB EF                          out dx, ax
   373 000002BC EBE0                        jmp .next
   374                                  .done:
   375 000002BE C3                          ret
   376                                  
   377                                  ; Probe two banks separated by 512 KB; a 512 KB card may mirror page 12.
   378                                  probe_vram:
   379 000002BF 8B16[8A09]                  mov dx, [io_base]
   380 000002C3 83C208                      add dx, 8
   381 000002C6 B800A0                      mov ax, 0xa000
   382 000002C9 8EC0                        mov es, ax
   383 000002CB B004                        mov al, 4
   384 000002CD EE                          out dx, al
   385 000002CE 26C606000055                mov byte [es:0], 0x55
   386 000002D4 B00C                        mov al, 12
   387 000002D6 EE                          out dx, al
   388 000002D7 26C6060000A5                mov byte [es:0], 0xa5
   389 000002DD 26803E0000A5                cmp byte [es:0], 0xa5
   390 000002E3 7510                        jne .fail
   391 000002E5 B004                        mov al, 4
   392 000002E7 EE                          out dx, al
   393 000002E8 26803E000055                cmp byte [es:0], 0x55
   394 000002EE 7505                        jne .fail
   395 000002F0 30C0                        xor al, al
   396 000002F2 EE                          out dx, al
   397 000002F3 F8                          clc
   398 000002F4 C3                          ret
   399                                  .fail:
   400 000002F5 30C0                        xor al, al
   401 000002F7 EE                          out dx, al
   402 000002F8 F9                          stc
   403 000002F9 C3                          ret
   404                                  
   405                                  ; XGA palette port: index at I/O+0x0a, RGB stream at I/O+0x0b.
   406                                  %if TEST_MODE = 3
   407                                  open_image:
   408 000002FA B8003D                      mov ax, 0x3d00
   409 000002FD BA[390F]                    mov dx, image_name
   410 00000300 CD21                        int 0x21
   411 00000302 721B                        jc .fail
   412 00000304 A3[440F]                    mov [image_handle], ax
   413 00000307 89C3                        mov bx, ax
   414 00000309 B80042                      mov ax, 0x4200                 ; palette is embedded in the COM
   415 0000030C 31C9                        xor cx, cx
   416 0000030E BA0003                      mov dx, 768
   417 00000311 CD21                        int 0x21
   418 00000313 7202                        jc .close_fail
   419 00000315 F8                          clc
   420 00000316 C3                          ret
   421                                  .close_fail:
   422 00000317 8B1E[440F]                  mov bx, [image_handle]
   423 0000031B B43E                        mov ah, 0x3e
   424 0000031D CD21                        int 0x21
   425                                  .fail:
   426 0000031F F9                          stc
   427 00000320 C3                          ret
   428                                  
   429                                  ; Read up to 32 KB at a time, then copy aligned 4 KB pages to banked VRAM.
   430                                  ; This reduces DOS file reads from 150 to 19 without changing disk format.
   431                                  load_image:
   432 00000321 C706[460F]0400              mov word [load_bank], 4
   433 00000327 C706[480F]00B0              mov word [load_offset], 0xb000
   434 0000032D C706[4A0F]0000              mov word [loaded_pages], 0
   435 00000333 BD9600                      mov bp, SOURCE_PAGES
   436                                  .read_chunk:
   437 00000336 89E8                        mov ax, bp
   438 00000338 83F808                      cmp ax, 8
   439 0000033B 7603                        jbe .chunk_size_ready
   440 0000033D B80800                      mov ax, 8
   441                                  .chunk_size_ready:
   442 00000340 A3[4C0F]                    mov [chunk_pages], ax
   443 00000343 C1E00C                      shl ax, 12
   444 00000346 A3[4E0F]                    mov [chunk_bytes], ax
   445 00000349 8B1E[440F]                  mov bx, [image_handle]
   446 0000034D B43F                        mov ah, 0x3f
   447 0000034F 8B0E[4E0F]                  mov cx, [chunk_bytes]
   448 00000353 BA[5012]                    mov dx, image_page
   449 00000356 CD21                        int 0x21
   450 00000358 7247                        jc .fail
   451 0000035A 3B06[4E0F]                  cmp ax, [chunk_bytes]
   452 0000035E 7541                        jne .fail
   453 00000360 BE[5012]                    mov si, image_page
   454                                  .page:
   455 00000363 B800A0                      mov ax, 0xa000
   456 00000366 8EC0                        mov es, ax
   457 00000368 8B1E[460F]                  mov bx, [load_bank]
   458 0000036C E80902                      call select_bank
   459 0000036F 8B3E[480F]                  mov di, [load_offset]
   460 00000373 B90008                      mov cx, 2048
   461 00000376 FC                          cld
   462 00000377 F3A5                        rep movsw
   463 00000379 8106[480F]0010              add word [load_offset], 4096
   464 0000037F 7504                        jnz .next
   465 00000381 FF06[460F]                  inc word [load_bank]
   466                                  .next:
   467 00000385 FF06[4A0F]                  inc word [loaded_pages]
   468 00000389 E8DC00                      call progress_update
   469 0000038C 4D                          dec bp
   470 0000038D FF0E[4C0F]                  dec word [chunk_pages]
   471 00000391 75D0                        jnz .page
   472 00000393 09ED                        or bp, bp
   473 00000395 759F                        jnz .read_chunk
   474 00000397 8B1E[440F]                  mov bx, [image_handle]
   475 0000039B B43E                        mov ah, 0x3e
   476 0000039D CD21                        int 0x21
   477 0000039F F8                          clc
   478 000003A0 C3                          ret
   479                                  .fail:
   480 000003A1 8B1E[440F]                  mov bx, [image_handle]
   481 000003A5 B43E                        mov ah, 0x3e
   482 000003A7 CD21                        int 0x21
   483 000003A9 F9                          stc
   484 000003AA C3                          ret
   485                                  
   486                                  ; Unused VRAM starts at 0xe1000. The marker is written only after a
   487                                  ; complete load, and identifies the exact quantized source image.
   488                                  check_image_cache:
   489 000003AB B800A0                      mov ax, 0xa000
   490 000003AE 8EC0                        mov es, ax
   491 000003B0 BB0E00                      mov bx, 14
   492 000003B3 E8C201                      call select_bank
   493 000003B6 2666813E0020445847-         cmp dword [es:0x2000], 0x42475844  ; "DXGB", loader/sprite revision
   493 000003BF 42                 
   494 000003C0 7532                        jne .miss
   495 000003C2 2666813E042098C5CE-         cmp dword [es:0x2004], IMAGE_CRC
   495 000003CB 7B                 
   496 000003CC 7526                        jne .miss
   497 000003CE 26803EFF0F00                cmp byte [es:0x0fff], IMAGE_LAST
   498 000003D4 751E                        jne .miss
   499 000003D6 BB0900                      mov bx, 9
   500 000003D9 E89C01                      call select_bank
   501 000003DC 26803E00600E                cmp byte [es:0x6000], IMAGE_MIDDLE
   502 000003E2 7510                        jne .miss
   503 000003E4 BB0400                      mov bx, 4
   504 000003E7 E88E01                      call select_bank
   505 000003EA 26803E00B000                cmp byte [es:0xb000], IMAGE_FIRST
   506 000003F0 7502                        jne .miss
   507 000003F2 F8                          clc
   508 000003F3 C3                          ret
   509                                  .miss:
   510 000003F4 F9                          stc
   511 000003F5 C3                          ret
   512                                  
   513                                  mark_image_cache:
   514 000003F6 B800A0                      mov ax, 0xa000
   515 000003F9 8EC0                        mov es, ax
   516 000003FB BB0E00                      mov bx, 14
   517 000003FE E87701                      call select_bank
   518 00000401 2666C7060020445847-         mov dword [es:0x2000], 0x42475844
   518 0000040A 42                 
   519 0000040B 2666C706042098C5CE-         mov dword [es:0x2004], IMAGE_CRC
   519 00000414 7B                 
   520 00000415 C3                          ret
   521                                  
   522                                  ; Draw a PC1-BMP-inspired loading indicator in the XGA framebuffer.
   523                                  ; The advancing strip represents 150 transferred 4 KB source pages.
   524                                  progress_init:
   525 00000416 B800A0                      mov ax, 0xa000
   526 00000419 8EC0                        mov es, ax
   527 0000041B FC                          cld
   528 0000041C 31DB                        xor bx, bx
   529 0000041E BD0400                      mov bp, 4
   530 00000421 31C0                        xor ax, ax
   531                                  .bank:
   532 00000423 E85201                      call select_bank
   533 00000426 31FF                        xor di, di
   534 00000428 B90080                      mov cx, 32768
   535 0000042B F3AB                        rep stosw
   536 0000042D 43                          inc bx
   537 0000042E 4D                          dec bp
   538 0000042F 75F2                        jnz .bank
   539 00000431 E84401                      call select_bank               ; bank 4, only display bytes
   540 00000434 31FF                        xor di, di
   541 00000436 B90058                      mov cx, (SCREEN_W * SCREEN_H - 4 * 65536) / 2
   542 00000439 F3AB                        rep stosw
   543 0000043B BB0200                      mov bx, 2
   544 0000043E E83701                      call select_bank
   545 00000441 B04A                        mov al, PROGRESS_COLOR
   546 00000443 BFA84E                      mov di, PROGRESS_BASE
   547 00000446 B93001                      mov cx, 304
   548 00000449 F3AA                        rep stosb
   549 0000044B BF286A                      mov di, PROGRESS_BASE + 11 * SCREEN_W
   550 0000044E B93001                      mov cx, 304
   551 00000451 F3AA                        rep stosb
   552 00000453 BF2851                      mov di, PROGRESS_BASE + SCREEN_W
   553 00000456 B90A00                      mov cx, 10
   554                                  .sides:
   555 00000459 268805                      mov [es:di], al
   556 0000045C 2688852F01                  mov [es:di+303], al
   557 00000461 81C78002                    add di, SCREEN_W
   558 00000465 E2F2                        loop .sides
   559 00000467 C3                          ret
   560                                  
   561                                  progress_update:
   562 00000468 50                          push ax
   563 00000469 53                          push bx
   564 0000046A 51                          push cx
   565 0000046B 57                          push di
   566 0000046C 06                          push es
   567 0000046D B800A0                      mov ax, 0xa000
   568 00000470 8EC0                        mov es, ax
   569 00000472 BB0200                      mov bx, 2
   570 00000475 E80001                      call select_bank
   571 00000478 A1[4A0F]                    mov ax, [loaded_pages]
   572 0000047B 48                          dec ax
   573 0000047C D1E0                        shl ax, 1
   574 0000047E 05AA53                      add ax, PROGRESS_BASE + 2 * SCREEN_W + 2
   575 00000481 89C7                        mov di, ax
   576 00000483 B84A4A                      mov ax, PROGRESS_COLOR * 257
   577 00000486 B90800                      mov cx, 8
   578                                  .row:
   579 00000489 268905                      mov [es:di], ax
   580 0000048C 81C78002                    add di, SCREEN_W
   581 00000490 E2F7                        loop .row
   582 00000492 07                          pop es
   583 00000493 5F                          pop di
   584 00000494 59                          pop cx
   585 00000495 5B                          pop bx
   586 00000496 58                          pop ax
   587 00000497 C3                          ret
   588                                  %endif
   589                                  
   590                                  set_palette:
   591 00000498 8B16[8A09]                  mov dx, [io_base]
   592 0000049C 83C20A                      add dx, 0x0a
   593 0000049F B86400                      mov ax, 0x0064
   594 000004A2 EF                          out dx, ax
   595 000004A3 B86600                      mov ax, 0x0066
   596 000004A6 EF                          out dx, ax
   597 000004A7 B86000                      mov ax, 0x0060
   598 000004AA EF                          out dx, ax
   599 000004AB B86100                      mov ax, 0x0061
   600 000004AE EF                          out dx, ax
   601 000004AF B065                        mov al, 0x65
   602 000004B1 EE                          out dx, al
   603 000004B2 42                          inc dx
   604                                  %if TEST_MODE = 3
   605 000004B3 BE[500F]                    mov si, image_palette
   606 000004B6 B90003                      mov cx, 768
   607                                  .color:
   608 000004B9 AC                          lodsb
   609 000004BA EE                          out dx, al
   610 000004BB E2FC                        loop .color
   611                                  %else
   612                                      xor bx, bx
   613                                  .color:
   614                                      ; RRRGGGBB -> three 8-bit DAC components.
   615                                      mov ax, bx
   616                                      and al, 0xe0
   617                                      out dx, al
   618                                      mov ax, bx
   619                                      and al, 0x1c
   620                                      shl al, 3
   621                                      out dx, al
   622                                      mov ax, bx
   623                                      and al, 3
   624                                      shl al, 6
   625                                      out dx, al
   626                                      inc bx
   627                                      cmp bx, 256
   628                                      jb .color
   629                                  %endif
   630 000004BD 4A                          dec dx
   631 000004BE B864FF                      mov ax, 0xff64
   632 000004C1 EF                          out dx, ax
   633 000004C2 C3                          ret
   634                                  
   635                                  ; On stage 1, fill visible screen by CPU solely to verify mode and banking.
   636                                  fill_screen:
   637 000004C3 B800A0                      mov ax, 0xa000
   638 000004C6 8EC0                        mov es, ax
   639 000004C8 31FF                        xor di, di
   640 000004CA 31DB                        xor bx, bx
   641 000004CC C706[9609]0000              mov word [row], 0
   642                                  .row:
   643 000004D2 B98002                      mov cx, SCREEN_W
   644 000004D5 A0[9609]                    mov al, [row]
   645                                  .pixel:
   646 000004D8 268805                      mov [es:di], al
   647 000004DB 47                          inc di
   648 000004DC 7504                        jnz .no_wrap
   649 000004DE 43                          inc bx
   650 000004DF E89600                      call select_bank
   651                                  .no_wrap:
   652 000004E2 E2F4                        loop .pixel
   653 000004E4 FF06[9609]                  inc word [row]
   654 000004E8 813E[9609]E001              cmp word [row], SCREEN_H
   655 000004EE 72E2                        jb .row
   656 000004F0 C3                          ret
   657                                  
   658                                  ; Source is 800*800 bytes at offset 307200 in 1 MB of VRAM.
   659                                  ; CPU loads the image once through the 64 KB banked A000 window.
   660                                  fill_source:
   661 000004F1 B800A0                      mov ax, 0xa000
   662 000004F4 8EC0                        mov es, ax
   663 000004F6 BB0400                      mov bx, 4
   664 000004F9 E87C00                      call select_bank
   665 000004FC BF00B0                      mov di, 0xb000
   666 000004FF C706[9609]0000              mov word [row], 0
   667                                  .row:
   668 00000505 C706[9809]0000              mov word [col], 0
   669                                  .pixel:
   670 0000050B A1[9609]                    mov ax, [row]
   671 0000050E 3DF000                      cmp ax, 240
   672 00000511 7309                        jae .ground
   673 00000513 C1E804                      shr ax, 4
   674 00000516 241C                        and al, 0x1c
   675 00000518 0C03                        or al, 3
   676 0000051A EB27                        jmp .grid
   677                                  .ground:
   678 0000051C A1[9809]                    mov ax, [col]
   679 0000051F 83E07F                      and ax, 127
   680 00000522 D1E8                        shr ax, 1
   681 00000524 05F000                      add ax, 240
   682 00000527 3906[9609]                  cmp [row], ax
   683 0000052B 720C                        jb .mountain
   684 0000052D A1[9609]                    mov ax, [row]
   685 00000530 C1E805                      shr ax, 5
   686 00000533 241C                        and al, 0x1c
   687 00000535 0C84                        or al, 0x84
   688 00000537 EB0A                        jmp .grid
   689                                  .mountain:
   690 00000539 A1[9809]                    mov ax, [col]
   691 0000053C C1E804                      shr ax, 4
   692 0000053F 241C                        and al, 0x1c
   693 00000541 0CA0                        or al, 0xa0
   694                                  .grid:
   695 00000543 F706[9809]3F00              test word [col], 63
   696 00000549 7408                        jz .line
   697 0000054B F706[9609]3F00              test word [row], 63
   698 00000551 7502                        jnz .store
   699                                  .line:
   700 00000553 B0FF                        mov al, 0xff
   701                                  .store:
   702 00000555 268805                      mov [es:di], al
   703 00000558 47                          inc di
   704 00000559 7504                        jnz .bank_ok
   705 0000055B 43                          inc bx
   706 0000055C E81900                      call select_bank
   707                                  .bank_ok:
   708 0000055F FF06[9809]                  inc word [col]
   709 00000563 813E[9809]C003              cmp word [col], SOURCE_W
   710 00000569 72A0                        jb .pixel
   711 0000056B FF06[9609]                  inc word [row]
   712 0000056F 813E[9609]8002              cmp word [row], SOURCE_H
   713 00000575 728E                        jb .row
   714 00000577 C3                          ret
   715                                  
   716                                  select_bank:
   717 00000578 50                          push ax
   718 00000579 52                          push dx
   719 0000057A 8B16[8A09]                  mov dx, [io_base]
   720 0000057E 83C208                      add dx, 8
   721 00000581 89D8                        mov ax, bx
   722 00000583 EE                          out dx, al
   723 00000584 5A                          pop dx
   724 00000585 58                          pop ax
   725 00000586 C3                          ret
   726                                  
   727                                  setup_maps:
   728 00000587 A1[8C09]                    mov ax, [cp_seg]
   729 0000058A 8EC0                        mov es, ax
   730 0000058C 26C606110000                mov byte [es:0x11], 0
   731 00000592 26C606120001                mov byte [es:0x12], 1            ; destination map A
   732 00000598 66A1[9209]                  mov eax, [cp_aperture]
   733 0000059C 2666A31400                  mov [es:0x14], eax
   734 000005A1 26C70618007F02              mov word [es:0x18], SCREEN_W-1
   735 000005A8 26C7061A00DF01              mov word [es:0x1a], SCREEN_H-1
   736 000005AF 26C6061C0003                mov byte [es:0x1c], 3
   737 000005B5 26C606120002                mov byte [es:0x12], 2            ; off-screen source map B
   738 000005BB 660500B00400                add eax, SOURCE_BASE
   739 000005C1 2666A31400                  mov [es:0x14], eax
   740 000005C6 26C7061800BF03              mov word [es:0x18], SOURCE_W-1
   741 000005CD 26C7061A007F02              mov word [es:0x1a], SOURCE_H-1
   742 000005D4 26C6061C0003                mov byte [es:0x1c], 3
   743 000005DA 26C6064A0004                mov byte [es:0x4a], 4            ; color compare disabled
   744 000005E0 2666C7065000FF0000-         mov dword [es:0x50], 0xff
   744 000005E9 00                 
   745 000005EA 2666C7065400FF0000-         mov dword [es:0x54], 0xff
   745 000005F3 00                 
   746 000005F4 26C606480003                mov byte [es:0x48], 3            ; XGA_S
   747 000005FA 26C606490003                mov byte [es:0x49], 3
   748 00000600 C3                          ret
   749                                  
   750                                  %if PAN_STYLE = 1
   751                                  ; Scan the 960-pixel-wide source image directly. XGA display start is in
   752                                  ; dwords, and display pitch is expressed in units of eight pixels.
   753                                  configure_scanout:
   754                                      mov word [step_x], 4
   755                                      mov dx, [io_base]
   756                                      add dx, 0x0a
   757                                      mov ax, 0x7843                  ; 960 / 8 pixels per scan line
   758                                      out dx, ax
   759                                      mov ax, 0x0044
   760                                      out dx, ax
   761                                      call set_view
   762                                      ret
   763                                  
   764                                  %endif
   765                                  
   766                                  ; XGA's 64x64 hardware sprite is independent of the scanned framebuffer.
   767                                  ; These register values and sprite-data writes reproduce DREAMS.COM from
   768                                  ; dreams_xga_20260926_193007.img, the version the user verified in 86Box.
   769                                  setup_sprite_hud:
   770 00000601 6660                        pushad
   771 00000603 8B16[8A09]                  mov dx, [io_base]
   772 00000607 83C20A                      add dx, 0x0a
   773 0000060A B83008                      mov ax, 0x0830                  ; sprite X = 8
   774 0000060D EF                          out dx, ax
   775 0000060E B83100                      mov ax, 0x0031
   776 00000611 EF                          out dx, ax
   777 00000612 B83200                      mov ax, 0x0032                  ; X hotspot = 0
   778 00000615 EF                          out dx, ax
   779 00000616 B83308                      mov ax, 0x0833                  ; sprite Y = 8
   780 00000619 EF                          out dx, ax
   781 0000061A B83400                      mov ax, 0x0034
   782 0000061D EF                          out dx, ax
   783 0000061E B83500                      mov ax, 0x0035                  ; Y hotspot = 0
   784 00000621 EF                          out dx, ax
   785 00000622 B83800                      mov ax, 0x0038                  ; sprite color 0 = black
   786 00000625 EF                          out dx, ax
   787 00000626 B83900                      mov ax, 0x0039
   788 00000629 EF                          out dx, ax
   789 0000062A B83A00                      mov ax, 0x003a
   790 0000062D EF                          out dx, ax
   791 0000062E B83BFF                      mov ax, 0xff3b                  ; sprite color 1 = white
   792 00000631 EF                          out dx, ax
   793 00000632 B83CFF                      mov ax, 0xff3c
   794 00000635 EF                          out dx, ax
   795 00000636 B83DFF                      mov ax, 0xff3d
   796 00000639 EF                          out dx, ax
   797 0000063A B86000                      mov ax, 0x0060                  ; sprite data position = 0
   798 0000063D EF                          out dx, ax
   799 0000063E B86100                      mov ax, 0x0061
   800 00000641 EF                          out dx, ax
   801 00000642 B06A                        mov al, 0x6a                  ; sprite data stream register
   802 00000644 EE                          out dx, al
   803 00000645 42                          inc dx
   804 00000646 B0AA                        mov al, 0xaa                  ; four transparent 2-bit pixels
   805 00000648 B90004                      mov cx, 1024
   806                                  .clear:
   807 0000064B EE                          out dx, al
   808 0000064C E2FD                        loop .clear
   809 0000064E C706[A309]FFFF              mov word [hud_last_fps], 0xffff
   810 00000654 E80E00                      call update_sprite_hud
   811 00000657 8B16[8A09]                  mov dx, [io_base]
   812 0000065B 83C20A                      add dx, 0x0a
   813 0000065E B83601                      mov ax, 0x0136                  ; enable hardware sprite
   814 00000661 EF                          out dx, ax
   815 00000662 6661                        popad
   816 00000664 C3                          ret
   817                                  
   818                                  update_sprite_hud:
   819 00000665 6660                        pushad
   820 00000667 A1[B009]                    mov ax, [hud_fps10]
   821 0000066A 3B06[A309]                  cmp ax, [hud_last_fps]
   822 0000066E 7447                        je .done
   823 00000670 A3[A309]                    mov [hud_last_fps], ax
   824 00000673 E8A401                      call render_hud
   825 00000676 8B16[8A09]                  mov dx, [io_base]
   826 0000067A 83C20A                      add dx, 0x0a
   827 0000067D B86000                      mov ax, 0x0060
   828 00000680 EF                          out dx, ax
   829 00000681 B86100                      mov ax, 0x0061
   830 00000684 EF                          out dx, ax
   831 00000685 B06A                        mov al, 0x6a
   832 00000687 EE                          out dx, al
   833 00000688 42                          inc dx
   834 00000689 BE[B90C]                    mov si, hud_canvas
   835 0000068C BDA000                      mov bp, 64 * 10 / 4
   836                                  .group:
   837 0000068F B0AA                        mov al, 0xaa
   838 00000691 803C00                      cmp byte [si], 0
   839 00000694 7402                        je .pixel1
   840 00000696 3403                        xor al, 0x03
   841                                  .pixel1:
   842 00000698 807C0100                    cmp byte [si+1], 0
   843 0000069C 7402                        je .pixel2
   844 0000069E 340C                        xor al, 0x0c
   845                                  .pixel2:
   846 000006A0 807C0200                    cmp byte [si+2], 0
   847 000006A4 7402                        je .pixel3
   848 000006A6 3430                        xor al, 0x30
   849                                  .pixel3:
   850 000006A8 807C0300                    cmp byte [si+3], 0
   851 000006AC 7402                        je .write
   852 000006AE 34C0                        xor al, 0xc0
   853                                  .write:
   854 000006B0 EE                          out dx, al
   855 000006B1 83C604                      add si, 4
   856 000006B4 4D                          dec bp
   857 000006B5 75D8                        jnz .group
   858                                  .done:
   859 000006B7 6661                        popad
   860 000006B9 C3                          ret
   861                                  
   862                                  %if PAN_STYLE = 1
   863                                  set_view:
   864                                      movzx eax, word [pan_y]
   865                                      imul eax, eax, SOURCE_W
   866                                      movzx ebx, word [pan_x]
   867                                      add eax, ebx
   868                                      add eax, SOURCE_BASE
   869                                      shr eax, 2
   870                                      mov ebx, eax
   871                                      mov dx, [io_base]
   872                                      add dx, 0x0a
   873                                      mov ah, bl
   874                                      mov al, 0x40
   875                                      out dx, ax
   876                                      shr ebx, 8
   877                                      mov ah, bl
   878                                      mov al, 0x41
   879                                      out dx, ax
   880                                      shr ebx, 8
   881                                      mov ah, bl
   882                                      mov al, 0x42                  ; latches start address in 86Box
   883                                      out dx, ax
   884                                      ret
   885                                  
   886                                  ; 86Box skips unmodified VRAM pages during scanout. Rewriting one unchanged
   887                                  ; byte per 4 KB page marks the source image for redraw after a start change.
   888                                  refresh_source_pages:
   889                                      push ax
   890                                      push bx
   891                                      push si
   892                                      push bp
   893                                      push es
   894                                      mov ax, 0xa000
   895                                      mov es, ax
   896                                      mov bx, 4
   897                                      call select_bank
   898                                      mov si, 0xb000
   899                                      mov bp, SOURCE_PAGES          ; pages 0x4b000 through 0xe0000
   900                                  .page:
   901                                      mov al, [es:si]
   902                                      mov [es:si], al
   903                                      add si, 4096
   904                                      jnz .next
   905                                      inc bx
   906                                      call select_bank
   907                                  .next:
   908                                      dec bp
   909                                      jnz .page
   910                                      pop es
   911                                      pop bp
   912                                      pop si
   913                                      pop bx
   914                                      pop ax
   915                                      ret
   916                                  %endif
   917                                  
   918                                  %if PAN_STYLE = 0
   919                                  ; Start each BitBLT at a new vertical retrace when S mode is enabled.
   920                                  ; Input Status 1 bit 3 is also driven by 86Box's XGA scanout. Bounded
   921                                  ; polling keeps the demo responsive if a machine does not expose the bit.
   922                                  wait_vsync:
   923 000006BA 50                          push ax
   924 000006BB 51                          push cx
   925 000006BC 52                          push dx
   926 000006BD BADA03                      mov dx, 0x3da
   927 000006C0 B9FFFF                      mov cx, 0xffff
   928                                  .leave_retrace:
   929 000006C3 EC                          in al, dx
   930 000006C4 A808                        test al, 8
   931 000006C6 7404                        jz .wait_retrace
   932 000006C8 E2F9                        loop .leave_retrace
   933 000006CA EB0A                        jmp .timeout
   934                                  .wait_retrace:
   935 000006CC B9FFFF                      mov cx, 0xffff
   936                                  .rise:
   937 000006CF EC                          in al, dx
   938 000006D0 A808                        test al, 8
   939 000006D2 7505                        jnz .synced
   940 000006D4 E2F9                        loop .rise
   941                                  .timeout:
   942 000006D6 F9                          stc
   943 000006D7 EB01                        jmp .done
   944                                  .synced:
   945 000006D9 F8                          clc
   946                                  .done:
   947 000006DA 5A                          pop dx
   948 000006DB 59                          pop cx
   949 000006DC 58                          pop ax
   950 000006DD C3                          ret
   951                                  %endif
   952                                  
   953                                  ; Count completed panorama steps over at least 36 BIOS clock ticks (~2 s).
   954                                  ; A slow frame can span several seconds; tick subtraction preserves that time.
   955                                  ; This measures the guest animation loop, not host-window presentation.
   956                                  update_fps:
   957 000006DE 6660                        pushad
   958 000006E0 30E4                        xor ah, ah
   959 000006E2 CD1A                        int 0x1a
   960 000006E4 660FB7C1                    movzx eax, cx
   961 000006E8 66C1E010                    shl eax, 16
   962 000006EC 89D0                        mov ax, dx
   963 000006EE 66A3[AA09]                  mov [fps_now], eax
   964 000006F2 803E[A509]00                cmp byte [fps_started], 0
   965 000006F7 750B                        jne .elapsed
   966 000006F9 66A3[A609]                  mov [fps_start], eax
   967 000006FD C606[A509]01                mov byte [fps_started], 1
   968 00000702 EB4C                        jmp .done                      ; this completed frame precedes the timer
   969                                  .elapsed:
   970 00000704 FF06[AE09]                  inc word [hud_frames]
   971 00000708 6689C3                      mov ebx, eax
   972 0000070B 662B1E[A609]                sub ebx, [fps_start]
   973 00000710 7307                        jnc .delta_ready
   974 00000712 6681C3B0001800              add ebx, 0x1800b0             ; BIOS midnight rollover
   975                                  .delta_ready:
   976 00000719 6683FB24                    cmp ebx, 36
   977 0000071D 7231                        jb .done
   978 0000071F 660FB706[AE09]              movzx eax, word [hud_frames]
   979 00000725 66B9B6000000                mov ecx, 182                  ; 18.2 ticks/s * 10 for tenths
   980 0000072B 66F7E1                      mul ecx
   981 0000072E 6631D2                      xor edx, edx
   982 00000731 66F7F3                      div ebx
   983 00000734 663D0F270000                cmp eax, 9999
   984 0000073A 7603                        jbe .store
   985                                  .cap:
   986 0000073C B80F27                      mov ax, 9999
   987                                  .store:
   988 0000073F A3[B009]                    mov [hud_fps10], ax
   989 00000742 66A1[AA09]                  mov eax, [fps_now]
   990 00000746 66A3[A609]                  mov [fps_start], eax
   991 0000074A C706[AE09]0000              mov word [hud_frames], 0
   992                                  .done:
   993 00000750 6661                        popad
   994 00000752 C3                          ret
   995                                  
   996                                  restore_hud:
   997 00000753 803E[B209]00                cmp byte [hud_active], 0
   998 00000758 740E                        je .done
   999 0000075A 66A1[B309]                  mov eax, [hud_old_addr]
  1000 0000075E 66A3[B709]                  mov [hud_work_addr], eax
  1001 00000762 BE[390A]                    mov si, hud_saved
  1002 00000765 E87400                      call copy_to_vram
  1003                                  .done:
  1004 00000768 C3                          ret
  1005                                  
  1006                                  show_hud:
  1007                                  %if PAN_STYLE = 1
  1008                                      ; Legacy VRAM text path is retained so the verified 193007 DREAMS
  1009                                      ; binary remains reproducible. The active FPS path is the sprite above.
  1010                                      movzx eax, word [pan_y]
  1011                                      add eax, 8
  1012                                      imul eax, eax, SOURCE_W
  1013                                      movzx ebx, word [pan_x]
  1014                                      add eax, ebx
  1015                                      add eax, SOURCE_BASE + 8
  1016                                      mov [hud_old_addr], eax
  1017                                      mov [hud_work_addr], eax
  1018                                      mov word [hud_pitch], SOURCE_W
  1019                                  %else
  1020 00000769 66C706[B309]080500-         mov dword [hud_old_addr], 2 * SCREEN_W + 8
  1020 00000771 00                 
  1021 00000772 66A1[B309]                  mov eax, [hud_old_addr]
  1022 00000776 66A3[B709]                  mov [hud_work_addr], eax
  1023 0000077A C706[BB09]8002              mov word [hud_pitch], SCREEN_W
  1024                                  %endif
  1025 00000780 BE[390A]                    mov si, hud_saved
  1026 00000783 E81700                      call copy_from_vram
  1027 00000786 E89100                      call render_hud
  1028 00000789 66A1[B309]                  mov eax, [hud_old_addr]
  1029 0000078D 66A3[B709]                  mov [hud_work_addr], eax
  1030 00000791 BE[B90C]                    mov si, hud_canvas
  1031 00000794 E84500                      call copy_to_vram
  1032 00000797 C606[B209]01                mov byte [hud_active], 1
  1033 0000079C C3                          ret
  1034                                  
  1035                                  ; Rectangle copy: 64 x 10 bytes at hud_work_addr.
  1036                                  ; Recompute the bank for each row and also handle a row crossing a bank edge.
  1037                                  copy_from_vram:
  1038 0000079D 6660                        pushad
  1039 0000079F 06                          push es
  1040 000007A0 B800A0                      mov ax, 0xa000
  1041 000007A3 8EC0                        mov es, ax
  1042 000007A5 BD0A00                      mov bp, 10
  1043                                  .row:
  1044 000007A8 66A1[B709]                  mov eax, [hud_work_addr]
  1045 000007AC 6689C3                      mov ebx, eax
  1046 000007AF 66C1EB10                    shr ebx, 16
  1047 000007B3 89C7                        mov di, ax
  1048 000007B5 E8C0FD                      call select_bank
  1049 000007B8 B94000                      mov cx, 64
  1050                                  .pixel:
  1051 000007BB 268A05                      mov al, [es:di]
  1052 000007BE 8804                        mov [si], al
  1053 000007C0 46                          inc si
  1054 000007C1 47                          inc di
  1055 000007C2 7504                        jnz .same_bank
  1056 000007C4 43                          inc bx
  1057 000007C5 E8B0FD                      call select_bank
  1058                                  .same_bank:
  1059 000007C8 E2F1                        loop .pixel
  1060 000007CA 660FB706[BB09]              movzx eax, word [hud_pitch]
  1061 000007D0 660106[B709]                add [hud_work_addr], eax
  1062 000007D5 4D                          dec bp
  1063 000007D6 75D0                        jnz .row
  1064 000007D8 07                          pop es
  1065 000007D9 6661                        popad
  1066 000007DB C3                          ret
  1067                                  
  1068                                  copy_to_vram:
  1069 000007DC 6660                        pushad
  1070 000007DE 06                          push es
  1071 000007DF FC                          cld
  1072 000007E0 B800A0                      mov ax, 0xa000
  1073 000007E3 8EC0                        mov es, ax
  1074 000007E5 BD0A00                      mov bp, 10
  1075                                  .row:
  1076 000007E8 66A1[B709]                  mov eax, [hud_work_addr]
  1077 000007EC 6689C3                      mov ebx, eax
  1078 000007EF 66C1EB10                    shr ebx, 16
  1079 000007F3 89C7                        mov di, ax
  1080 000007F5 E880FD                      call select_bank
  1081 000007F8 B94000                      mov cx, 64
  1082                                  .pixel:
  1083 000007FB AC                          lodsb
  1084 000007FC 268805                      mov [es:di], al
  1085 000007FF 47                          inc di
  1086 00000800 7504                        jnz .same_bank
  1087 00000802 43                          inc bx
  1088 00000803 E872FD                      call select_bank
  1089                                  .same_bank:
  1090 00000806 E2F3                        loop .pixel
  1091 00000808 660FB706[BB09]              movzx eax, word [hud_pitch]
  1092 0000080E 660106[B709]                add [hud_work_addr], eax
  1093 00000813 4D                          dec bp
  1094 00000814 75D2                        jnz .row
  1095 00000816 07                          pop es
  1096 00000817 6661                        popad
  1097 00000819 C3                          ret
  1098                                  
  1099                                  render_hud:
  1100 0000081A 6660                        pushad
  1101 0000081C 06                          push es
  1102 0000081D 1E                          push ds
  1103 0000081E 07                          pop es
  1104 0000081F FC                          cld
  1105 00000820 BF[B90C]                    mov di, hud_canvas
  1106 00000823 B98002                      mov cx, 64 * 10
  1107 00000826 30C0                        xor al, al
  1108 00000828 F3AA                        rep stosb
  1109 0000082A A1[B009]                    mov ax, [hud_fps10]
  1110 0000082D BB0A00                      mov bx, 10
  1111 00000830 31D2                        xor dx, dx
  1112 00000832 F7F3                        div bx
  1113 00000834 80C204                      add dl, 4
  1114 00000837 8816[C709]                  mov [hud_text+8], dl          ; tenths
  1115 0000083B 31D2                        xor dx, dx
  1116 0000083D F7F3                        div bx
  1117 0000083F 80C204                      add dl, 4
  1118 00000842 8816[C509]                  mov [hud_text+6], dl          ; ones
  1119 00000846 31D2                        xor dx, dx
  1120 00000848 F7F3                        div bx
  1121 0000084A 80C204                      add dl, 4
  1122 0000084D 8816[C409]                  mov [hud_text+5], dl          ; tens
  1123 00000851 0404                        add al, 4
  1124 00000853 A2[C309]                    mov [hud_text+4], al          ; hundreds
  1125                                  %if PAN_STYLE = 0
  1126 00000856 C606[C809]0F                mov byte [hud_text+9], 15     ; blank when running without VSYNC wait
  1127 0000085B 803E[A209]00                cmp byte [vsync_enabled], 0
  1128 00000860 7405                        je .mode_ready
  1129 00000862 C606[C809]02                mov byte [hud_text+9], 2      ; S marks synchronized BitBLT
  1130                                  .mode_ready:
  1131                                  %endif
  1132 00000867 C706[BD09][FA0C]            mov word [hud_char_base], hud_canvas + 65
  1133 0000086D 31DB                        xor bx, bx
  1134                                  .char:
  1135 0000086F 8A87[BF09]                  mov al, [hud_text+bx]
  1136 00000873 B107                        mov cl, 7
  1137 00000875 F6E1                        mul cl
  1138 00000877 BE[C909]                    mov si, hud_glyphs
  1139 0000087A 01C6                        add si, ax
  1140 0000087C 8B3E[BD09]                  mov di, [hud_char_base]
  1141 00000880 BD0700                      mov bp, 7
  1142                                  .row:
  1143 00000883 8A14                        mov dl, [si]
  1144 00000885 B90500                      mov cx, 5
  1145                                  .bit:
  1146 00000888 F6C210                      test dl, 0x10
  1147 0000088B 7403                        jz .skip
  1148 0000088D C6054A                      mov byte [di], PROGRESS_COLOR
  1149                                  .skip:
  1150 00000890 D0E2                        shl dl, 1
  1151 00000892 47                          inc di
  1152 00000893 E2F3                        loop .bit
  1153 00000895 46                          inc si
  1154 00000896 83C73B                      add di, 59
  1155 00000899 4D                          dec bp
  1156 0000089A 75E7                        jnz .row
  1157 0000089C 8306[BD09]06                add word [hud_char_base], 6
  1158 000008A1 43                          inc bx
  1159                                  %if PAN_STYLE = 0
  1160 000008A2 83FB0A                      cmp bx, 10
  1161                                  %else
  1162                                      cmp bx, 9
  1163                                  %endif
  1164 000008A5 72C8                        jb .char
  1165 000008A7 07                          pop es
  1166 000008A8 6661                        popad
  1167 000008AA C3                          ret
  1168                                  
  1169                                  %if PAN_STYLE = 2
  1170                                  ; CPU-only comparison: read each 640-byte row through the banked A000
  1171                                  ; window into conventional RAM, switch banks, then write the display row.
  1172                                  cpu_blit:
  1173                                      pushad
  1174                                      push es
  1175                                      movzx eax, word [pan_y]
  1176                                      imul eax, eax, SOURCE_W
  1177                                      movzx ebx, word [pan_x]
  1178                                      add eax, ebx
  1179                                      add eax, SOURCE_BASE
  1180                                      mov [cpu_src_addr], eax
  1181                                      mov dword [cpu_dst_addr], 0
  1182                                      mov bp, SCREEN_H
  1183                                  .row:
  1184                                      mov ax, 0xa000
  1185                                      mov es, ax
  1186                                      mov eax, [cpu_src_addr]
  1187                                      mov ebx, eax
  1188                                      shr ebx, 16
  1189                                      mov di, ax
  1190                                      call select_bank
  1191                                      mov si, image_page
  1192                                      mov cx, SCREEN_W
  1193                                  .read:
  1194                                      mov al, [es:di]
  1195                                      mov [si], al
  1196                                      inc si
  1197                                      inc di
  1198                                      jnz .read_same_bank
  1199                                      inc bx
  1200                                      call select_bank
  1201                                  .read_same_bank:
  1202                                      loop .read
  1203                                  
  1204                                      mov eax, [cpu_dst_addr]
  1205                                      mov ebx, eax
  1206                                      shr ebx, 16
  1207                                      mov di, ax
  1208                                      call select_bank
  1209                                      mov si, image_page
  1210                                      mov cx, SCREEN_W
  1211                                      cld
  1212                                  .write:
  1213                                      lodsb
  1214                                      mov [es:di], al
  1215                                      inc di
  1216                                      jnz .write_same_bank
  1217                                      inc bx
  1218                                      call select_bank
  1219                                  .write_same_bank:
  1220                                      loop .write
  1221                                      add dword [cpu_src_addr], SOURCE_W
  1222                                      add dword [cpu_dst_addr], SCREEN_W
  1223                                      dec bp
  1224                                      jnz .row
  1225                                      pop es
  1226                                      popad
  1227                                      ret
  1228                                  %endif
  1229                                  
  1230                                  full_blit:
  1231 000008AB E84D00                      call wait_cp
  1232 000008AE 7229                        jc .failed
  1233 000008B0 26C70670000000              mov word [es:0x70], 0
  1234 000008B7 26C70672000000              mov word [es:0x72], 0
  1235 000008BE 26C70678000000              mov word [es:0x78], 0
  1236 000008C5 26C7067A000000              mov word [es:0x7a], 0
  1237 000008CC 2666C7067C00008021-         mov dword [es:0x7c], BLT_OP
  1237 000008D5 A8                 
  1238 000008D6 E82200                      call wait_cp
  1239                                  .failed:
  1240 000008D9 C3                          ret
  1241                                  
  1242                                  ; A small guest-written marker establishes that DOS reached a completed BLT.
  1243                                  ; Visual correctness still requires an emulator screenshot or user inspection.
  1244                                  log_first_blit:
  1245 000008DA B43C                        mov ah, 0x3c
  1246 000008DC 31C9                        xor cx, cx
  1247 000008DE BA[0A93]                    mov dx, log_name
  1248 000008E1 CD21                        int 0x21
  1249 000008E3 7215                        jc .done
  1250 000008E5 89C3                        mov bx, ax
  1251 000008E7 B440                        mov ah, 0x40
  1252 000008E9 B93200                      mov cx, log_end-log_text
  1253 000008EC BA[6093]                    mov dx, log_text
  1254 000008EF CD21                        int 0x21
  1255 000008F1 B43E                        mov ah, 0x3e
  1256 000008F3 CD21                        int 0x21
  1257 000008F5 A1[8C09]                    mov ax, [cp_seg]
  1258 000008F8 8EC0                        mov es, ax
  1259                                  .done:
  1260 000008FA C3                          ret
  1261                                  
  1262                                  wait_cp:
  1263 000008FB 51                          push cx
  1264 000008FC 52                          push dx
  1265 000008FD BA4000                      mov dx, 64
  1266                                  .outer:
  1267 00000900 B9FFFF                      mov cx, 0xffff
  1268                                  .inner:
  1269 00000903 813E[8509]DA8F              cmp word [card_id], 0x8fda
  1270 00000909 740A                        je .xga2
  1271 0000090B 26F606110080                test byte [es:0x11], 0x80
  1272 00000911 7413                        jz .done
  1273 00000913 EB08                        jmp .retry
  1274                                  .xga2:
  1275 00000915 26F606090080                test byte [es:0x09], 0x80
  1276 0000091B 7409                        jz .done
  1277                                  .retry:
  1278 0000091D E2E4                        loop .inner
  1279 0000091F 4A                          dec dx
  1280 00000920 75DE                        jnz .outer
  1281 00000922 5A                          pop dx
  1282 00000923 59                          pop cx
  1283 00000924 F9                          stc
  1284 00000925 C3                          ret
  1285                                  .done:
  1286 00000926 5A                          pop dx
  1287 00000927 59                          pop cx
  1288 00000928 F8                          clc
  1289 00000929 C3                          ret
  1290                                  
  1291                                  restore_mode:
  1292 0000092A 803E[8209]00                cmp byte [mode_active], 0
  1293 0000092F 744F                        je .done
  1294 00000931 8B16[8A09]                  mov dx, [io_base]
  1295 00000935 83C20A                      add dx, 0x0a
  1296 00000938 B83600                      mov ax, 0x0036                  ; disable hardware sprite
  1297 0000093B EF                          out dx, ax
  1298 0000093C 8B16[8A09]                  mov dx, [io_base]
  1299 00000940 42                          inc dx
  1300 00000941 30C0                        xor al, al
  1301 00000943 EE                          out dx, al
  1302 00000944 8B16[8A09]                  mov dx, [io_base]
  1303 00000948 83C20A                      add dx, 0x0a
  1304 0000094B B864FF                      mov ax, 0xff64
  1305 0000094E EF                          out dx, ax
  1306 0000094F B85015                      mov ax, 0x1550
  1307 00000952 EF                          out dx, ax
  1308 00000953 B85014                      mov ax, 0x1450
  1309 00000956 EF                          out dx, ax
  1310 00000957 B85100                      mov ax, 0x0051
  1311 0000095A EF                          out dx, ax
  1312 0000095B B85404                      mov ax, 0x0454
  1313 0000095E EF                          out dx, ax
  1314 0000095F B8707F                      mov ax, 0x7f70
  1315 00000962 EF                          out dx, ax
  1316 00000963 B82A20                      mov ax, 0x202a
  1317 00000966 EF                          out dx, ax
  1318 00000967 8B16[8A09]                  mov dx, [io_base]
  1319 0000096B B001                        mov al, 1
  1320 0000096D EE                          out dx, al
  1321 0000096E BAC303                      mov dx, 0x3c3
  1322 00000971 EE                          out dx, al
  1323 00000972 B80212                      mov ax, 0x1202
  1324 00000975 B330                        mov bl, 0x30
  1325 00000977 CD10                        int 0x10
  1326 00000979 30E4                        xor ah, ah
  1327 0000097B A0[8109]                    mov al, [old_mode]
  1328 0000097E CD10                        int 0x10
  1329                                  .done:
  1330 00000980 C3                          ret
  1331                                  
  1332 00000981 03                      old_mode db 3
  1333 00000982 00                      mode_active db 0
  1334 00000983 0000                    pos_base dw 0
  1335 00000985 0000                    card_id dw 0
  1336 00000987 00                      pos1 db 0
  1337 00000988 00                      pos3 db 0
  1338 00000989 00                      pos4 db 0
  1339 0000098A 0000                    io_base dw 0
  1340 0000098C 0000                    cp_seg dw 0
  1341 0000098E 00000000                aperture dd 0
  1342 00000992 00000000                cp_aperture dd 0
  1343 00000996 0000                    row dw 0
  1344 00000998 0000                    col dw 0
  1345 0000099A 0000                    pan_x dw 0
  1346 0000099C 0000                    pan_y dw 0
  1347 0000099E 0100                    step_x dw 1
  1348 000009A0 0100                    step_y dw 1
  1349                                  %if PAN_STYLE = 0
  1350 000009A2 00                      vsync_enabled db 0
  1351                                  %endif
  1352 000009A3 FFFF                    hud_last_fps dw 0xffff
  1353 000009A5 00                      fps_started db 0
  1354 000009A6 00000000                fps_start dd 0
  1355 000009AA 00000000                fps_now dd 0
  1356 000009AE 0000                    hud_frames dw 0
  1357 000009B0 0000                    hud_fps10 dw 0
  1358 000009B2 00                      hud_active db 0
  1359 000009B3 00000000                hud_old_addr dd 0
  1360 000009B7 00000000                hud_work_addr dd 0
  1361 000009BB C003                    hud_pitch dw SOURCE_W
  1362 000009BD 0000                    hud_char_base dw 0
  1363 000009BF 000102030404040E04      hud_text db 0, 1, 2, 3, 4, 4, 4, 14, 4 ; FPS:000.0
  1364                                  %if PAN_STYLE = 0
  1365 000009C8 0F                          db 15                             ; optional S at the right
  1366                                  %endif
  1367                                  ; Five-bit rows for F, P, S, colon, digits 0..9, and dot.
  1368                                  hud_glyphs:
  1369 000009C9 1F10101E101010              db 0x1f,0x10,0x10,0x1e,0x10,0x10,0x10
  1370 000009D0 1E11111E101010              db 0x1e,0x11,0x11,0x1e,0x10,0x10,0x10
  1371 000009D7 0F10100E01011E              db 0x0f,0x10,0x10,0x0e,0x01,0x01,0x1e
  1372 000009DE 00040400040400              db 0x00,0x04,0x04,0x00,0x04,0x04,0x00
  1373 000009E5 0E11131519110E              db 0x0e,0x11,0x13,0x15,0x19,0x11,0x0e
  1374 000009EC 040C040404040E              db 0x04,0x0c,0x04,0x04,0x04,0x04,0x0e
  1375 000009F3 0E11010204081F              db 0x0e,0x11,0x01,0x02,0x04,0x08,0x1f
  1376 000009FA 1E01010E01011E              db 0x1e,0x01,0x01,0x0e,0x01,0x01,0x1e
  1377 00000A01 02060A121F0202              db 0x02,0x06,0x0a,0x12,0x1f,0x02,0x02
  1378 00000A08 1F10101E01011E              db 0x1f,0x10,0x10,0x1e,0x01,0x01,0x1e
  1379 00000A0F 0E10101E11110E              db 0x0e,0x10,0x10,0x1e,0x11,0x11,0x0e
  1380 00000A16 1F010204080808              db 0x1f,0x01,0x02,0x04,0x08,0x08,0x08
  1381 00000A1D 0E11110E11110E              db 0x0e,0x11,0x11,0x0e,0x11,0x11,0x0e
  1382 00000A24 0E11110F01010E              db 0x0e,0x11,0x11,0x0f,0x01,0x01,0x0e
  1383 00000A2B 00000000000404              db 0x00,0x00,0x00,0x00,0x00,0x04,0x04
  1384                                  %if PAN_STYLE = 0
  1385 00000A32 00<rep 7h>                  times 7 db 0                      ; blank glyph 15
  1386                                  %endif
  1387 00000A39 00<rep 280h>            hud_saved times 64 * 10 db 0
  1388 00000CB9 00<rep 280h>            hud_canvas times 64 * 10 db 0
  1389                                  %if TEST_MODE = 3
  1390 00000F39 445245414D532E4441-     image_name db 'DREAMS.DAT', 0
  1390 00000F42 5400               
  1391 00000F44 0000                    image_handle dw 0
  1392 00000F46 0400                    load_bank dw 4
  1393 00000F48 00B0                    load_offset dw 0xb000
  1394 00000F4A 0000                    loaded_pages dw 0
  1395 00000F4C 0000                    chunk_pages dw 0
  1396 00000F4E 0000                    chunk_bytes dw 0
  1397 00000F50 <bin 300h>              image_palette incbin "bin/DREAMS.DAT", 0, 768
  1398                                  align 2
  1399 00001250 00<rep 8000h>           image_page times 32768 db 0
  1400                                  %endif
  1401                                  %if PAN_STYLE = 2
  1402                                  cpu_src_addr dd 0
  1403                                  cpu_dst_addr dd 0
  1404                                  %endif
  1405 00009250 447265616D73205847-     msg_start db 'Dreams XGA Flight', 13, 10, '$'
  1405 00009259 4120466C696768740D-
  1405 00009262 0A24               
  1406 00009264 5847412D312F584741-     msg_no_xga db 'XGA-1/XGA-2 not found on MCA.', 13, 10, '$'
  1406 0000926D 2D32206E6F7420666F-
  1406 00009276 756E64206F6E204D43-
  1406 0000927F 412E0D0A24         
  1407 00009284 4E6F20584741203120-     msg_no_aperture db 'No XGA 1 MB or 4 MB aperture in POS.', 13, 10, '$'
  1407 0000928D 4D42206F722034204D-
  1407 00009296 422061706572747572-
  1407 0000929F 6520696E20504F532E-
  1407 000092A8 0D0A24             
  1408 000092AB 50616E6F72616D6120-     msg_no_vram db 'Panorama needs 1 MB XGA VRAM.', 13, 10, '$'
  1408 000092B4 6E656564732031204D-
  1408 000092BD 422058474120565241-
  1408 000092C6 4D2E0D0A24         
  1409 000092CB 445245414D532E4441-     msg_image_error db 'DREAMS.DAT missing or incomplete.', 13, 10, '$'
  1409 000092D4 54206D697373696E67-
  1409 000092DD 206F7220696E636F6D-
  1409 000092E6 706C6574652E0D0A24 
  1410 000092EF 58474120636F70726F-     msg_cp_timeout db 'XGA coprocessor timeout.', 13, 10, '$'
  1410 000092F8 636573736F72207469-
  1410 00009301 6D656F75742E0D0A24 
  1411 0000930A 5847414F4B2E545854-     log_name db 'XGAOK.TXT', 0
  1411 00009313 00                 
  1412 00009314 584741424F4F542E54-     log_boot_name db 'XGABOOT.TXT', 0
  1412 0000931D 585400             
  1413 00009320 5847414445542E5458-     log_detect_name db 'XGADET.TXT', 0
  1413 00009329 5400               
  1414 0000932B 5847414D4F44452E54-     log_mode_name db 'XGAMODE.TXT', 0
  1414 00009334 585400             
  1415 00009337 4E4F5847412E545854-     log_xga_error db 'NOXGA.TXT', 0
  1415 00009340 00                 
  1416 00009341 4E4F415045522E5458-     log_ap_error db 'NOAPER.TXT', 0
  1416 0000934A 5400               
  1417 0000934C 4E4F5652414D2E5458-     log_vram_error db 'NOVRAM.TXT', 0
  1417 00009355 5400               
  1418 00009357 4E4F43502E54585400      log_cp_error db 'NOCP.TXT', 0
  1419 00009360 584741206D6F64652C-     log_text db 'XGA mode, maps, and first BLT command completed.', 13, 10
  1419 00009369 206D6170732C20616E-
  1419 00009372 642066697273742042-
  1419 0000937B 4C5420636F6D6D616E-
  1419 00009384 6420636F6D706C6574-
  1419 0000938D 65642E0D0A         
  1420                                  log_end:
  1421                                  
  1422                                  %include "xga_mode_640.inc"
     1                              <1> ; Generated from XGA Toolkit/XGAKIT.ASM by build_mode_table.py.
     2                              <1> ; Entries: I/O offset, register index (0 for direct), value.
     3                              <1> mode_table:
     4 00009392 040000              <1>     db 0x04, 0x00, 0x00
     5 00009395 0500FF              <1>     db 0x05, 0x00, 0xff
     6 00009398 000004              <1>     db 0x00, 0x00, 0x04
     7 0000939B 0A6400              <1>     db 0x0a, 0x64, 0x00
     8 0000939E 010001              <1>     db 0x01, 0x00, 0x01
     9 000093A1 080000              <1>     db 0x08, 0x00, 0x00
    10 000093A4 060000              <1>     db 0x06, 0x00, 0x00
    11 000093A7 090003              <1>     db 0x09, 0x00, 0x03
    12 000093AA 0A5001              <1>     db 0x0a, 0x50, 0x01
    13 000093AD 0A5000              <1>     db 0x0a, 0x50, 0x00
    14 000093B0 0A1063              <1>     db 0x0a, 0x10, 0x63
    15 000093B3 0A1100              <1>     db 0x0a, 0x11, 0x00
    16 000093B6 0A124F              <1>     db 0x0a, 0x12, 0x4f
    17 000093B9 0A1300              <1>     db 0x0a, 0x13, 0x00
    18 000093BC 0A144F              <1>     db 0x0a, 0x14, 0x4f
    19 000093BF 0A1500              <1>     db 0x0a, 0x15, 0x00
    20 000093C2 0A1663              <1>     db 0x0a, 0x16, 0x63
    21 000093C5 0A1700              <1>     db 0x0a, 0x17, 0x00
    22 000093C8 0A1855              <1>     db 0x0a, 0x18, 0x55
    23 000093CB 0A1900              <1>     db 0x0a, 0x19, 0x00
    24 000093CE 0A1A61              <1>     db 0x0a, 0x1a, 0x61
    25 000093D1 0A1B00              <1>     db 0x0a, 0x1b, 0x00
    26 000093D4 0A1C00              <1>     db 0x0a, 0x1c, 0x00
    27 000093D7 0A1E00              <1>     db 0x0a, 0x1e, 0x00
    28 000093DA 0A200C              <1>     db 0x0a, 0x20, 0x0c
    29 000093DD 0A2102              <1>     db 0x0a, 0x21, 0x02
    30 000093E0 0A22DF              <1>     db 0x0a, 0x22, 0xdf
    31 000093E3 0A2301              <1>     db 0x0a, 0x23, 0x01
    32 000093E6 0A24DF              <1>     db 0x0a, 0x24, 0xdf
    33 000093E9 0A2501              <1>     db 0x0a, 0x25, 0x01
    34 000093EC 0A260C              <1>     db 0x0a, 0x26, 0x0c
    35 000093EF 0A2702              <1>     db 0x0a, 0x27, 0x02
    36 000093F2 0A28EA              <1>     db 0x0a, 0x28, 0xea
    37 000093F5 0A2901              <1>     db 0x0a, 0x29, 0x01
    38 000093F8 0A2AEC              <1>     db 0x0a, 0x2a, 0xec
    39 000093FB 0A2CFF              <1>     db 0x0a, 0x2c, 0xff
    40 000093FE 0A2DFF              <1>     db 0x0a, 0x2d, 0xff
    41 00009401 0A3600              <1>     db 0x0a, 0x36, 0x00
    42 00009404 0A4000              <1>     db 0x0a, 0x40, 0x00
    43 00009407 0A4100              <1>     db 0x0a, 0x41, 0x00
    44 0000940A 0A4200              <1>     db 0x0a, 0x42, 0x00
    45 0000940D 0A4350              <1>     db 0x0a, 0x43, 0x50
    46 00009410 0A4400              <1>     db 0x0a, 0x44, 0x00
    47 00009413 0A5400              <1>     db 0x0a, 0x54, 0x00
    48 00009416 0A5103              <1>     db 0x0a, 0x51, 0x03
    49 00009419 0A7000              <1>     db 0x0a, 0x70, 0x00
    50 0000941C 0A50C7              <1>     db 0x0a, 0x50, 0xc7
    51 0000941F 0A5500              <1>     db 0x0a, 0x55, 0x00
    52 00009422 0A6000              <1>     db 0x0a, 0x60, 0x00
    53 00009425 0A6100              <1>     db 0x0a, 0x61, 0x00
    54 00009428 0A6200              <1>     db 0x0a, 0x62, 0x00
    55 0000942B 0A6300              <1>     db 0x0a, 0x63, 0x00
    56 0000942E 0A64FF              <1>     db 0x0a, 0x64, 0xff
    57 00009431 FF0000              <1>     db 0xff, 0, 0
